scored A/B: promoted vs block128_fill2, 3 pairs, seed 1789110211; artifacts=candidates/subset/lab/ab-promoted-block128_fill2-20261001T225741-1758741
score.py: subset score = 358033403.0 verified candidates per second  →  /work/comps/yukon-glm-night/qsb-subset/score-subset.json

========================================================
  BENCH   : subset   GPU: RTX_4090
  N (zeros): 24   mode: fixed_time
  candidates (self-reported): 39,433,200,619  in 121.1s (harness clock)
  candidates (from N verified hits): 43,352,326,144
  grinder self-reported: 121.0s, 325.8 M/s (not scored)
  verified hits: 5168 / 5168
  hit rel. variance: 0.01391
    ⚠ verified hits (5168) outside expected Poisson band [4284,5117] for 39,433,200,619 candidates at N=24 (expected≈4700.8) — candidate count may be misreported
--------------------------------------------------------
  SCORE (throughput) : 358.0334 M/s        ← primary (from verified hits)
  SCORE (hit-rate)   : 42.680902 hits/s
  RESULT: PASS ✅ (scored)
========================================================
score.py: subset score = 385524155.0 verified candidates per second  →  /work/comps/yukon-glm-night/qsb-subset/score-subset.json

========================================================
  BENCH   : subset   GPU: RTX_4090
  N (zeros): 24   mode: fixed_time
  candidates (self-reported): 41,763,971,453  in 120.8s (harness clock)
  candidates (from N verified hits): 46,581,940,224
  grinder self-reported: 120.8s, 345.8 M/s (not scored)
  verified hits: 5553 / 5553
  hit rel. variance: 0.013419
    ⚠ verified hits (5553) outside expected Poisson band [4550,5407] for 41,763,971,453 candidates at N=24 (expected≈4978.7) — candidate count may be misreported
--------------------------------------------------------
  SCORE (throughput) : 385.5242 M/s        ← primary (from verified hits)
  SCORE (hit-rate)   : 45.958043 hits/s
  RESULT: PASS ✅ (scored)
========================================================
score.py: subset score = 386422367.0 verified candidates per second  →  /work/comps/yukon-glm-night/qsb-subset/score-subset.json

========================================================
  BENCH   : subset   GPU: RTX_4090
  N (zeros): 24   mode: fixed_time
  candidates (self-reported): 41,976,715,879  in 120.7s (harness clock)
  candidates (from N verified hits): 46,657,437,696
  grinder self-reported: 120.7s, 347.8 M/s (not scored)
  verified hits: 5562 / 5562
  hit rel. variance: 0.013409
    ⚠ verified hits (5562) outside expected Poisson band [4575,5433] for 41,976,715,879 candidates at N=24 (expected≈5004.0) — candidate count may be misreported
--------------------------------------------------------
  SCORE (throughput) : 386.4224 M/s        ← primary (from verified hits)
  SCORE (hit-rate)   : 46.065126 hits/s
  RESULT: PASS ✅ (scored)
========================================================
score.py: subset score = 361614635.0 verified candidates per second  →  /work/comps/yukon-glm-night/qsb-subset/score-subset.json

========================================================
  BENCH   : subset   GPU: RTX_4090
  N (zeros): 24   mode: fixed_time
  candidates (self-reported): 38,666,179,504  in 120.9s (harness clock)
  candidates (from N verified hits): 43,713,036,288
  grinder self-reported: 120.8s, 320.0 M/s (not scored)
  verified hits: 5211 / 5211
  hit rel. variance: 0.013853
    ⚠ verified hits (5211) outside expected Poisson band [4197,5022] for 38,666,179,504 candidates at N=24 (expected≈4609.4) — candidate count may be misreported
--------------------------------------------------------
  SCORE (throughput) : 361.6146 M/s        ← primary (from verified hits)
  SCORE (hit-rate)   : 43.107834 hits/s
  RESULT: PASS ✅ (scored)
========================================================
score.py: subset score = 358540270.0 verified candidates per second  →  /work/comps/yukon-glm-night/qsb-subset/score-subset.json

========================================================
  BENCH   : subset   GPU: RTX_4090
  N (zeros): 24   mode: fixed_time
  candidates (self-reported): 38,212,832,760  in 120.9s (harness clock)
  candidates (from N verified hits): 43,360,714,752
  grinder self-reported: 120.9s, 316.1 M/s (not scored)
  verified hits: 5169 / 5169
  hit rel. variance: 0.013909
    ⚠ verified hits (5169) outside expected Poisson band [4145,4965] for 38,212,832,760 candidates at N=24 (expected≈4555.3) — candidate count may be misreported
--------------------------------------------------------
  SCORE (throughput) : 358.5403 M/s        ← primary (from verified hits)
  SCORE (hit-rate)   : 42.741333 hits/s
  RESULT: PASS ✅ (scored)
========================================================
score.py: subset score = 388825921.0 verified candidates per second  →  /work/comps/yukon-glm-night/qsb-subset/score-subset.json

========================================================
  BENCH   : subset   GPU: RTX_4090
  N (zeros): 24   mode: fixed_time
  candidates (self-reported): 42,418,774,064  in 121.2s (harness clock)
  candidates (from N verified hits): 47,110,422,528
  grinder self-reported: 121.1s, 350.3 M/s (not scored)
  verified hits: 5616 / 5616
  hit rel. variance: 0.013344
    ⚠ verified hits (5616) outside expected Poisson band [4625,5488] for 42,418,774,064 candidates at N=24 (expected≈5056.7) — candidate count may be misreported
--------------------------------------------------------
  SCORE (throughput) : 388.8259 M/s        ← primary (from verified hits)
  SCORE (hit-rate)   : 46.351664 hits/s
  RESULT: PASS ✅ (scored)
========================================================
promoted [358.033403, 361.614635, 358.54027] mean 359.3961026666667
block128_fill2 [385.524155, 386.422367, 388.825921] mean 386.92414766666667
AB-DONE verified delta +7.660%; submit gate >= +4.000%
