scored A/B: block128_fill2 vs block128_inplace, 1 pairs, seed 1789110211; artifacts=candidates/subset/lab/ab-block128_fill2-block128_inplace-20261001T232712-1914155
  → /work/comps/yukon-glm-night/qsb-subset/benchmark-results/run-subset.json: 343.5M/s, 41,489,355,649 candidates, 5308 hits
score.py: subset score = 368425570.0 verified candidates per second  →  /work/comps/yukon-glm-night/qsb-subset/score-subset.json

========================================================
  BENCH   : subset   GPU: RTX_4090
  N (zeros): 24   mode: fixed_time
  candidates (self-reported): 41,489,355,649  in 120.9s (harness clock)
  candidates (from N verified hits): 44,526,731,264
  grinder self-reported: 120.8s, 343.5 M/s (not scored)
  verified hits: 5308 / 5308
  hit rel. variance: 0.013726
--------------------------------------------------------
  SCORE (throughput) : 368.4256 M/s        ← primary (from verified hits)
  SCORE (hit-rate)   : 43.919746 hits/s
  RESULT: PASS ✅ (scored)
========================================================
score.py: subset score = 383169787.0 verified candidates per second  →  /work/comps/yukon-glm-night/qsb-subset/score-subset.json

========================================================
  BENCH   : subset   GPU: RTX_4090
  N (zeros): 24   mode: fixed_time
  candidates (self-reported): 41,682,871,928  in 120.9s (harness clock)
  candidates (from N verified hits): 46,313,504,768
  grinder self-reported: 120.8s, 345.0 M/s (not scored)
  verified hits: 5521 / 5521
  hit rel. variance: 0.013458
    ⚠ verified hits (5521) outside expected Poisson band [4541,5397] for 41,682,871,928 candidates at N=24 (expected≈4969.0) — candidate count may be misreported
--------------------------------------------------------
  SCORE (throughput) : 383.1698 M/s        ← primary (from verified hits)
  SCORE (hit-rate)   : 45.677401 hits/s
  RESULT: PASS ✅ (scored)
========================================================
block128_fill2 [368.42557] mean 368.42557
block128_inplace [383.169787] mean 383.169787
AB-DONE verified delta +4.002%; submit gate >= +4.000%
