benchmark.sh: benches=subset N=24 mode=fixed_time grinder=cmd:python3 harness/gpu_wrap.py --src /work/tmp/qsb-it5-alias.9wkX76/candidates/subset/lab/n24L_center.cu seed=1789110211
benchmark.sh: === subset ===
  pinning: /work/comps/yukon-glm-night/qsb-subset/benchmark-results/problem/pinning.json  +  pinning.bin (219 bytes)  preimage=9995B
  subset: /work/comps/yukon-glm-night/qsb-subset/benchmark-results/problem/subset.json  +  subset.bin (1956 bytes)  preimage=9906B
problems generated (synthetic, seed=1789110211 — no real coin material)
▶ grinder: python3 harness/gpu_wrap.py --src /work/tmp/qsb-it5-alias.9wkX76/candidates/subset/lab/n24L_center.cu --bench subset --zeros 24 --mode fixed_time --out /work/comps/yukon-glm-night/qsb-subset/benchmark-results/run-subset.json --seconds 60.0 --hits 200
  compile: reusing /work/tmp/qsb-it5-alias.9wkX76/candidates/subset/lab/n24L_center (already built for N=24)
  run: stdbuf -oL timeout 60 /work/tmp/qsb-it5-alias.9wkX76/candidates/subset/lab/n24L_center /work/comps/yukon-glm-night/qsb-subset/benchmark-results/problem/subset.bin 0 4081224 970060878 1 0 single_hash
  → /work/comps/yukon-glm-night/qsb-subset/benchmark-results/run-subset.json: 351.5M/s, 21,511,614,390 candidates, 2826 hits
score.py: subset score = 387082427.0 verified candidates per second  →  /work/comps/yukon-glm-night/qsb-subset/score-subset.json

========================================================
  BENCH   : subset   GPU: RTX_4090
  N (zeros): 24   mode: fixed_time
  candidates (self-reported): 21,511,614,390  in 61.2s (harness clock)
  candidates (from N verified hits): 23,706,206,208
  grinder self-reported: 61.2s, 351.5 M/s (not scored)
  verified hits: 2826 / 2826
  hit rel. variance: 0.018811
--------------------------------------------------------
  SCORE (throughput) : 387.0824 M/s        ← primary (from verified hits)
  SCORE (hit-rate)   : 46.143823 hits/s
  RESULT: PASS ✅ (scored)
========================================================
