scored A/B: block128 vs block128_lb3, 1 pairs, seed 1789110211; artifacts=candidates/subset/lab/ab-block128-block128_lb3-20261001T231346-1843104
score.py: subset score = 388347232.0 verified candidates per second  →  /work/comps/yukon-glm-night/qsb-subset/score-subset.json

========================================================
  BENCH   : subset   GPU: RTX_4090
  N (zeros): 24   mode: fixed_time
  candidates (self-reported): 42,175,614,489  in 120.6s (harness clock)
  candidates (from N verified hits): 46,841,987,072
  grinder self-reported: 120.6s, 349.8 M/s (not scored)
  verified hits: 5584 / 5584
  hit rel. variance: 0.013382
    ⚠ verified hits (5584) outside expected Poisson band [4597,5458] for 42,175,614,489 candidates at N=24 (expected≈5027.7) — candidate count may be misreported
--------------------------------------------------------
  SCORE (throughput) : 388.3472 M/s        ← primary (from verified hits)
  SCORE (hit-rate)   : 46.294607 hits/s
  RESULT: PASS ✅ (scored)
========================================================
score.py: subset score = 327718132.0 verified candidates per second  →  /work/comps/yukon-glm-night/qsb-subset/score-subset.json

========================================================
  BENCH   : subset   GPU: RTX_4090
  N (zeros): 24   mode: fixed_time
  candidates (self-reported): 35,374,251,349  in 120.5s (harness clock)
  candidates (from N verified hits): 39,501,955,072
  grinder self-reported: 120.5s, 293.6 M/s (not scored)
  verified hits: 4709 / 4709
  hit rel. variance: 0.014573
    ⚠ verified hits (4709) outside expected Poisson band [3822,4612] for 35,374,251,349 candidates at N=24 (expected≈4216.9) — candidate count may be misreported
--------------------------------------------------------
  SCORE (throughput) : 327.7181 M/s        ← primary (from verified hits)
  SCORE (hit-rate)   : 39.067037 hits/s
  RESULT: PASS ✅ (scored)
========================================================
block128 [388.347232] mean 388.347232
block128_lb3 [327.718132] mean 327.718132
AB-DONE verified delta -15.612%; submit gate >= +4.000%
