benchmark.sh: benches=subset N=24 mode=fixed_time grinder=cmd:python3 harness/gpu_wrap.py --src /work/tmp/qsb-it4-den-final.y89nXT/candidates/subset/lab/n24L_denfinal.cu seed=1789110211
benchmark.sh: === subset ===
  pinning: /work/comps/yukon-glm-night/qsb-subset/benchmark-results/problem/pinning.json  +  pinning.bin (219 bytes)  preimage=9995B
  subset: /work/comps/yukon-glm-night/qsb-subset/benchmark-results/problem/subset.json  +  subset.bin (1956 bytes)  preimage=9906B
problems generated (synthetic, seed=1789110211 — no real coin material)
▶ grinder: python3 harness/gpu_wrap.py --src /work/tmp/qsb-it4-den-final.y89nXT/candidates/subset/lab/n24L_denfinal.cu --bench subset --zeros 24 --mode fixed_time --out /work/comps/yukon-glm-night/qsb-subset/benchmark-results/run-subset.json --seconds 30.0 --hits 200
  compile: reusing /work/tmp/qsb-it4-den-final.y89nXT/candidates/subset/lab/n24L_denfinal (already built for N=24)
  run: stdbuf -oL timeout 30 /work/tmp/qsb-it4-den-final.y89nXT/candidates/subset/lab/n24L_denfinal /work/comps/yukon-glm-night/qsb-subset/benchmark-results/problem/subset.bin 0 4081224 970060878 1 0 single_hash
  → /work/comps/yukon-glm-night/qsb-subset/benchmark-results/run-subset.json: 350.0M/s, 10,988,386,344 candidates, 1457 hits
score.py: subset score = 388806294.0 verified candidates per second  →  /work/comps/yukon-glm-night/qsb-subset/score-subset.json

========================================================
  BENCH   : subset   GPU: RTX_4090
  N (zeros): 24   mode: fixed_time
  candidates (self-reported): 10,988,386,344  in 31.4s (harness clock)
  candidates (from N verified hits): 12,222,201,856
  grinder self-reported: 31.4s, 350.0 M/s (not scored)
  verified hits: 1457 / 1457
  hit rel. variance: 0.026198
--------------------------------------------------------
  SCORE (throughput) : 388.8063 M/s        ← primary (from verified hits)
  SCORE (hit-rate)   : 46.349315 hits/s
  RESULT: PASS ✅ (scored)
========================================================
