scored A/B: block128 vs block128_tu, 1 pairs, seed 1789110211; artifacts=candidates/subset/lab/ab-block128-block128_tu-20261001T230010-1772732
score.py: subset score = 382593006.0 verified candidates per second  →  /work/comps/yukon-glm-night/qsb-subset/score-subset.json

========================================================
  BENCH   : subset   GPU: RTX_4090
  N (zeros): 24   mode: fixed_time
  candidates (self-reported): 41,811,995,945  in 120.5s (harness clock)
  candidates (from N verified hits): 46,120,566,784
  grinder self-reported: 120.5s, 347.0 M/s (not scored)
  verified hits: 5498 / 5498
  hit rel. variance: 0.013486
    ⚠ verified hits (5498) outside expected Poisson band [4556,5413] for 41,811,995,945 candidates at N=24 (expected≈4984.4) — candidate count may be misreported
--------------------------------------------------------
  SCORE (throughput) : 382.5930 M/s        ← primary (from verified hits)
  SCORE (hit-rate)   : 45.608653 hits/s
  RESULT: PASS ✅ (scored)
========================================================
score.py: subset score = 383933575.0 verified candidates per second  →  /work/comps/yukon-glm-night/qsb-subset/score-subset.json

========================================================
  BENCH   : subset   GPU: RTX_4090
  N (zeros): 24   mode: fixed_time
  candidates (self-reported): 41,910,271,457  in 120.6s (harness clock)
  candidates (from N verified hits): 46,296,727,552
  grinder self-reported: 120.5s, 347.7 M/s (not scored)
  verified hits: 5519 / 5519
  hit rel. variance: 0.013461
    ⚠ verified hits (5519) outside expected Poisson band [4567,5425] for 41,910,271,457 candidates at N=24 (expected≈4996.1) — candidate count may be misreported
--------------------------------------------------------
  SCORE (throughput) : 383.9336 M/s        ← primary (from verified hits)
  SCORE (hit-rate)   : 45.768431 hits/s
  RESULT: PASS ✅ (scored)
========================================================
block128 [382.593006] mean 382.593006
block128_tu [383.933575] mean 383.933575
AB-DONE verified delta +0.350%; submit gate >= +4.000%
