benchmark.sh: benches=subset N=24 mode=fixed_time grinder=cmd:python3 harness/gpu_wrap.py --src /work/tmp/qsb-it5-combo-trim.hdGXTZ/candidates/subset/lab/n24L_trimcombo.cu seed=1789110211
benchmark.sh: === subset ===
  pinning: /work/comps/yukon-glm-night/qsb-subset/benchmark-results/problem/pinning.json  +  pinning.bin (219 bytes)  preimage=9995B
  subset: /work/comps/yukon-glm-night/qsb-subset/benchmark-results/problem/subset.json  +  subset.bin (1956 bytes)  preimage=9906B
problems generated (synthetic, seed=1789110211 — no real coin material)
▶ grinder: python3 harness/gpu_wrap.py --src /work/tmp/qsb-it5-combo-trim.hdGXTZ/candidates/subset/lab/n24L_trimcombo.cu --bench subset --zeros 24 --mode fixed_time --out /work/comps/yukon-glm-night/qsb-subset/benchmark-results/run-subset.json --seconds 120.0 --hits 200
  compile: reusing /work/tmp/qsb-it5-combo-trim.hdGXTZ/candidates/subset/lab/n24L_trimcombo (already built for N=24)
  run: stdbuf -oL timeout 120 /work/tmp/qsb-it5-combo-trim.hdGXTZ/candidates/subset/lab/n24L_trimcombo /work/comps/yukon-glm-night/qsb-subset/benchmark-results/problem/subset.bin 0 4081224 970060878 1 0 single_hash
  → /work/comps/yukon-glm-night/qsb-subset/benchmark-results/run-subset.json: 348.1M/s, 42,281,796,001 candidates, 5709 hits
score.py: subset score = 394115136.0 verified candidates per second  →  /work/comps/yukon-glm-night/qsb-subset/score-subset.json

========================================================
  BENCH   : subset   GPU: RTX_4090
  N (zeros): 24   mode: fixed_time
  candidates (self-reported): 42,281,796,001  in 121.5s (harness clock)
  candidates (from N verified hits): 47,890,563,072
  grinder self-reported: 121.5s, 348.1 M/s (not scored)
  verified hits: 5709 / 5709
  hit rel. variance: 0.013235
    ⚠ verified hits (5709) outside expected Poisson band [4609,5471] for 42,281,796,001 candidates at N=24 (expected≈5040.4) — candidate count may be misreported
--------------------------------------------------------
  SCORE (throughput) : 394.1151 M/s        ← primary (from verified hits)
  SCORE (hit-rate)   : 46.982202 hits/s
  RESULT: PASS ✅ (scored)
========================================================
