scored A/B: promoted vs block128, 3 pairs, seed 1789110211; artifacts=candidates/subset/lab/ab-promoted-block128-20261001T222116-1533876
  → /work/comps/yukon-glm-night/qsb-subset/benchmark-results/run-subset.json: 292.1M/s, 35,392,475,468 candidates, 4586 hits
score.py: subset score = 317379041.0 verified candidates per second  →  /work/comps/yukon-glm-night/qsb-subset/score-subset.json

========================================================
  BENCH   : subset   GPU: RTX_4090
  N (zeros): 24   mode: fixed_time
  candidates (self-reported): 35,392,475,468  in 121.2s (harness clock)
  candidates (from N verified hits): 38,470,156,288
  grinder self-reported: 121.2s, 292.1 M/s (not scored)
  verified hits: 4586 / 4586
  hit rel. variance: 0.014767
--------------------------------------------------------
  SCORE (throughput) : 317.3790 M/s        ← primary (from verified hits)
  SCORE (hit-rate)   : 37.834538 hits/s
  RESULT: PASS ✅ (scored)
========================================================
score.py: subset score = 344324586.0 verified candidates per second  →  /work/comps/yukon-glm-night/qsb-subset/score-subset.json

========================================================
  BENCH   : subset   GPU: RTX_4090
  N (zeros): 24   mode: fixed_time
  candidates (self-reported): 37,322,745,943  in 120.7s (harness clock)
  candidates (from N verified hits): 41,565,552,640
  grinder self-reported: 120.7s, 309.3 M/s (not scored)
  verified hits: 4955 / 4955
  hit rel. variance: 0.014206
    ⚠ verified hits (4955) outside expected Poisson band [4044,4854] for 37,322,745,943 candidates at N=24 (expected≈4449.2) — candidate count may be misreported
--------------------------------------------------------
  SCORE (throughput) : 344.3246 M/s        ← primary (from verified hits)
  SCORE (hit-rate)   : 41.046686 hits/s
  RESULT: PASS ✅ (scored)
========================================================
score.py: subset score = 335292389.0 verified candidates per second  →  /work/comps/yukon-glm-night/qsb-subset/score-subset.json

========================================================
  BENCH   : subset   GPU: RTX_4090
  N (zeros): 24   mode: fixed_time
  candidates (self-reported): 37,002,853,514  in 120.5s (harness clock)
  candidates (from N verified hits): 40,416,313,344
  grinder self-reported: 120.5s, 307.1 M/s (not scored)
  verified hits: 4818 / 4818
  hit rel. variance: 0.014407
    ⚠ verified hits (4818) outside expected Poisson band [4008,4815] for 37,002,853,514 candidates at N=24 (expected≈4411.1) — candidate count may be misreported
--------------------------------------------------------
  SCORE (throughput) : 335.2924 M/s        ← primary (from verified hits)
  SCORE (hit-rate)   : 39.969969 hits/s
  RESULT: PASS ✅ (scored)
========================================================
  → /work/comps/yukon-glm-night/qsb-subset/benchmark-results/run-subset.json: 283.7M/s, 34,280,966,754 candidates, 4470 hits
score.py: subset score = 310195276.0 verified candidates per second  →  /work/comps/yukon-glm-night/qsb-subset/score-subset.json

========================================================
  BENCH   : subset   GPU: RTX_4090
  N (zeros): 24   mode: fixed_time
  candidates (self-reported): 34,280,966,754  in 120.9s (harness clock)
  candidates (from N verified hits): 37,497,077,760
  grinder self-reported: 120.8s, 283.7 M/s (not scored)
  verified hits: 4470 / 4470
  hit rel. variance: 0.014957
--------------------------------------------------------
  SCORE (throughput) : 310.1953 M/s        ← primary (from verified hits)
  SCORE (hit-rate)   : 36.978149 hits/s
  RESULT: PASS ✅ (scored)
========================================================
score.py: subset score = 315001493.0 verified candidates per second  →  /work/comps/yukon-glm-night/qsb-subset/score-subset.json

========================================================
  BENCH   : subset   GPU: RTX_4090
  N (zeros): 24   mode: fixed_time
  candidates (self-reported): 33,502,889,136  in 121.1s (harness clock)
  candidates (from N verified hits): 38,143,000,576
  grinder self-reported: 121.0s, 276.8 M/s (not scored)
  verified hits: 4547 / 4547
  hit rel. variance: 0.01483
    ⚠ verified hits (4547) outside expected Poisson band [3610,4378] for 33,502,889,136 candidates at N=24 (expected≈3993.9) — candidate count may be misreported
--------------------------------------------------------
  SCORE (throughput) : 315.0015 M/s        ← primary (from verified hits)
  SCORE (hit-rate)   : 37.551109 hits/s
  RESULT: PASS ✅ (scored)
========================================================
  → /work/comps/yukon-glm-night/qsb-subset/benchmark-results/run-subset.json: 301.9M/s, 36,400,123,431 candidates, 4706 hits
score.py: subset score = 327267847.0 verified candidates per second  →  /work/comps/yukon-glm-night/qsb-subset/score-subset.json

========================================================
  BENCH   : subset   GPU: RTX_4090
  N (zeros): 24   mode: fixed_time
  candidates (self-reported): 36,400,123,431  in 120.6s (harness clock)
  candidates (from N verified hits): 39,476,789,248
  grinder self-reported: 120.6s, 301.9 M/s (not scored)
  verified hits: 4706 / 4706
  hit rel. variance: 0.014577
--------------------------------------------------------
  SCORE (throughput) : 327.2678 M/s        ← primary (from verified hits)
  SCORE (hit-rate)   : 39.013374 hits/s
  RESULT: PASS ✅ (scored)
========================================================
promoted [317.379041, 310.195276, 315.001493] mean 314.19193666666666
block128 [344.324586, 335.292389, 327.267847] mean 335.62827400000003
AB-DONE verified delta +6.823%; submit gate >= +4.000%
