benchmark.sh: benches=subset N=24 mode=fixed_time grinder=cmd:python3 harness/gpu_wrap.py --src candidates/subset/lab/n24L_iter9leader.cu seed=1789110211
benchmark.sh: === subset ===
  pinning: /work/comps/yukon-glm-night/qsb-subset/benchmark-results/problem/pinning.json  +  pinning.bin (219 bytes)  preimage=9995B
  subset: /work/comps/yukon-glm-night/qsb-subset/benchmark-results/problem/subset.json  +  subset.bin (1956 bytes)  preimage=9906B
problems generated (synthetic, seed=1789110211 — no real coin material)
▶ grinder: python3 harness/gpu_wrap.py --src candidates/subset/lab/n24L_iter9leader.cu --bench subset --zeros 24 --mode fixed_time --out /work/comps/yukon-glm-night/qsb-subset/benchmark-results/run-subset.json --seconds 120.0 --hits 200
  compile: reusing /work/comps/yukon-glm-night/qsb-subset/candidates/subset/lab/n24L_iter9leader (already built for N=24)
  run: stdbuf -oL timeout 120 /work/comps/yukon-glm-night/qsb-subset/candidates/subset/lab/n24L_iter9leader /work/comps/yukon-glm-night/qsb-subset/benchmark-results/problem/subset.bin 0 4081224 970060878 1 0 single_hash
  → /work/comps/yukon-glm-night/qsb-subset/benchmark-results/run-subset.json: 327.1M/s, 39,595,998,707 candidates, 5426 hits
score.py: subset score = 375853448.0 verified candidates per second  →  /work/comps/yukon-glm-night/qsb-subset/score-subset.json

========================================================
  BENCH   : subset   GPU: RTX_4090
  N (zeros): 24   mode: fixed_time
  candidates (self-reported): 39,595,998,707  in 121.1s (harness clock)
  candidates (from N verified hits): 45,516,587,008
  grinder self-reported: 121.1s, 327.1 M/s (not scored)
  verified hits: 5426 / 5426
  hit rel. variance: 0.013576
    ⚠ verified hits (5426) outside expected Poisson band [4303,5137] for 39,595,998,707 candidates at N=24 (expected≈4720.2) — candidate count may be misreported
--------------------------------------------------------
  SCORE (throughput) : 375.8534 M/s        ← primary (from verified hits)
  SCORE (hit-rate)   : 44.805206 hits/s
  RESULT: PASS ✅ (scored)
========================================================
