benchmark.sh: benches=subset N=24 mode=fixed_time grinder=cmd:python3 harness/gpu_wrap.py --src candidates/subset/lab/n24L_iter9leader.cu seed=1789110211
benchmark.sh: === subset ===
  pinning: /work/comps/yukon-glm-night/qsb-subset/benchmark-results/problem/pinning.json  +  pinning.bin (219 bytes)  preimage=9995B
  subset: /work/comps/yukon-glm-night/qsb-subset/benchmark-results/problem/subset.json  +  subset.bin (1956 bytes)  preimage=9906B
problems generated (synthetic, seed=1789110211 — no real coin material)
▶ grinder: python3 harness/gpu_wrap.py --src candidates/subset/lab/n24L_iter9leader.cu --bench subset --zeros 24 --mode fixed_time --out /work/comps/yukon-glm-night/qsb-subset/benchmark-results/run-subset.json --seconds 120.0 --hits 200
  compile: reusing /work/comps/yukon-glm-night/qsb-subset/candidates/subset/lab/n24L_iter9leader (already built for N=24)
  run: stdbuf -oL timeout 120 /work/comps/yukon-glm-night/qsb-subset/candidates/subset/lab/n24L_iter9leader /work/comps/yukon-glm-night/qsb-subset/benchmark-results/problem/subset.bin 0 4081224 970060878 1 0 single_hash
  → /work/comps/yukon-glm-night/qsb-subset/benchmark-results/run-subset.json: 313.5M/s, 37,939,799,742 candidates, 5230 hits
score.py: subset score = 362365177.0 verified candidates per second  →  /work/comps/yukon-glm-night/qsb-subset/score-subset.json

========================================================
  BENCH   : subset   GPU: RTX_4090
  N (zeros): 24   mode: fixed_time
  candidates (self-reported): 37,939,799,742  in 121.1s (harness clock)
  candidates (from N verified hits): 43,872,419,840
  grinder self-reported: 121.0s, 313.5 M/s (not scored)
  verified hits: 5230 / 5230
  hit rel. variance: 0.013828
    ⚠ verified hits (5230) outside expected Poisson band [4114,4931] for 37,939,799,742 candidates at N=24 (expected≈4522.8) — candidate count may be misreported
--------------------------------------------------------
  SCORE (throughput) : 362.3652 M/s        ← primary (from verified hits)
  SCORE (hit-rate)   : 43.197294 hits/s
  RESULT: PASS ✅ (scored)
========================================================
