  pinning: /mnt/d/kongtaoxing/qsb-subset/candidates/subset/research/split_pipeline/output-candidate_large-d/problems/pinning.json  +  pinning.bin (219 bytes)  preimage=9995B
  subset: /mnt/d/kongtaoxing/qsb-subset/candidates/subset/research/split_pipeline/output-candidate_large-d/problems/subset.json  +  subset.bin (1956 bytes)  preimage=9906B
problems generated (synthetic, seed=2026092501 — no real coin material)
▶ grinder: python3 /mnt/d/kongtaoxing/qsb-subset/candidates/subset/research/stage_profile/capture.py --src /mnt/d/kongtaoxing/qsb-subset/candidates/subset/research/split_pipeline/candidate_large.cu --no-build --bench subset --zeros 24 --mode fixed_time --out /mnt/d/kongtaoxing/qsb-subset/candidates/subset/research/split_pipeline/output-candidate_large-d/run.json --seconds 60.0 --hits 200
  compile: reusing /mnt/d/kongtaoxing/qsb-subset/candidates/subset/research/split_pipeline/candidate_large (already built for N=24)
  run: stdbuf -oL timeout 60 /mnt/d/kongtaoxing/qsb-subset/candidates/subset/research/split_pipeline/candidate_large /mnt/d/kongtaoxing/qsb-subset/candidates/subset/research/split_pipeline/output-candidate_large-d/problems/subset.bin 0 279549145 2399405719 1 0 single_hash
  → /mnt/d/kongtaoxing/qsb-subset/candidates/subset/research/split_pipeline/output-candidate_large-d/run.json: 249.3M/s, 14,982,668,450 candidates, 1772 hits

========================================================
  BENCH   : subset   GPU: RTX_4090
  N (zeros): 24   mode: fixed_time
  candidates (self-reported): 14,982,668,450  in 60.2s (harness clock)
  candidates (from N verified hits): 14,864,613,376
  grinder self-reported: 60.1s, 249.3 M/s (not scored)
  verified hits: 1772 / 1772
  hit rel. variance: 0.023756
--------------------------------------------------------
  SCORE (throughput) : 246.9777 M/s        ← primary (from verified hits)
  SCORE (hit-rate)   : 29.442063 hits/s
  RESULT: PASS ✅ (scored)
========================================================
