  pinning: /mnt/d/kongtaoxing/qsb-subset/candidates/subset/research/split_fused_tail/output-candidate-b/problems/pinning.json  +  pinning.bin (219 bytes)  preimage=9995B
  subset: /mnt/d/kongtaoxing/qsb-subset/candidates/subset/research/split_fused_tail/output-candidate-b/problems/subset.json  +  subset.bin (1956 bytes)  preimage=9906B
problems generated (synthetic, seed=2026092501 — no real coin material)
▶ grinder: python3 /mnt/d/kongtaoxing/qsb-subset/candidates/subset/research/stage_profile/capture.py --src /mnt/d/kongtaoxing/qsb-subset/candidates/subset/research/split_fused_tail/candidate.cu --no-build --bench subset --zeros 24 --mode fixed_time --out /mnt/d/kongtaoxing/qsb-subset/candidates/subset/research/split_fused_tail/output-candidate-b/run.json --seconds 60.0 --hits 200
  compile: reusing /mnt/d/kongtaoxing/qsb-subset/candidates/subset/research/split_fused_tail/candidate (already built for N=24)
  run: stdbuf -oL timeout 60 /mnt/d/kongtaoxing/qsb-subset/candidates/subset/research/split_fused_tail/candidate /mnt/d/kongtaoxing/qsb-subset/candidates/subset/research/split_fused_tail/output-candidate-b/problems/subset.bin 0 279549145 2399405719 1 0 single_hash
  → /mnt/d/kongtaoxing/qsb-subset/candidates/subset/research/split_fused_tail/output-candidate-b/run.json: 245.0M/s, 14,724,137,818 candidates, 1683 hits

========================================================
  BENCH   : subset   GPU: RTX_4090
  N (zeros): 24   mode: fixed_time
  candidates (self-reported): 14,724,137,818  in 60.2s (harness clock)
  candidates (from N verified hits): 14,118,027,264
  grinder self-reported: 60.1s, 245.0 M/s (not scored)
  verified hits: 1683 / 1683
  hit rel. variance: 0.024376
--------------------------------------------------------
  SCORE (throughput) : 234.6156 M/s        ← primary (from verified hits)
  SCORE (hit-rate)   : 27.968379 hits/s
  RESULT: PASS ✅ (scored)
========================================================
