benchmark.sh: benches=subset N=24 mode=fixed_time grinder=cmd:python3 harness/gpu_wrap.py --src /work/tmp/qsb-it5-combined-final.wh8dSx/candidates/subset/lab/n24L_center.cu seed=1789110211
benchmark.sh: === subset ===
  pinning: /work/comps/yukon-glm-night/qsb-subset/benchmark-results/problem/pinning.json  +  pinning.bin (219 bytes)  preimage=9995B
  subset: /work/comps/yukon-glm-night/qsb-subset/benchmark-results/problem/subset.json  +  subset.bin (1956 bytes)  preimage=9906B
problems generated (synthetic, seed=1789110211 — no real coin material)
▶ grinder: python3 harness/gpu_wrap.py --src /work/tmp/qsb-it5-combined-final.wh8dSx/candidates/subset/lab/n24L_center.cu --bench subset --zeros 24 --mode fixed_time --out /work/comps/yukon-glm-night/qsb-subset/benchmark-results/run-subset.json --seconds 120.0 --hits 200
  compile: reusing /work/tmp/qsb-it5-combined-final.wh8dSx/candidates/subset/lab/n24L_center (already built for N=24)
  run: stdbuf -oL timeout 120 /work/tmp/qsb-it5-combined-final.wh8dSx/candidates/subset/lab/n24L_center /work/comps/yukon-glm-night/qsb-subset/benchmark-results/problem/subset.bin 0 4081224 970060878 1 0 single_hash
  → /work/comps/yukon-glm-night/qsb-subset/benchmark-results/run-subset.json: 350.4M/s, 42,449,960,287 candidates, 5898 hits
score.py: subset score = 408239940.0 verified candidates per second  →  /work/comps/yukon-glm-night/qsb-subset/score-subset.json

========================================================
  BENCH   : subset   GPU: RTX_4090
  N (zeros): 24   mode: fixed_time
  candidates (self-reported): 42,449,960,287  in 121.2s (harness clock)
  candidates (from N verified hits): 49,476,009,984
  grinder self-reported: 121.1s, 350.4 M/s (not scored)
  verified hits: 5898 / 5898
  hit rel. variance: 0.013021
    ⚠ verified hits (5898) outside expected Poisson band [4629,5492] for 42,449,960,287 candidates at N=24 (expected≈5060.4) — candidate count may be misreported
--------------------------------------------------------
  SCORE (throughput) : 408.2399 M/s        ← primary (from verified hits)
  SCORE (hit-rate)   : 48.665976 hits/s
  RESULT: PASS ✅ (scored)
========================================================
