benchmark.sh: benches=subset N=24 mode=fixed_time grinder=cmd:python3 harness/gpu_wrap.py --src candidates/subset/lab/n24L_centerfused.cu seed=1789110211
benchmark.sh: === subset ===
  pinning: /work/comps/yukon-glm-night/qsb-subset/benchmark-results/problem/pinning.json  +  pinning.bin (219 bytes)  preimage=9995B
  subset: /work/comps/yukon-glm-night/qsb-subset/benchmark-results/problem/subset.json  +  subset.bin (1956 bytes)  preimage=9906B
problems generated (synthetic, seed=1789110211 — no real coin material)
▶ grinder: python3 harness/gpu_wrap.py --src candidates/subset/lab/n24L_centerfused.cu --bench subset --zeros 24 --mode fixed_time --out /work/comps/yukon-glm-night/qsb-subset/benchmark-results/run-subset.json --seconds 120.0 --hits 200
  compile: reusing /work/comps/yukon-glm-night/qsb-subset/candidates/subset/lab/n24L_centerfused (already built for N=24)
  run: stdbuf -oL timeout 120 /work/comps/yukon-glm-night/qsb-subset/candidates/subset/lab/n24L_centerfused /work/comps/yukon-glm-night/qsb-subset/benchmark-results/problem/subset.bin 0 4081224 970060878 1 0 single_hash
  → /work/comps/yukon-glm-night/qsb-subset/benchmark-results/run-subset.json: 348.7M/s, 42,384,668,715 candidates, 5800 hits
score.py: subset score = 400125573.0 verified candidates per second  →  /work/comps/yukon-glm-night/qsb-subset/score-subset.json

========================================================
  BENCH   : subset   GPU: RTX_4090
  N (zeros): 24   mode: fixed_time
  candidates (self-reported): 42,384,668,715  in 121.6s (harness clock)
  candidates (from N verified hits): 48,653,926,400
  grinder self-reported: 121.6s, 348.7 M/s (not scored)
  verified hits: 5800 / 5800
  hit rel. variance: 0.013131
    ⚠ verified hits (5800) outside expected Poisson band [4621,5484] for 42,384,668,715 candidates at N=24 (expected≈5052.6) — candidate count may be misreported
--------------------------------------------------------
  SCORE (throughput) : 400.1256 M/s        ← primary (from verified hits)
  SCORE (hit-rate)   : 47.698702 hits/s
  RESULT: PASS ✅ (scored)
========================================================
