  pinning: /mnt/d/kongtaoxing/qsb-subset/candidates/subset/research/split_tail_occupancy/output-candidate-c/problems/pinning.json  +  pinning.bin (219 bytes)  preimage=9995B
  subset: /mnt/d/kongtaoxing/qsb-subset/candidates/subset/research/split_tail_occupancy/output-candidate-c/problems/subset.json  +  subset.bin (1956 bytes)  preimage=9906B
problems generated (synthetic, seed=2026092501 — no real coin material)
▶ grinder: python3 /mnt/d/kongtaoxing/qsb-subset/candidates/subset/research/stage_profile/capture.py --src /mnt/d/kongtaoxing/qsb-subset/candidates/subset/research/split_tail_occupancy/candidate.cu --no-build --bench subset --zeros 24 --mode fixed_time --out /mnt/d/kongtaoxing/qsb-subset/candidates/subset/research/split_tail_occupancy/output-candidate-c/run.json --seconds 60.0 --hits 200
  compile: reusing /mnt/d/kongtaoxing/qsb-subset/candidates/subset/research/split_tail_occupancy/candidate (already built for N=24)
  run: stdbuf -oL timeout 60 /mnt/d/kongtaoxing/qsb-subset/candidates/subset/research/split_tail_occupancy/candidate /mnt/d/kongtaoxing/qsb-subset/candidates/subset/research/split_tail_occupancy/output-candidate-c/problems/subset.bin 0 279549145 2399405719 1 0 single_hash
  → /mnt/d/kongtaoxing/qsb-subset/candidates/subset/research/split_tail_occupancy/output-candidate-c/run.json: 251.0M/s, 15,083,050,291 candidates, 1800 hits

========================================================
  BENCH   : subset   GPU: RTX_4090
  N (zeros): 24   mode: fixed_time
  candidates (self-reported): 15,083,050,291  in 60.2s (harness clock)
  candidates (from N verified hits): 15,099,494,400
  grinder self-reported: 60.1s, 251.0 M/s (not scored)
  verified hits: 1800 / 1800
  hit rel. variance: 0.02357
--------------------------------------------------------
  SCORE (throughput) : 250.9485 M/s        ← primary (from verified hits)
  SCORE (hit-rate)   : 29.915389 hits/s
  RESULT: PASS ✅ (scored)
========================================================
