benchmark.sh: benches=subset N=24 mode=fixed_time grinder=cmd:python3 harness/gpu_wrap.py --src candidates/subset/lab/n24L_iter9current.cu seed=1789110211
benchmark.sh: === subset ===
  pinning: /work/comps/yukon-glm-night/qsb-subset/benchmark-results/problem/pinning.json  +  pinning.bin (219 bytes)  preimage=9995B
  subset: /work/comps/yukon-glm-night/qsb-subset/benchmark-results/problem/subset.json  +  subset.bin (1956 bytes)  preimage=9906B
problems generated (synthetic, seed=1789110211 — no real coin material)
▶ grinder: python3 harness/gpu_wrap.py --src candidates/subset/lab/n24L_iter9current.cu --bench subset --zeros 24 --mode fixed_time --out /work/comps/yukon-glm-night/qsb-subset/benchmark-results/run-subset.json --seconds 120.0 --hits 200
  compile: reusing /work/comps/yukon-glm-night/qsb-subset/candidates/subset/lab/n24L_iter9current (already built for N=24)
  run: stdbuf -oL timeout 120 /work/comps/yukon-glm-night/qsb-subset/candidates/subset/lab/n24L_iter9current /work/comps/yukon-glm-night/qsb-subset/benchmark-results/problem/subset.bin 0 4081224 970060878 1 0 single_hash
  → /work/comps/yukon-glm-night/qsb-subset/benchmark-results/run-subset.json: 349.6M/s, 42,463,631,939 candidates, 5656 hits
score.py: subset score = 390466372.0 verified candidates per second  →  /work/comps/yukon-glm-night/qsb-subset/score-subset.json

========================================================
  BENCH   : subset   GPU: RTX_4090
  N (zeros): 24   mode: fixed_time
  candidates (self-reported): 42,463,631,939  in 121.5s (harness clock)
  candidates (from N verified hits): 47,445,966,848
  grinder self-reported: 121.5s, 349.6 M/s (not scored)
  verified hits: 5656 / 5656
  hit rel. variance: 0.013297
    ⚠ verified hits (5656) outside expected Poisson band [4630,5494] for 42,463,631,939 candidates at N=24 (expected≈5062.1) — candidate count may be misreported
--------------------------------------------------------
  SCORE (throughput) : 390.4664 M/s        ← primary (from verified hits)
  SCORE (hit-rate)   : 46.547226 hits/s
  RESULT: PASS ✅ (scored)
========================================================
