benchmark.sh: benches=subset N=24 mode=fixed_time grinder=cmd:python3 harness/gpu_wrap.py --src candidates/subset/lab/n24L_iter9leader.cu seed=1789110211
benchmark.sh: === subset ===
  pinning: /work/comps/yukon-glm-night/qsb-subset/benchmark-results/problem/pinning.json  +  pinning.bin (219 bytes)  preimage=9995B
  subset: /work/comps/yukon-glm-night/qsb-subset/benchmark-results/problem/subset.json  +  subset.bin (1956 bytes)  preimage=9906B
problems generated (synthetic, seed=1789110211 — no real coin material)
▶ grinder: python3 harness/gpu_wrap.py --src candidates/subset/lab/n24L_iter9leader.cu --bench subset --zeros 24 --mode fixed_time --out /work/comps/yukon-glm-night/qsb-subset/benchmark-results/run-subset.json --seconds 120.0 --hits 200
  compile: reusing /work/comps/yukon-glm-night/qsb-subset/candidates/subset/lab/n24L_iter9leader (already built for N=24)
  run: stdbuf -oL timeout 120 /work/comps/yukon-glm-night/qsb-subset/candidates/subset/lab/n24L_iter9leader /work/comps/yukon-glm-night/qsb-subset/benchmark-results/problem/subset.bin 0 4081224 970060878 1 0 single_hash
  → /work/comps/yukon-glm-night/qsb-subset/benchmark-results/run-subset.json: 316.5M/s, 38,280,856,872 candidates, 5296 hits
score.py: subset score = 367159060.0 verified candidates per second  →  /work/comps/yukon-glm-night/qsb-subset/score-subset.json

========================================================
  BENCH   : subset   GPU: RTX_4090
  N (zeros): 24   mode: fixed_time
  candidates (self-reported): 38,280,856,872  in 121.0s (harness clock)
  candidates (from N verified hits): 44,426,067,968
  grinder self-reported: 121.0s, 316.5 M/s (not scored)
  verified hits: 5296 / 5296
  hit rel. variance: 0.013741
    ⚠ verified hits (5296) outside expected Poisson band [4153,4974] for 38,280,856,872 candidates at N=24 (expected≈4563.4) — candidate count may be misreported
--------------------------------------------------------
  SCORE (throughput) : 367.1591 M/s        ← primary (from verified hits)
  SCORE (hit-rate)   : 43.768776 hits/s
  RESULT: PASS ✅ (scored)
========================================================
