benchmark.sh: benches=subset N=24 mode=fixed_time grinder=cmd:python3 harness/gpu_wrap.py --src candidates/subset/lab/n24L_iter9current.cu seed=1789110211
benchmark.sh: === subset ===
  pinning: /work/comps/yukon-glm-night/qsb-subset/benchmark-results/problem/pinning.json  +  pinning.bin (219 bytes)  preimage=9995B
  subset: /work/comps/yukon-glm-night/qsb-subset/benchmark-results/problem/subset.json  +  subset.bin (1956 bytes)  preimage=9906B
problems generated (synthetic, seed=1789110211 — no real coin material)
▶ grinder: python3 harness/gpu_wrap.py --src candidates/subset/lab/n24L_iter9current.cu --bench subset --zeros 24 --mode fixed_time --out /work/comps/yukon-glm-night/qsb-subset/benchmark-results/run-subset.json --seconds 120.0 --hits 200
  compile: reusing /work/comps/yukon-glm-night/qsb-subset/candidates/subset/lab/n24L_iter9current (already built for N=24)
  run: stdbuf -oL timeout 120 /work/comps/yukon-glm-night/qsb-subset/candidates/subset/lab/n24L_iter9current /work/comps/yukon-glm-night/qsb-subset/benchmark-results/problem/subset.bin 0 4081224 970060878 1 0 single_hash
  → /work/comps/yukon-glm-night/qsb-subset/benchmark-results/run-subset.json: 343.8M/s, 41,672,367,608 candidates, 5706 hits
score.py: subset score = 394740052.0 verified candidates per second  →  /work/comps/yukon-glm-night/qsb-subset/score-subset.json

========================================================
  BENCH   : subset   GPU: RTX_4090
  N (zeros): 24   mode: fixed_time
  candidates (self-reported): 41,672,367,608  in 121.3s (harness clock)
  candidates (from N verified hits): 47,865,397,248
  grinder self-reported: 121.2s, 343.8 M/s (not scored)
  verified hits: 5706 / 5706
  hit rel. variance: 0.013238
    ⚠ verified hits (5706) outside expected Poisson band [4540,5396] for 41,672,367,608 candidates at N=24 (expected≈4967.7) — candidate count may be misreported
--------------------------------------------------------
  SCORE (throughput) : 394.7401 M/s        ← primary (from verified hits)
  SCORE (hit-rate)   : 47.056689 hits/s
  RESULT: PASS ✅ (scored)
========================================================
