  pinning: /mnt/d/kongtaoxing/qsb-subset/candidates/subset/research/split_tail_occupancy/output-baseline-d/problems/pinning.json  +  pinning.bin (219 bytes)  preimage=9995B
  subset: /mnt/d/kongtaoxing/qsb-subset/candidates/subset/research/split_tail_occupancy/output-baseline-d/problems/subset.json  +  subset.bin (1956 bytes)  preimage=9906B
problems generated (synthetic, seed=2026092501 — no real coin material)
▶ grinder: python3 /mnt/d/kongtaoxing/qsb-subset/candidates/subset/research/stage_profile/capture.py --src /mnt/d/kongtaoxing/qsb-subset/candidates/subset/research/split_tail_occupancy/baseline.cu --no-build --bench subset --zeros 24 --mode fixed_time --out /mnt/d/kongtaoxing/qsb-subset/candidates/subset/research/split_tail_occupancy/output-baseline-d/run.json --seconds 60.0 --hits 200
  compile: reusing /mnt/d/kongtaoxing/qsb-subset/candidates/subset/research/split_tail_occupancy/baseline (already built for N=24)
  run: stdbuf -oL timeout 60 /mnt/d/kongtaoxing/qsb-subset/candidates/subset/research/split_tail_occupancy/baseline /mnt/d/kongtaoxing/qsb-subset/candidates/subset/research/split_tail_occupancy/output-baseline-d/problems/subset.bin 0 279549145 2399405719 1 0 single_hash
  → /mnt/d/kongtaoxing/qsb-subset/candidates/subset/research/split_tail_occupancy/output-baseline-d/run.json: 249.6M/s, 15,006,275,047 candidates, 1791 hits

========================================================
  BENCH   : subset   GPU: RTX_4090
  N (zeros): 24   mode: fixed_time
  candidates (self-reported): 15,006,275,047  in 60.2s (harness clock)
  candidates (from N verified hits): 15,023,996,928
  grinder self-reported: 60.1s, 249.6 M/s (not scored)
  verified hits: 1791 / 1791
  hit rel. variance: 0.023629
--------------------------------------------------------
  SCORE (throughput) : 249.5725 M/s        ← primary (from verified hits)
  SCORE (hit-rate)   : 29.751374 hits/s
  RESULT: PASS ✅ (scored)
========================================================
