benchmark.sh: benches=subset N=24 mode=fixed_time grinder=cmd:python3 harness/gpu_wrap.py --src candidates/subset/lab/n24L_iter12dc.cu seed=1789110211
benchmark.sh: === subset ===
  pinning: /work/comps/yukon-glm-night/qsb-subset/benchmark-results/problem/pinning.json  +  pinning.bin (219 bytes)  preimage=9995B
  subset: /work/comps/yukon-glm-night/qsb-subset/benchmark-results/problem/subset.json  +  subset.bin (1956 bytes)  preimage=9906B
problems generated (synthetic, seed=1789110211 — no real coin material)
▶ grinder: python3 harness/gpu_wrap.py --src candidates/subset/lab/n24L_iter12dc.cu --bench subset --zeros 24 --mode fixed_time --out /work/comps/yukon-glm-night/qsb-subset/benchmark-results/run-subset.json --seconds 120.0 --hits 200
  compile: reusing /work/comps/yukon-glm-night/qsb-subset/candidates/subset/lab/n24L_iter12dc (already built for N=24)
  run: stdbuf -oL timeout 120 /work/comps/yukon-glm-night/qsb-subset/candidates/subset/lab/n24L_iter12dc /work/comps/yukon-glm-night/qsb-subset/benchmark-results/problem/subset.bin 0 4081224 970060878 1 0 single_hash
  → /work/comps/yukon-glm-night/qsb-subset/benchmark-results/run-subset.json: 309.9M/s, 37,831,961,581 candidates, 5172 hits
score.py: subset score = 355265565.0 verified candidates per second  →  /work/comps/yukon-glm-night/qsb-subset/score-subset.json

========================================================
  BENCH   : subset   GPU: RTX_4090
  N (zeros): 24   mode: fixed_time
  candidates (self-reported): 37,831,961,581  in 122.1s (harness clock)
  candidates (from N verified hits): 43,385,880,576
  grinder self-reported: 122.1s, 309.9 M/s (not scored)
  verified hits: 5172 / 5172
  hit rel. variance: 0.013905
    ⚠ verified hits (5172) outside expected Poisson band [4102,4918] for 37,831,961,581 candidates at N=24 (expected≈4509.9) — candidate count may be misreported
--------------------------------------------------------
  SCORE (throughput) : 355.2656 M/s        ← primary (from verified hits)
  SCORE (hit-rate)   : 42.350953 hits/s
  RESULT: PASS ✅ (scored)
========================================================
