  pinning: /mnt/d/kongtaoxing/qsb-subset/candidates/subset/research/stage_profile/output/problems/pinning.json  +  pinning.bin (219 bytes)  preimage=9995B
  subset: /mnt/d/kongtaoxing/qsb-subset/candidates/subset/research/stage_profile/output/problems/subset.json  +  subset.bin (1956 bytes)  preimage=9906B
problems generated (synthetic, seed=2026092501 — no real coin material)
▶ grinder: python3 /mnt/d/kongtaoxing/qsb-subset/candidates/subset/research/stage_profile/capture.py --src /mnt/d/kongtaoxing/qsb-subset/candidates/subset/research/stage_profile/profile.cu --no-build --bench subset --zeros 24 --mode fixed_time --out /mnt/d/kongtaoxing/qsb-subset/candidates/subset/research/stage_profile/output/run.json --seconds 25.0 --hits 200
  compile: reusing /mnt/d/kongtaoxing/qsb-subset/candidates/subset/research/stage_profile/profile (already built for N=24)
  run: stdbuf -oL timeout 25 /mnt/d/kongtaoxing/qsb-subset/candidates/subset/research/stage_profile/profile /mnt/d/kongtaoxing/qsb-subset/candidates/subset/research/stage_profile/output/problems/subset.bin 0 279549145 2399405719 1 0 single_hash
  → /mnt/d/kongtaoxing/qsb-subset/candidates/subset/research/stage_profile/output/run.json: 244.0M/s, 6,112,441,352 candidates, 693 hits

========================================================
  BENCH   : subset   GPU: RTX_4090
  N (zeros): 24   mode: fixed_time
  candidates (self-reported): 6,112,441,352  in 25.1s (harness clock)
  candidates (from N verified hits): 5,813,305,344
  grinder self-reported: 25.1s, 244.0 M/s (not scored)
  verified hits: 693 / 693
  hit rel. variance: 0.037987
--------------------------------------------------------
  SCORE (throughput) : 231.4876 M/s        ← primary (from verified hits)
  SCORE (hit-rate)   : 27.595489 hits/s
  RESULT: PASS ✅ (scored)
========================================================
