  pinning: /mnt/d/kongtaoxing/qsb-subset/candidates/subset/research/block128/output-candidate-c/problems/pinning.json  +  pinning.bin (219 bytes)  preimage=9995B
  subset: /mnt/d/kongtaoxing/qsb-subset/candidates/subset/research/block128/output-candidate-c/problems/subset.json  +  subset.bin (1956 bytes)  preimage=9906B
problems generated (synthetic, seed=2026092501 — no real coin material)
▶ grinder: python3 /mnt/d/kongtaoxing/qsb-subset/harness/gpu_wrap.py --src /mnt/d/kongtaoxing/qsb-subset/candidates/subset/research/block128/candidate.cu --no-build --bench subset --zeros 24 --mode fixed_time --out /mnt/d/kongtaoxing/qsb-subset/candidates/subset/research/block128/output-candidate-c/run.json --seconds 60.0 --hits 200
  compile: reusing /mnt/d/kongtaoxing/qsb-subset/candidates/subset/research/block128/candidate (already built for N=24)
  run: stdbuf -oL timeout 60 /mnt/d/kongtaoxing/qsb-subset/candidates/subset/research/block128/candidate /mnt/d/kongtaoxing/qsb-subset/candidates/subset/research/block128/output-candidate-c/problems/subset.bin 0 279549145 2399405719 1 0 single_hash
  → /mnt/d/kongtaoxing/qsb-subset/candidates/subset/research/block128/output-candidate-c/run.json: 240.4M/s, 14,435,319,933 candidates, 1724 hits

========================================================
  BENCH   : subset   GPU: RTX_4090
  N (zeros): 24   mode: fixed_time
  candidates (self-reported): 14,435,319,933  in 60.1s (harness clock)
  candidates (from N verified hits): 14,461,960,192
  grinder self-reported: 60.0s, 240.4 M/s (not scored)
  verified hits: 1724 / 1724
  hit rel. variance: 0.024084
--------------------------------------------------------
  SCORE (throughput) : 240.5303 M/s        ← primary (from verified hits)
  SCORE (hit-rate)   : 28.673454 hits/s
  RESULT: PASS ✅ (scored)
========================================================
