benchmark.sh: benches=subset N=24 mode=fixed_time grinder=cmd:python3 harness/gpu_wrap.py --src /work/tmp/qsb-pack8-launch4.t0EsWZ/candidates/subset/n24L_pack8_launch4.cu seed=1789110211
benchmark.sh: === subset ===
  pinning: /work/comps/yukon-glm-night/qsb-subset/benchmark-results/problem/pinning.json  +  pinning.bin (219 bytes)  preimage=9995B
  subset: /work/comps/yukon-glm-night/qsb-subset/benchmark-results/problem/subset.json  +  subset.bin (1956 bytes)  preimage=9906B
problems generated (synthetic, seed=1789110211 — no real coin material)
▶ grinder: python3 harness/gpu_wrap.py --src /work/tmp/qsb-pack8-launch4.t0EsWZ/candidates/subset/n24L_pack8_launch4.cu --bench subset --zeros 24 --mode fixed_time --out /work/comps/yukon-glm-night/qsb-subset/benchmark-results/run-subset.json --seconds 120.0 --hits 200
  compile: reusing /work/tmp/qsb-pack8-launch4.t0EsWZ/candidates/subset/n24L_pack8_launch4 (already built for N=24)
  run: stdbuf -oL timeout 120 /work/tmp/qsb-pack8-launch4.t0EsWZ/candidates/subset/n24L_pack8_launch4 /work/comps/yukon-glm-night/qsb-subset/benchmark-results/problem/subset.bin 0 4081224 970060878 1 0 single_hash
  → /work/comps/yukon-glm-night/qsb-subset/benchmark-results/run-subset.json: 334.7M/s, 40,701,028,402 candidates, 5261 hits
score.py: subset score = 362726365.0 verified candidates per second  →  /work/comps/yukon-glm-night/qsb-subset/score-subset.json

========================================================
  BENCH   : subset   GPU: RTX_4090
  N (zeros): 24   mode: fixed_time
  candidates (self-reported): 40,701,028,402  in 121.7s (harness clock)
  candidates (from N verified hits): 44,132,466,688
  grinder self-reported: 121.6s, 334.7 M/s (not scored)
  verified hits: 5261 / 5261
  hit rel. variance: 0.013787
--------------------------------------------------------
  SCORE (throughput) : 362.7264 M/s        ← primary (from verified hits)
  SCORE (hit-rate)   : 43.240338 hits/s
  RESULT: PASS ✅ (scored)
========================================================
