QSB Digest Search [GPU 0]
  GPU: NVIDIA GeForce RTX 3090 (82 SMs)
  Loaded: n=150, t=9, preimage=9906, tail=218, suffix=44, prefix_rem=42
  Patched tx_suffix: seq=0x10A994D9 (off=0) lt=2399405719 (off=36) tx_suffix_len=44
  Short-epoch split: cut=137, 6 early omissions x 8218472724 epochs, 3 window omissions x 128 per epoch (1.052e+12 candidates)
  Register-resident assembly: 10 kept pushes (108 message bytes) + 69 constant words, 6 SHA-256 blocks per candidate
  GTable built on GPU in 0.16s (1048576 points, 64 MiB total, spot check passed)
Window schedule classes: first=8 second=53 of 128
  Mode: REAL, GPU 0 (global 0 of 1)
  Batch: 8388608 combos per kernel launch
  Search space (GLOBAL): C(150,9) = 1051964508672 combos
  Search space (this GPU's slice): 82947113349100 combos (7884.973% of global)
  Using short-epoch producer/consumer path (262144 epochs per launch)
PHASE batch=1 block=0 sha=82061 frontA=146737 frontB=123642 tree=49304 tail=65277
PHASE batch=1 block=1 sha=86148 frontA=278491 frontB=119231 tree=43799 tail=36846
PHASE batch=1 block=2 sha=82161 frontA=147012 frontB=122530 tree=49580 tail=66194
PHASE batch=1 block=3 sha=85654 frontA=274215 frontB=119862 tree=41132 tail=44137
PHASE batch=1 block=4 sha=82016 frontA=146698 frontB=118152 tree=55000 tail=65198
PHASE batch=1 block=5 sha=85539 frontA=274340 frontB=118525 tree=42734 tail=42775
PHASE batch=1 block=6 sha=81939 frontA=146663 frontB=123294 tree=49644 tail=65820
PHASE batch=1 block=7 sha=85863 frontA=271331 frontB=120504 tree=45761 tail=40371
PHASE batch=1 block=8 sha=82104 frontA=146960 frontB=124709 tree=48269 tail=65214
PHASE batch=1 block=9 sha=86291 frontA=272990 frontB=121823 tree=45149 tail=38721
PHASE batch=1 block=10 sha=82178 frontA=147070 frontB=124373 tree=48817 tail=65263
PHASE batch=1 block=11 sha=85985 frontA=274926 frontB=120504 tree=41018 tail=43062
PHASE batch=1 block=12 sha=82009 frontA=146681 frontB=125185 tree=47154 tail=65532
PHASE batch=1 block=13 sha=86085 frontA=275005 frontB=122262 tree=41431 tail=39312
PHASE batch=1 block=14 sha=82029 frontA=146689 frontB=122186 tree=50259 tail=65623
PHASE batch=1 block=15 sha=85835 frontA=274675 frontB=119126 tree=41452 tail=43319
PHASE batch=1 block=16 sha=82134 frontA=146941 frontB=118434 tree=53841 tail=65946
PHASE batch=1 block=17 sha=85886 frontA=274316 frontB=120034 tree=35735 tail=49021
PHASE batch=1 block=18 sha=82001 frontA=146652 frontB=121222 tree=51571 tail=65777
PHASE batch=1 block=19 sha=85859 frontA=275609 frontB=120637 tree=42242 tail=39538
PHASE batch=1 block=20 sha=81938 frontA=146658 frontB=124571 tree=47347 tail=66975
PHASE batch=1 block=21 sha=86124 frontA=274385 frontB=118712 tree=42423 tail=41980
PHASE batch=1 block=22 sha=82083 frontA=146918 frontB=123676 tree=49045 tail=65484
PHASE batch=1 block=23 sha=86043 frontA=276419 frontB=120345 tree=44683 tail=37300
PHASE batch=1 block=24 sha=82150 frontA=147071 frontB=125024 tree=47860 tail=65573
PHASE batch=1 block=25 sha=86152 frontA=275189 frontB=122742 tree=40823 tail=40496
PHASE batch=1 block=26 sha=81965 frontA=146642 frontB=118637 tree=53685 tail=65701
PHASE batch=1 block=27 sha=85756 frontA=273446 frontB=119234 tree=39228 tail=46296
PHASE batch=1 block=28 sha=81995 frontA=146716 frontB=123012 tree=48897 tail=66076
PHASE batch=1 block=29 sha=86252 frontA=272781 frontB=118841 tree=44364 tail=42203
PHASE batch=1 block=30 sha=82104 frontA=146939 frontB=122457 tree=51274 tail=64508
PHASE batch=1 block=31 sha=86060 frontA=268029 frontB=118832 tree=48158 tail=43790
PHASE batch=1 block=32 sha=81975 frontA=146611 frontB=117467 tree=55101 tail=65902
PHASE batch=1 block=33 sha=86282 frontA=271317 frontB=117523 tree=39944 tail=48759
PHASE batch=1 block=34 sha=81924 frontA=146613 frontB=125026 tree=47617 tail=66482
PHASE batch=1 block=35 sha=86393 frontA=267405 frontB=118323 tree=45521 tail=45878
PHASE batch=1 block=36 sha=82063 frontA=146936 frontB=118122 tree=54240 tail=65974
PHASE batch=1 block=37 sha=86435 frontA=272441 frontB=119732 tree=42038 tail=44094
PHASE batch=1 block=38 sha=82145 frontA=147010 frontB=121626 tree=51879 tail=65444
PHASE batch=1 block=39 sha=86456 frontA=274950 frontB=120547 tree=39378 tail=43995
PHASE batch=1 block=40 sha=82003 frontA=146720 frontB=121552 tree=51773 tail=64746
PHASE batch=1 block=41 sha=86091 frontA=269336 frontB=126390 tree=40790 tail=41463
PHASE batch=1 block=42 sha=82019 frontA=146747 frontB=124774 tree=48330 tail=64911
PHASE batch=1 block=43 sha=86490 frontA=274243 frontB=121542 tree=45600 tail=36729
PHASE batch=1 block=44 sha=82154 frontA=146958 frontB=124619 tree=48511 tail=65282
PHASE batch=1 block=45 sha=85543 frontA=275328 frontB=119516 tree=46325 tail=38308
PHASE batch=1 block=46 sha=82004 frontA=146645 frontB=121333 tree=51820 tail=65192
PHASE batch=1 block=47 sha=85775 frontA=274469 frontB=119662 tree=44995 tail=39008
PHASE batch=1 block=48 sha=81957 frontA=146646 frontB=122609 tree=49813 tail=66318
PHASE batch=1 block=49 sha=86008 frontA=272354 frontB=119350 tree=46897 tail=39119
PHASE batch=1 block=50 sha=82107 frontA=146860 frontB=121338 tree=53534 tail=63393
PHASE batch=1 block=51 sha=85892 frontA=272237 frontB=116565 tree=46339 tail=43911
PHASE batch=1 block=52 sha=82181 frontA=147094 frontB=125293 tree=46840 tail=66433
PHASE batch=1 block=53 sha=86075 frontA=272661 frontB=120326 tree=44770 tail=41665
PHASE batch=1 block=54 sha=81985 frontA=146712 frontB=124222 tree=47997 tail=65814
PHASE batch=1 block=55 sha=86364 frontA=272173 frontB=123039 tree=43712 tail=38790
PHASE batch=1 block=56 sha=82036 frontA=146694 frontB=124482 tree=48133 tail=65424
PHASE batch=1 block=57 sha=86047 frontA=270439 frontB=116714 tree=49807 tail=41409
PHASE batch=1 block=58 sha=82119 frontA=146916 frontB=118180 tree=54165 tail=65943
PHASE batch=1 block=59 sha=86061 frontA=275624 frontB=120557 tree=38368 tail=44233
PHASE batch=1 block=60 sha=81986 frontA=146647 frontB=123963 tree=50374 tail=64032
PHASE batch=1 block=61 sha=86172 frontA=274733 frontB=118515 tree=44094 tail=40270
PHASE batch=1 block=62 sha=81948 frontA=146623 frontB=119252 tree=53464 tail=66152
PHASE batch=1 block=63 sha=86316 frontA=272963 frontB=119235 tree=36936 tail=48064
PHASE batch=1 block=64 sha=82077 frontA=146908 frontB=125000 tree=48101 tail=65089
PHASE batch=1 block=65 sha=86298 frontA=274765 frontB=119148 tree=50773 tail=33751
PHASE batch=1 block=66 sha=82134 frontA=147054 frontB=124711 tree=48027 tail=65881
PHASE batch=1 block=67 sha=86454 frontA=274527 frontB=120183 tree=39238 tail=45021
PHASE batch=1 block=68 sha=81962 frontA=146673 frontB=125052 tree=47760 tail=65089
PHASE batch=1 block=69 sha=86321 frontA=273858 frontB=119766 tree=45509 tail=38526
PHASE batch=1 block=70 sha=82006 frontA=146709 frontB=120852 tree=51956 tail=65382
PHASE batch=1 block=71 sha=86422 frontA=271521 frontB=118361 tree=43427 tail=44595
PHASE batch=1 block=72 sha=82102 frontA=146928 frontB=123328 tree=49873 tail=65124
PHASE batch=1 block=73 sha=86263 frontA=273546 frontB=119892 tree=42843 tail=42245
PHASE batch=1 block=74 sha=81950 frontA=146672 frontB=117839 tree=53995 tail=66361
PHASE batch=1 block=75 sha=85931 frontA=276358 frontB=117993 tree=38017 tail=45450
PHASE batch=1 block=76 sha=81887 frontA=146611 frontB=118319 tree=54707 tail=65813
PHASE batch=1 block=77 sha=85845 frontA=271503 frontB=117482 tree=41373 tail=47319
PHASE batch=1 block=78 sha=82043 frontA=146894 frontB=117976 tree=54808 tail=65614
PHASE batch=1 block=79 sha=86595 frontA=271557 frontB=118689 tree=40465 tail=47422
PHASE batch=1 block=80 sha=82122 frontA=147006 frontB=120370 tree=51966 tail=66416
PHASE batch=1 block=81 sha=86618 frontA=278334 frontB=119141 tree=36979 tail=44314
PHASE batch=1 block=82 sha=82064 frontA=146773 frontB=123592 tree=51305 tail=63311
PHASE batch=1 block=83 sha=86000 frontA=268900 frontB=118994 tree=49673 tail=40962
PHASE batch=1 block=84 sha=82158 frontA=147044 frontB=123006 tree=49790 tail=65383
PHASE batch=1 block=85 sha=85746 frontA=273955 frontB=121983 tree=43937 tail=39393
PHASE batch=1 block=86 sha=82014 frontA=146666 frontB=122121 tree=51195 tail=65298
PHASE batch=1 block=87 sha=85762 frontA=271335 frontB=118061 tree=42380 tail=46466
PHASE batch=1 block=88 sha=81968 frontA=146619 frontB=121011 tree=51840 tail=65985
PHASE batch=1 block=89 sha=85691 frontA=272609 frontB=119427 tree=44139 tail=41996
PHASE batch=1 block=90 sha=82084 frontA=146919 frontB=122272 tree=51197 tail=64956
PHASE batch=1 block=91 sha=86403 frontA=272789 frontB=121912 tree=45659 tail=38193
PHASE batch=1 block=92 sha=82179 frontA=147055 frontB=125731 tree=47518 tail=65450
PHASE batch=1 block=93 sha=86126 frontA=274437 frontB=119612 tree=44718 tail=40541
PHASE batch=1 block=94 sha=82000 frontA=146722 frontB=118582 tree=53676 tail=65532
PHASE batch=1 block=95 sha=86250 frontA=272830 frontB=118855 tree=39097 tail=46984
PHASE batch=1 block=96 sha=82024 frontA=146687 frontB=117068 tree=54869 tail=66112
PHASE batch=1 block=97 sha=85875 frontA=273718 frontB=119035 tree=41048 tail=44739
PHASE batch=1 block=98 sha=82118 frontA=146960 frontB=121013 tree=52750 tail=64475
PHASE batch=1 block=99 sha=85838 frontA=270884 frontB=118531 tree=45157 tail=44568
PHASE batch=1 block=100 sha=81993 frontA=146666 frontB=124244 tree=48686 tail=65523
PHASE batch=1 block=101 sha=85966 frontA=274773 frontB=119139 tree=40638 tail=43323
PHASE batch=1 block=102 sha=81939 frontA=146634 frontB=124300 tree=48063 tail=66446
PHASE batch=1 block=103 sha=86223 frontA=270683 frontB=120743 tree=43347 tail=42642
PHASE batch=1 block=104 sha=82085 frontA=146897 frontB=119717 tree=54448 tail=64334
PHASE batch=1 block=105 sha=86187 frontA=271803 frontB=120516 tree=38767 tail=47533
PHASE batch=1 block=106 sha=82155 frontA=147055 frontB=122921 tree=49590 tail=66200
PHASE batch=1 block=107 sha=86403 frontA=268131 frontB=119329 tree=50780 tail=40755
PHASE batch=1 block=108 sha=81974 frontA=146695 frontB=120518 tree=53251 tail=64049
PHASE batch=1 block=109 sha=86222 frontA=271119 frontB=119285 tree=51162 tail=36247
PHASE batch=1 block=110 sha=82013 frontA=146688 frontB=118549 tree=53641 tail=65998
PHASE batch=1 block=111 sha=86364 frontA=274762 frontB=120788 tree=38058 tail=44408
PHASE batch=1 block=112 sha=82088 frontA=146925 frontB=122200 tree=50362 tail=65670
PHASE batch=1 block=113 sha=86260 frontA=273385 frontB=123094 tree=37596 tail=44479
PHASE batch=1 block=114 sha=81972 frontA=146698 frontB=121893 tree=50744 tail=65921
PHASE batch=1 block=115 sha=85499 frontA=270382 frontB=119976 tree=44160 tail=43787
PHASE batch=1 block=116 sha=81915 frontA=146650 frontB=123794 tree=48395 tail=66634
PHASE batch=1 block=117 sha=85903 frontA=275155 frontB=118753 tree=44085 tail=39614
PHASE batch=1 block=118 sha=82051 frontA=146917 frontB=123319 tree=49250 tail=65597
PHASE batch=1 block=119 sha=86467 frontA=273440 frontB=118985 tree=45512 tail=40318
PHASE batch=1 block=120 sha=82123 frontA=146991 frontB=122757 tree=49569 tail=66362
PHASE batch=1 block=121 sha=86563 frontA=274365 frontB=120074 tree=41147 tail=43191
PHASE batch=1 block=122 sha=82017 frontA=146735 frontB=124891 tree=47840 tail=65301
PHASE batch=1 block=123 sha=85887 frontA=275244 frontB=121579 tree=47038 tail=34454
PHASE batch=1 block=124 sha=82058 frontA=146685 frontB=123382 tree=49404 tail=65347
PHASE batch=1 block=125 sha=86270 frontA=270976 frontB=122513 tree=47928 tail=36915
PHASE batch=1 block=126 sha=82132 frontA=146984 frontB=118713 tree=54435 tail=65068
PHASE batch=1 block=127 sha=85593 frontA=273742 frontB=121934 tree=37865 tail=45917
PHASE batch=2 block=0 sha=98874 frontA=146541 frontB=126711 tree=45822 tail=65627
PHASE batch=2 block=1 sha=99018 frontA=279483 frontB=119441 tree=45594 tail=41678
PHASE batch=2 block=2 sha=99103 frontA=146803 frontB=123735 tree=49842 tail=64752
PHASE batch=2 block=3 sha=99214 frontA=278643 frontB=120488 tree=42362 tail=45290
PHASE batch=2 block=4 sha=98835 frontA=146454 frontB=122314 tree=51457 tail=63929
PHASE batch=2 block=5 sha=98958 frontA=278762 frontB=123003 tree=35629 tail=48577
PHASE batch=2 block=6 sha=98736 frontA=146454 frontB=124815 tree=47542 tail=65116
PHASE batch=2 block=7 sha=98839 frontA=272162 frontB=119209 tree=50074 tail=44157
PHASE batch=2 block=8 sha=98913 frontA=146652 frontB=122909 tree=50039 tail=64784
PHASE batch=2 block=9 sha=99041 frontA=275446 frontB=119958 tree=45161 tail=45887
PHASE batch=2 block=10 sha=99164 frontA=146854 frontB=125463 tree=47475 tail=65524
PHASE batch=2 block=11 sha=99283 frontA=279693 frontB=120479 tree=40868 tail=45919
PHASE batch=2 block=12 sha=98788 frontA=146519 frontB=120978 tree=51586 tail=65475
PHASE batch=2 block=13 sha=98913 frontA=278875 frontB=119593 tree=37505 tail=50103
PHASE batch=2 block=14 sha=98852 frontA=146505 frontB=123633 tree=48914 tail=65439
PHASE batch=2 block=15 sha=99002 frontA=270145 frontB=120018 tree=55089 tail=40870
PHASE batch=2 block=16 sha=99075 frontA=146775 frontB=126258 tree=46503 tail=65699
PHASE batch=2 block=17 sha=99196 frontA=280484 frontB=118546 tree=43632 tail=44122
PHASE batch=2 block=18 sha=98821 frontA=146414 frontB=123903 tree=49202 tail=64748
PHASE batch=2 block=19 sha=98934 frontA=280316 frontB=117417 tree=41328 tail=46806
PHASE batch=2 block=20 sha=98700 frontA=146442 frontB=117861 tree=56358 tail=63245
PHASE batch=2 block=21 sha=98817 frontA=284312 frontB=120319 tree=33668 tail=47306
PHASE batch=2 block=22 sha=98889 frontA=146623 frontB=118448 tree=54237 tail=65071
PHASE batch=2 block=23 sha=99016 frontA=276248 frontB=118393 tree=44134 tail=47654
PHASE batch=2 block=24 sha=99138 frontA=146795 frontB=125690 tree=47097 tail=65890
PHASE batch=2 block=25 sha=99244 frontA=278121 frontB=122315 tree=39271 tail=47270
PHASE batch=2 block=26 sha=98762 frontA=146541 frontB=121615 tree=50917 tail=65726
PHASE batch=2 block=27 sha=98891 frontA=277455 frontB=119915 tree=40766 tail=47896
PHASE batch=2 block=28 sha=98828 frontA=146460 frontB=124116 tree=48486 tail=65417
PHASE batch=2 block=29 sha=98950 frontA=268457 frontB=117577 tree=51943 tail=48138
PHASE batch=2 block=30 sha=99057 frontA=146740 frontB=124885 tree=47919 tail=65602
PHASE batch=2 block=31 sha=99183 frontA=277372 frontB=118979 tree=40969 tail=49376
PHASE batch=2 block=32 sha=98793 frontA=146375 frontB=123622 tree=48899 tail=65057
PHASE batch=2 block=33 sha=98927 frontA=279055 frontB=119007 tree=47775 tail=39893
PHASE batch=2 block=34 sha=98680 frontA=146399 frontB=123414 tree=49019 tail=65215
PHASE batch=2 block=35 sha=98793 frontA=277645 frontB=121654 tree=43704 tail=42555
PHASE batch=2 block=36 sha=98853 frontA=146592 frontB=121171 tree=51548 tail=65105
PHASE batch=2 block=37 sha=98999 frontA=277981 frontB=119914 tree=48320 tail=40164
PHASE batch=2 block=38 sha=99097 frontA=146815 frontB=123289 tree=50699 tail=64578
PHASE batch=2 block=39 sha=99236 frontA=269190 frontB=122486 tree=48629 tail=46660
PHASE batch=2 block=40 sha=98792 frontA=146534 frontB=125483 tree=47059 tail=65484
PHASE batch=2 block=41 sha=98921 frontA=278100 frontB=118590 tree=43110 tail=46354
PHASE batch=2 block=42 sha=98866 frontA=146512 frontB=125080 tree=47481 tail=65851
PHASE batch=2 block=43 sha=99008 frontA=273673 frontB=117729 tree=56230 tail=38526
PHASE batch=2 block=44 sha=99093 frontA=146740 frontB=117991 tree=54801 tail=65674
PHASE batch=2 block=45 sha=99216 frontA=286083 frontB=119997 tree=33823 tail=47008
PHASE batch=2 block=46 sha=98821 frontA=146453 frontB=124368 tree=48087 tail=65268
PHASE batch=2 block=47 sha=98948 frontA=277166 frontB=117950 tree=48965 tail=41839
PHASE batch=2 block=48 sha=98710 frontA=146429 frontB=124789 tree=47611 tail=65069
PHASE batch=2 block=49 sha=98827 frontA=285001 frontB=119532 tree=36875 tail=44190
PHASE batch=2 block=50 sha=98889 frontA=146668 frontB=123806 tree=48916 tail=65234
PHASE batch=2 block=51 sha=99032 frontA=275179 frontB=118541 tree=52853 tail=39950
PHASE batch=2 block=52 sha=99134 frontA=146820 frontB=125963 tree=46837 tail=65736
PHASE batch=2 block=53 sha=99269 frontA=279685 frontB=120233 tree=47301 tail=39784
PHASE batch=2 block=54 sha=98776 frontA=146491 frontB=123038 tree=50337 tail=64656
PHASE batch=2 block=55 sha=98905 frontA=279398 frontB=123867 tree=36017 tail=46754
PHASE batch=2 block=56 sha=98836 frontA=146498 frontB=121425 tree=51135 tail=65688
PHASE batch=2 block=57 sha=98986 frontA=277197 frontB=121320 tree=40254 tail=47491
PHASE batch=2 block=58 sha=99069 frontA=146748 frontB=119797 tree=53333 tail=65195
PHASE batch=2 block=59 sha=99182 frontA=275102 frontB=118364 tree=44501 tail=48866
PHASE batch=2 block=60 sha=98807 frontA=146419 frontB=118357 tree=54411 tail=64953
PHASE batch=2 block=61 sha=98942 frontA=277607 frontB=121160 tree=39467 tail=47499
PHASE batch=2 block=62 sha=98694 frontA=146502 frontB=123791 tree=48911 tail=64684
PHASE batch=2 block=63 sha=98807 frontA=274480 frontB=119863 tree=44217 tail=46974
PHASE batch=2 block=64 sha=98875 frontA=146665 frontB=124829 tree=47897 tail=65107
PHASE batch=2 block=65 sha=99010 frontA=277532 frontB=120144 tree=53407 tail=35281
PHASE batch=2 block=66 sha=99130 frontA=146775 frontB=120397 tree=52406 tail=65733
PHASE batch=2 block=67 sha=99249 frontA=277676 frontB=118113 tree=44253 tail=46939
PHASE batch=2 block=68 sha=98746 frontA=146453 frontB=122730 tree=49893 tail=65708
PHASE batch=2 block=69 sha=98883 frontA=269975 frontB=118373 tree=61160 tail=36475
PHASE batch=2 block=70 sha=98810 frontA=146475 frontB=124563 tree=48031 tail=65422
PHASE batch=2 block=71 sha=98964 frontA=276699 frontB=118548 tree=54019 tail=36841
PHASE batch=2 block=72 sha=99039 frontA=146710 frontB=118432 tree=54399 tail=65621
PHASE batch=2 block=73 sha=99181 frontA=277427 frontB=119632 tree=43526 tail=46101
PHASE batch=2 block=74 sha=98783 frontA=146413 frontB=122841 tree=49647 tail=65002
PHASE batch=2 block=75 sha=98900 frontA=270947 frontB=118228 tree=49096 tail=47556
PHASE batch=2 block=76 sha=98670 frontA=146413 frontB=122415 tree=49990 tail=65212
PHASE batch=2 block=77 sha=98779 frontA=278185 frontB=118110 tree=40370 tail=48888
PHASE batch=2 block=78 sha=98849 frontA=146647 frontB=122323 tree=50567 tail=64927
PHASE batch=2 block=79 sha=98980 frontA=283025 frontB=122197 tree=33078 tail=48093
PHASE batch=2 block=80 sha=99081 frontA=146900 frontB=122580 tree=50119 tail=65776
PHASE batch=2 block=81 sha=99217 frontA=276945 frontB=118739 tree=45601 tail=45654
PHASE batch=2 block=82 sha=98883 frontA=146523 frontB=119056 tree=53479 tail=65476
PHASE batch=2 block=83 sha=99006 frontA=282964 frontB=119252 tree=36588 tail=47384
PHASE batch=2 block=84 sha=99108 frontA=146796 frontB=123139 tree=49604 tail=65877
PHASE batch=2 block=85 sha=99219 frontA=273008 frontB=117033 tree=51227 tail=45518
PHASE batch=2 block=86 sha=98834 frontA=146425 frontB=122339 tree=50155 tail=65104
PHASE batch=2 block=87 sha=98961 frontA=280123 frontB=118216 tree=38198 tail=49422
PHASE batch=2 block=88 sha=98731 frontA=146463 frontB=124265 tree=50409 tail=62880
PHASE batch=2 block=89 sha=98842 frontA=277283 frontB=119289 tree=42940 tail=46070
PHASE batch=2 block=90 sha=98912 frontA=146625 frontB=124257 tree=51117 tail=62422
PHASE batch=2 block=91 sha=99044 frontA=275462 frontB=124480 tree=53257 tail=33285
PHASE batch=2 block=92 sha=99153 frontA=146829 frontB=118828 tree=54226 tail=65650
PHASE batch=2 block=93 sha=99265 frontA=278733 frontB=120029 tree=39614 tail=48608
PHASE batch=2 block=94 sha=98783 frontA=146467 frontB=125395 tree=48169 tail=64588
PHASE batch=2 block=95 sha=98908 frontA=272740 frontB=119196 tree=47355 tail=46769
PHASE batch=2 block=96 sha=98851 frontA=146475 frontB=123010 tree=49586 tail=65536
PHASE batch=2 block=97 sha=98989 frontA=276383 frontB=125478 tree=37137 tail=47090
PHASE batch=2 block=98 sha=99055 frontA=146817 frontB=124228 tree=48625 tail=65415
PHASE batch=2 block=99 sha=99189 frontA=276888 frontB=123777 tree=42616 tail=43514
PHASE batch=2 block=100 sha=98812 frontA=146392 frontB=118103 tree=54407 tail=65231
PHASE batch=2 block=101 sha=98929 frontA=277202 frontB=120455 tree=38259 tail=49920
PHASE batch=2 block=102 sha=98699 frontA=146480 frontB=120259 tree=52085 tail=65310
PHASE batch=2 block=103 sha=98816 frontA=272209 frontB=117934 tree=48446 tail=47009
PHASE batch=2 block=104 sha=98878 frontA=146650 frontB=123524 tree=50144 tail=64049
PHASE batch=2 block=105 sha=99013 frontA=278130 frontB=118172 tree=47815 tail=42300
PHASE batch=2 block=106 sha=99137 frontA=146832 frontB=118365 tree=54392 tail=65911
PHASE batch=2 block=107 sha=99239 frontA=276655 frontB=118171 tree=41983 tail=50138
PHASE batch=2 block=108 sha=98755 frontA=146469 frontB=125219 tree=47388 tail=65511
PHASE batch=2 block=109 sha=98880 frontA=272979 frontB=119117 tree=47867 tail=46075
PHASE batch=2 block=110 sha=98804 frontA=146480 frontB=120186 tree=52420 tail=65641
PHASE batch=2 block=111 sha=98964 frontA=273644 frontB=118001 tree=52863 tail=41610
PHASE batch=2 block=112 sha=99050 frontA=146716 frontB=118767 tree=54043 tail=65686
PHASE batch=2 block=113 sha=99184 frontA=278008 frontB=119284 tree=40096 tail=49319
PHASE batch=2 block=114 sha=98788 frontA=146370 frontB=124609 tree=48608 tail=64298
PHASE batch=2 block=115 sha=98922 frontA=275506 frontB=118550 tree=44177 tail=47502
PHASE batch=2 block=116 sha=98673 frontA=146418 frontB=120302 tree=52096 tail=65319
PHASE batch=2 block=117 sha=98786 frontA=272941 frontB=117360 tree=46365 tail=48891
PHASE batch=2 block=118 sha=98854 frontA=146601 frontB=122883 tree=49828 tail=65098
PHASE batch=2 block=119 sha=98988 frontA=271763 frontB=118588 tree=47235 tail=48786
PHASE batch=2 block=120 sha=99092 frontA=146754 frontB=123310 tree=50238 tail=65043
PHASE batch=2 block=121 sha=99227 frontA=277992 frontB=117632 tree=43760 tail=47560
PHASE batch=2 block=122 sha=98789 frontA=146526 frontB=118395 tree=54170 tail=65599
PHASE batch=2 block=123 sha=98918 frontA=275371 frontB=118549 tree=42628 tail=49617
PHASE batch=2 block=124 sha=98848 frontA=146556 frontB=124478 tree=49198 tail=64300
PHASE batch=2 block=125 sha=99005 frontA=279103 frontB=121033 tree=42758 tail=43249
PHASE batch=2 block=126 sha=99055 frontA=146809 frontB=123217 tree=49928 tail=65151
PHASE batch=2 block=127 sha=99201 frontA=284200 frontB=119084 tree=36316 tail=47310
PHASE batch=3 block=0 sha=99681 frontA=145478 frontB=124179 tree=48802 tail=64630
PHASE batch=3 block=1 sha=99798 frontA=269451 frontB=119983 tree=49178 tail=45524
PHASE batch=3 block=2 sha=99933 frontA=145781 frontB=122647 tree=50452 tail=64474
PHASE batch=3 block=3 sha=100077 frontA=274956 frontB=118784 tree=43945 tail=46907
PHASE batch=3 block=4 sha=99705 frontA=145384 frontB=122909 tree=49888 tail=64218
PHASE batch=3 block=5 sha=99828 frontA=270345 frontB=118161 tree=51197 tail=43930
PHASE batch=3 block=6 sha=99579 frontA=145308 frontB=123680 tree=49076 tail=64273
PHASE batch=3 block=7 sha=99711 frontA=275400 frontB=120373 tree=46591 tail=41003
PHASE batch=3 block=8 sha=99759 frontA=145595 frontB=126191 tree=48100 tail=63037
PHASE batch=3 block=9 sha=99870 frontA=278300 frontB=120166 tree=42840 tail=43124
PHASE batch=3 block=10 sha=99943 frontA=145797 frontB=124208 tree=49169 tail=64381
PHASE batch=3 block=11 sha=100106 frontA=276429 frontB=123305 tree=44006 tail=40889
PHASE batch=3 block=12 sha=99676 frontA=145473 frontB=118721 tree=54170 tail=64288
PHASE batch=3 block=13 sha=99814 frontA=274126 frontB=119311 tree=41056 tail=49266
PHASE batch=3 block=14 sha=99647 frontA=145536 frontB=124794 tree=48144 tail=64265
PHASE batch=3 block=15 sha=99772 frontA=273422 frontB=120344 tree=45014 tail=45179
PHASE batch=3 block=16 sha=99911 frontA=145727 frontB=119672 tree=53486 tail=64308
PHASE batch=3 block=17 sha=100057 frontA=276604 frontB=119375 tree=39378 tail=49234
PHASE batch=3 block=18 sha=99679 frontA=145383 frontB=123485 tree=50010 tail=63549
PHASE batch=3 block=19 sha=99804 frontA=274284 frontB=121762 tree=42265 tail=45256
PHASE batch=3 block=20 sha=99549 frontA=145317 frontB=125663 tree=47088 tail=64361
PHASE batch=3 block=21 sha=99696 frontA=275315 frontB=118544 tree=45206 tail=44209
PHASE batch=3 block=22 sha=99727 frontA=145611 frontB=124847 tree=48219 tail=64408
PHASE batch=3 block=23 sha=99844 frontA=270841 frontB=123792 tree=45679 tail=44077
PHASE batch=3 block=24 sha=99938 frontA=145724 frontB=124681 tree=48745 tail=64149
PHASE batch=3 block=25 sha=100080 frontA=269578 frontB=119394 tree=49871 tail=45760
PHASE batch=3 block=26 sha=99631 frontA=145435 frontB=119990 tree=54104 tail=63316
PHASE batch=3 block=27 sha=99794 frontA=275136 frontB=120225 tree=42951 tail=45378
PHASE batch=3 block=28 sha=99641 frontA=145450 frontB=123594 tree=49445 tail=64343
PHASE batch=3 block=29 sha=99754 frontA=276092 frontB=122107 tree=39336 tail=46416
PHASE batch=3 block=30 sha=99864 frontA=145724 frontB=124909 tree=48397 tail=64367
PHASE batch=3 block=31 sha=100029 frontA=271517 frontB=117558 tree=49383 tail=46055
PHASE batch=3 block=32 sha=99667 frontA=145326 frontB=117980 tree=54858 tail=64241
PHASE batch=3 block=33 sha=99788 frontA=274460 frontB=119623 tree=41854 tail=47556
PHASE batch=3 block=34 sha=99525 frontA=145312 frontB=125020 tree=48110 tail=63860
PHASE batch=3 block=35 sha=99667 frontA=272507 frontB=122427 tree=45940 tail=42514
PHASE batch=3 block=36 sha=99705 frontA=145631 frontB=123092 tree=50012 tail=64154
PHASE batch=3 block=37 sha=99826 frontA=270470 frontB=117417 tree=50744 tail=45667
PHASE batch=3 block=38 sha=99899 frontA=145716 frontB=124052 tree=49292 tail=64518
PHASE batch=3 block=39 sha=100041 frontA=275737 frontB=118702 tree=48175 tail=41970
PHASE batch=3 block=40 sha=99688 frontA=145464 frontB=117992 tree=54889 tail=64309
PHASE batch=3 block=41 sha=99828 frontA=274400 frontB=118298 tree=41226 tail=49924
PHASE batch=3 block=42 sha=99671 frontA=145500 frontB=120540 tree=52415 tail=64244
PHASE batch=3 block=43 sha=99805 frontA=273958 frontB=119317 tree=43562 tail=47129
PHASE batch=3 block=44 sha=99921 frontA=145765 frontB=122972 tree=50753 tail=64006
PHASE batch=3 block=45 sha=100071 frontA=274635 frontB=120774 tree=43019 tail=46135
PHASE batch=3 block=46 sha=99685 frontA=145394 frontB=121589 tree=51198 tail=64401
PHASE batch=3 block=47 sha=99822 frontA=275034 frontB=120798 tree=44799 tail=42966
PHASE batch=3 block=48 sha=99561 frontA=145372 frontB=123704 tree=49026 tail=64046
PHASE batch=3 block=49 sha=99703 frontA=275871 frontB=120552 tree=44456 tail=42452
PHASE batch=3 block=50 sha=99737 frontA=145647 frontB=120018 tree=53019 tail=64342
PHASE batch=3 block=51 sha=99872 frontA=271894 frontB=119818 tree=50032 tail=42702
PHASE batch=3 block=52 sha=99950 frontA=145790 frontB=123701 tree=49452 tail=64758
PHASE batch=3 block=53 sha=100079 frontA=278390 frontB=121321 tree=48393 tail=36464
PHASE batch=3 block=54 sha=99658 frontA=145546 frontB=117944 tree=54873 tail=64254
PHASE batch=3 block=55 sha=99804 frontA=276090 frontB=119596 tree=38224 tail=49820
PHASE batch=3 block=56 sha=99651 frontA=145520 frontB=122106 tree=50844 tail=64517
PHASE batch=3 block=57 sha=99768 frontA=277280 frontB=120276 tree=45318 tail=41054
PHASE batch=3 block=58 sha=99890 frontA=145729 frontB=118225 tree=54939 tail=64298
PHASE batch=3 block=59 sha=100032 frontA=276739 frontB=119340 tree=41026 tail=47472
PHASE batch=3 block=60 sha=99667 frontA=145376 frontB=117878 tree=54935 tail=64082
PHASE batch=3 block=61 sha=99796 frontA=276244 frontB=120642 tree=37302 tail=49367
PHASE batch=3 block=62 sha=99526 frontA=145329 frontB=123952 tree=48786 tail=64014
PHASE batch=3 block=63 sha=99660 frontA=276558 frontB=120200 tree=45656 tail=40861
PHASE batch=3 block=64 sha=99715 frontA=145644 frontB=124089 tree=48954 tail=64550
PHASE batch=3 block=65 sha=99854 frontA=270978 frontB=118063 tree=51007 tail=44260
PHASE batch=3 block=66 sha=99903 frontA=145753 frontB=124413 tree=48929 tail=64334
PHASE batch=3 block=67 sha=100059 frontA=273060 frontB=117967 tree=52890 tail=40688
PHASE batch=3 block=68 sha=99621 frontA=145444 frontB=122779 tree=50144 tail=64282
PHASE batch=3 block=69 sha=99780 frontA=273922 frontB=118140 tree=46136 tail=45506
PHASE batch=3 block=70 sha=99629 frontA=145471 frontB=123942 tree=49038 tail=64188
PHASE batch=3 block=71 sha=99742 frontA=274695 frontB=120300 tree=40817 tail=48106
PHASE batch=3 block=72 sha=99883 frontA=145731 frontB=124588 tree=48682 tail=64060
PHASE batch=3 block=73 sha=100004 frontA=274144 frontB=118549 tree=47439 tail=44380
PHASE batch=3 block=74 sha=99657 frontA=145289 frontB=118807 tree=54069 tail=64371
PHASE batch=3 block=75 sha=99774 frontA=274810 frontB=117633 tree=44635 tail=46411
PHASE batch=3 block=76 sha=99515 frontA=145280 frontB=122315 tree=50471 tail=64418
PHASE batch=3 block=77 sha=99657 frontA=271207 frontB=117428 tree=48771 tail=45781
PHASE batch=3 block=78 sha=99691 frontA=145630 frontB=123600 tree=49495 tail=64180
PHASE batch=3 block=79 sha=99812 frontA=269033 frontB=121498 tree=48085 tail=45714
PHASE batch=3 block=80 sha=99891 frontA=145700 frontB=122848 tree=50616 tail=64162
PHASE batch=3 block=81 sha=100029 frontA=269784 frontB=121169 tree=48923 tail=44699
PHASE batch=3 block=82 sha=99686 frontA=145568 frontB=120825 tree=52066 tail=64382
PHASE batch=3 block=83 sha=99803 frontA=275356 frontB=119299 tree=43355 tail=46128
PHASE batch=3 block=84 sha=99938 frontA=145768 frontB=124772 tree=48352 tail=64412
PHASE batch=3 block=85 sha=100067 frontA=274844 frontB=121152 tree=49673 tail=38935
PHASE batch=3 block=86 sha=99704 frontA=145380 frontB=122346 tree=50460 tail=64259
PHASE batch=3 block=87 sha=99835 frontA=270127 frontB=124097 tree=42628 tail=46762
PHASE batch=3 block=88 sha=99578 frontA=145361 frontB=124896 tree=47823 tail=64136
PHASE batch=3 block=89 sha=99714 frontA=276932 frontB=121488 tree=39475 tail=45419
PHASE batch=3 block=90 sha=99758 frontA=145685 frontB=120714 tree=52287 tail=64348
PHASE batch=3 block=91 sha=99884 frontA=271387 frontB=120562 tree=45800 tail=46676
PHASE batch=3 block=92 sha=99961 frontA=145736 frontB=119373 tree=53878 tail=64410
PHASE batch=3 block=93 sha=100088 frontA=275741 frontB=119146 tree=42413 tail=47338
PHASE batch=3 block=94 sha=99663 frontA=145458 frontB=125462 tree=47434 tail=64210
PHASE batch=3 block=95 sha=99813 frontA=274035 frontB=118703 tree=46692 tail=44310
PHASE batch=3 block=96 sha=99660 frontA=145511 frontB=117354 tree=55587 tail=64543
PHASE batch=3 block=97 sha=99773 frontA=275946 frontB=119842 tree=42839 tail=45349
PHASE batch=3 block=98 sha=99908 frontA=145736 frontB=123203 tree=49965 tail=64393
PHASE batch=3 block=99 sha=100054 frontA=275714 frontB=119676 tree=50214 tail=38982
PHASE batch=3 block=100 sha=99672 frontA=145411 frontB=118264 tree=54522 tail=64227
PHASE batch=3 block=101 sha=99805 frontA=276178 frontB=120201 tree=37328 tail=49894
PHASE batch=3 block=102 sha=99550 frontA=145318 frontB=118472 tree=54282 tail=64356
PHASE batch=3 block=103 sha=99684 frontA=274254 frontB=118644 tree=42962 tail=47425
PHASE batch=3 block=104 sha=99726 frontA=145695 frontB=123990 tree=49033 tail=64250
PHASE batch=3 block=105 sha=99840 frontA=272300 frontB=119749 tree=45741 tail=46592
PHASE batch=3 block=106 sha=99931 frontA=145733 frontB=118007 tree=56011 tail=63555
PHASE batch=3 block=107 sha=100064 frontA=281475 frontB=115621 tree=37426 tail=50091
PHASE batch=3 block=108 sha=99626 frontA=145463 frontB=123750 tree=49250 tail=64148
PHASE batch=3 block=109 sha=99789 frontA=276701 frontB=119164 tree=50169 tail=37674
PHASE batch=3 block=110 sha=99634 frontA=145517 frontB=123640 tree=49315 tail=64288
PHASE batch=3 block=111 sha=99765 frontA=275744 frontB=122932 tree=38657 tail=46605
PHASE batch=3 block=112 sha=99865 frontA=145721 frontB=121843 tree=51341 tail=64301
PHASE batch=3 block=113 sha=100014 frontA=276496 frontB=121856 tree=39587 tail=46573
PHASE batch=3 block=114 sha=99664 frontA=145336 frontB=119764 tree=53084 tail=64348
PHASE batch=3 block=115 sha=99781 frontA=269505 frontB=119385 tree=52208 tail=42417
PHASE batch=3 block=116 sha=99524 frontA=145354 frontB=124250 tree=48908 tail=63822
PHASE batch=3 block=117 sha=99641 frontA=270208 frontB=118558 tree=48583 tail=46062
PHASE batch=3 block=118 sha=99700 frontA=145652 frontB=123313 tree=49756 tail=64356
PHASE batch=3 block=119 sha=99821 frontA=273677 frontB=121683 tree=44508 tail=44433
PHASE batch=3 block=120 sha=99907 frontA=145709 frontB=124159 tree=49192 tail=64351
PHASE batch=3 block=121 sha=100040 frontA=272494 frontB=121875 tree=44451 tail=45763
PHASE batch=3 block=122 sha=99677 frontA=145486 frontB=123940 tree=48928 tail=64346
PHASE batch=3 block=123 sha=99823 frontA=277553 frontB=119964 tree=39170 tail=47205
PHASE batch=3 block=124 sha=99670 frontA=145524 frontB=119493 tree=53439 tail=64403
PHASE batch=3 block=125 sha=99787 frontA=277352 frontB=121993 tree=37516 tail=47127
PHASE batch=3 block=126 sha=99920 frontA=145757 frontB=119480 tree=53647 tail=64291
PHASE batch=3 block=127 sha=100066 frontA=283946 frontB=118596 tree=39944 tail=42087
PHASE batch=4 block=0 sha=100056 frontA=145084 frontB=122053 tree=50720 tail=66915
PHASE batch=4 block=1 sha=100147 frontA=277697 frontB=119706 tree=43297 tail=45109
PHASE batch=4 block=2 sha=100284 frontA=145390 frontB=126671 tree=48183 tail=64709
PHASE batch=4 block=3 sha=100368 frontA=277828 frontB=121223 tree=41652 tail=45913
PHASE batch=4 block=4 sha=99964 frontA=145028 frontB=126095 tree=46510 tail=66506
PHASE batch=4 block=5 sha=100054 frontA=283816 frontB=121312 tree=33256 tail=47065
PHASE batch=4 block=6 sha=99937 frontA=144982 frontB=118190 tree=55210 tail=65840
PHASE batch=4 block=7 sha=100017 frontA=274886 frontB=117681 tree=43154 tail=49751
PHASE batch=4 block=8 sha=100050 frontA=145279 frontB=118893 tree=53988 tail=66742
PHASE batch=4 block=9 sha=100163 frontA=277240 frontB=120020 tree=41969 tail=47243
PHASE batch=4 block=10 sha=100287 frontA=145433 frontB=120563 tree=52593 tail=66225
PHASE batch=4 block=11 sha=100371 frontA=278122 frontB=118846 tree=43895 tail=45734
PHASE batch=4 block=12 sha=100004 frontA=145104 frontB=122343 tree=50510 tail=66567
PHASE batch=4 block=13 sha=100088 frontA=274298 frontB=117346 tree=49315 tail=44899
PHASE batch=4 block=14 sha=100034 frontA=145081 frontB=123915 tree=48859 tail=67084
PHASE batch=4 block=15 sha=100131 frontA=279588 frontB=126376 tree=32985 tail=46808
PHASE batch=4 block=16 sha=100264 frontA=145370 frontB=124896 tree=48267 tail=66429
PHASE batch=4 block=17 sha=100346 frontA=280744 frontB=121107 tree=38640 tail=46144
PHASE batch=4 block=18 sha=99944 frontA=145210 frontB=122764 tree=49650 tail=66380
PHASE batch=4 block=19 sha=100046 frontA=272569 frontB=119623 tree=58897 tail=34472
PHASE batch=4 block=20 sha=99878 frontA=145004 frontB=119361 tree=53399 tail=66261
PHASE batch=4 block=21 sha=100007 frontA=275016 frontB=122086 tree=42072 tail=46225
PHASE batch=4 block=22 sha=100065 frontA=145229 frontB=122566 tree=50932 tail=66032
PHASE batch=4 block=23 sha=100147 frontA=282528 frontB=123755 tree=35352 tail=44808
PHASE batch=4 block=24 sha=100260 frontA=145406 frontB=121937 tree=51340 tail=66109
PHASE batch=4 block=25 sha=100346 frontA=276445 frontB=119179 tree=44284 tail=46893
PHASE batch=4 block=26 sha=99947 frontA=145125 frontB=122120 tree=50712 tail=66473
PHASE batch=4 block=27 sha=100056 frontA=281363 frontB=118732 tree=36039 tail=49693
PHASE batch=4 block=28 sha=100010 frontA=145061 frontB=123144 tree=49734 tail=66830
PHASE batch=4 block=29 sha=100100 frontA=274503 frontB=118118 tree=51444 tail=41607
PHASE batch=4 block=30 sha=100234 frontA=145360 frontB=125577 tree=47383 tail=66698
PHASE batch=4 block=31 sha=100329 frontA=275382 frontB=117064 tree=46286 tail=47871
PHASE batch=4 block=32 sha=99922 frontA=144997 frontB=117392 tree=55381 tail=66406
PHASE batch=4 block=33 sha=100020 frontA=273401 frontB=117810 tree=45219 tail=48939
PHASE batch=4 block=34 sha=99887 frontA=144971 frontB=123128 tree=49508 tail=66443
PHASE batch=4 block=35 sha=99987 frontA=269671 frontB=121900 tree=45719 tail=48012
PHASE batch=4 block=36 sha=100031 frontA=145216 frontB=123149 tree=49716 tail=66848
PHASE batch=4 block=37 sha=100140 frontA=269501 frontB=121055 tree=50809 tail=44835
PHASE batch=4 block=38 sha=100234 frontA=145399 frontB=118764 tree=54892 tail=65926
PHASE batch=4 block=39 sha=100332 frontA=277242 frontB=122994 tree=39283 tail=47162
PHASE batch=4 block=40 sha=100016 frontA=145139 frontB=125039 tree=50372 tail=63939
PHASE batch=4 block=41 sha=100109 frontA=276156 frontB=118172 tree=51489 tail=40064
PHASE batch=4 block=42 sha=100042 frontA=145046 frontB=123921 tree=48910 tail=66938
PHASE batch=4 block=43 sha=100137 frontA=277936 frontB=121555 tree=38266 tail=47975
PHASE batch=4 block=44 sha=100270 frontA=145342 frontB=120713 tree=54125 tail=64621
PHASE batch=4 block=45 sha=100356 frontA=281491 frontB=120094 tree=39015 tail=45994
PHASE batch=4 block=46 sha=99956 frontA=144992 frontB=123741 tree=51106 tail=64339
PHASE batch=4 block=47 sha=100038 frontA=278282 frontB=120177 tree=42453 tail=44559
PHASE batch=4 block=48 sha=99917 frontA=144926 frontB=117650 tree=55046 tail=66284
PHASE batch=4 block=49 sha=100003 frontA=273651 frontB=120290 tree=41706 tail=49738
PHASE batch=4 block=50 sha=100077 frontA=145198 frontB=125298 tree=48078 tail=66051
PHASE batch=4 block=51 sha=100155 frontA=277367 frontB=120047 tree=42439 tail=46628
PHASE batch=4 block=52 sha=100267 frontA=145453 frontB=125691 tree=48271 tail=65513
PHASE batch=4 block=53 sha=100352 frontA=270971 frontB=119174 tree=48607 tail=48067
PHASE batch=4 block=54 sha=99955 frontA=145136 frontB=122551 tree=50272 tail=66495
PHASE batch=4 block=55 sha=100077 frontA=285174 frontB=120839 tree=33006 tail=46857
PHASE batch=4 block=56 sha=100024 frontA=145064 frontB=123914 tree=50273 tail=65585
PHASE batch=4 block=57 sha=100115 frontA=277357 frontB=119173 tree=47154 tail=42003
PHASE batch=4 block=58 sha=100252 frontA=145329 frontB=124064 tree=48932 tail=66533
PHASE batch=4 block=59 sha=100330 frontA=282231 frontB=123812 tree=33361 tail=47154
PHASE batch=4 block=60 sha=99940 frontA=145014 frontB=118642 tree=54319 tail=66085
PHASE batch=4 block=61 sha=100014 frontA=284754 frontB=119645 tree=32185 tail=48878
PHASE batch=4 block=62 sha=99866 frontA=145683 frontB=123943 tree=48609 tail=65624
PHASE batch=4 block=63 sha=99996 frontA=278093 frontB=118767 tree=45280 tail=43253
PHASE batch=4 block=64 sha=100049 frontA=145213 frontB=125050 tree=47826 tail=66571
PHASE batch=4 block=65 sha=100131 frontA=277535 frontB=121562 tree=41619 tail=45639
PHASE batch=4 block=66 sha=100254 frontA=145408 frontB=119040 tree=54391 tail=65954
PHASE batch=4 block=67 sha=100332 frontA=282771 frontB=120985 tree=33713 tail=49172
PHASE batch=4 block=68 sha=99968 frontA=145104 frontB=125270 tree=48168 tail=65867
PHASE batch=4 block=69 sha=100068 frontA=277336 frontB=118318 tree=45816 tail=44265
PHASE batch=4 block=70 sha=99998 frontA=145099 frontB=123973 tree=48807 tail=67000
PHASE batch=4 block=71 sha=100089 frontA=275602 frontB=120523 tree=40232 tail=49284
PHASE batch=4 block=72 sha=100234 frontA=145317 frontB=125009 tree=48003 tail=66777
PHASE batch=4 block=73 sha=100320 frontA=275289 frontB=117196 tree=46999 tail=47043
PHASE batch=4 block=74 sha=99910 frontA=144919 frontB=117879 tree=54836 tail=66381
PHASE batch=4 block=75 sha=99999 frontA=273060 frontB=117733 tree=44776 tail=49829
PHASE batch=4 block=76 sha=99877 frontA=144957 frontB=121067 tree=51760 tail=66171
PHASE batch=4 block=77 sha=99974 frontA=280988 frontB=121944 tree=32731 tail=49665
PHASE batch=4 block=78 sha=100033 frontA=145205 frontB=120460 tree=52498 tail=66512
PHASE batch=4 block=79 sha=100107 frontA=277330 frontB=122173 tree=38672 tail=48137
PHASE batch=4 block=80 sha=100228 frontA=145387 frontB=119015 tree=53940 tail=66482
PHASE batch=4 block=81 sha=100316 frontA=275354 frontB=117235 tree=44042 tail=50006
PHASE batch=4 block=82 sha=100063 frontA=145115 frontB=117738 tree=56078 tail=65927
PHASE batch=4 block=83 sha=100120 frontA=268822 frontB=119769 tree=47352 tail=49875
PHASE batch=4 block=84 sha=100288 frontA=145394 frontB=123696 tree=49439 tail=66372
PHASE batch=4 block=85 sha=100370 frontA=274433 frontB=118071 tree=45910 tail=48166
PHASE batch=4 block=86 sha=99971 frontA=145029 frontB=125562 tree=48407 tail=65386
PHASE batch=4 block=87 sha=100053 frontA=282523 frontB=117906 tree=40633 tail=44453
PHASE batch=4 block=88 sha=99940 frontA=145002 frontB=125045 tree=49564 tail=64725
PHASE batch=4 block=89 sha=100018 frontA=277398 frontB=120060 tree=41570 tail=46397
PHASE batch=4 block=90 sha=100090 frontA=145228 frontB=119457 tree=55159 tail=64858
PHASE batch=4 block=91 sha=100170 frontA=275872 frontB=117293 tree=46576 tail=46724
PHASE batch=4 block=92 sha=100281 frontA=145451 frontB=119459 tree=53549 tail=66345
PHASE batch=4 block=93 sha=100361 frontA=275693 frontB=118374 tree=48878 tail=43668
PHASE batch=4 block=94 sha=99968 frontA=145135 frontB=121025 tree=53279 tail=65152
PHASE batch=4 block=95 sha=100089 frontA=271062 frontB=120071 tree=49811 tail=44900
PHASE batch=4 block=96 sha=100027 frontA=145126 frontB=123760 tree=48954 tail=66966
PHASE batch=4 block=97 sha=100113 frontA=276770 frontB=123169 tree=39248 tail=46585
PHASE batch=4 block=98 sha=100259 frontA=145346 frontB=124182 tree=48966 tail=66450
PHASE batch=4 block=99 sha=100341 frontA=275228 frontB=122406 tree=43754 tail=45238
PHASE batch=4 block=100 sha=99937 frontA=145015 frontB=123909 tree=48714 tail=66405
PHASE batch=4 block=101 sha=100021 frontA=273814 frontB=118158 tree=53443 tail=40025
PHASE batch=4 block=102 sha=99908 frontA=144956 frontB=124305 tree=48640 tail=66048
PHASE batch=4 block=103 sha=99990 frontA=275603 frontB=118395 tree=45752 tail=45691
PHASE batch=4 block=104 sha=100060 frontA=145254 frontB=122775 tree=50050 tail=66600
PHASE batch=4 block=105 sha=100138 frontA=272550 frontB=118519 tree=48690 tail=46644
PHASE batch=4 block=106 sha=100257 frontA=145382 frontB=123910 tree=49710 tail=65874
PHASE batch=4 block=107 sha=100337 frontA=276755 frontB=124646 tree=38849 tail=46554
PHASE batch=4 block=108 sha=99940 frontA=145159 frontB=123855 tree=48976 tail=66476
PHASE batch=4 block=109 sha=100059 frontA=274018 frontB=120766 tree=49224 tail=41796
PHASE batch=4 block=110 sha=100007 frontA=145100 frontB=118277 tree=54473 tail=67129
PHASE batch=4 block=111 sha=100073 frontA=275891 frontB=116785 tree=44369 tail=48701
PHASE batch=4 block=112 sha=100231 frontA=145346 frontB=126098 tree=46884 tail=66515
PHASE batch=4 block=113 sha=100329 frontA=277607 frontB=119088 tree=42225 tail=47646
PHASE batch=4 block=114 sha=99923 frontA=145008 frontB=120185 tree=52901 tail=66340
PHASE batch=4 block=115 sha=100007 frontA=282301 frontB=117809 tree=36667 tail=48625
PHASE batch=4 block=116 sha=99884 frontA=144969 frontB=124119 tree=48550 tail=66618
PHASE batch=4 block=117 sha=99979 frontA=278476 frontB=120002 tree=40496 tail=46357
PHASE batch=4 block=118 sha=100034 frontA=145202 frontB=125336 tree=47554 tail=66739
PHASE batch=4 block=119 sha=100118 frontA=275543 frontB=121268 tree=50152 tail=39357
PHASE batch=4 block=120 sha=100235 frontA=145375 frontB=119212 tree=54204 tail=66120
PHASE batch=4 block=121 sha=100320 frontA=286139 frontB=122799 tree=32142 tail=45618
PHASE batch=4 block=122 sha=99974 frontA=145171 frontB=124248 tree=50290 tail=64711
PHASE batch=4 block=123 sha=100089 frontA=278929 frontB=120929 tree=45908 tail=40154
PHASE batch=4 block=124 sha=100039 frontA=145106 frontB=125275 tree=47873 tail=66737
PHASE batch=4 block=125 sha=100100 frontA=280815 frontB=123449 tree=41356 tail=40207
PHASE batch=4 block=126 sha=100271 frontA=145389 frontB=124571 tree=48362 tail=66729
PHASE batch=4 block=127 sha=100349 frontA=272856 frontB=118943 tree=52466 tail=42394
