  compile: nvcc -O3 -DQSB_ZEROS_N=24 -o /mnt/d/kongtaoxing/qsb-subset/candidates/subset/research/split_sha_only/frontier /mnt/d/kongtaoxing/qsb-subset/candidates/subset/research/split_sha_only/frontier.cu -lcrypto -lm
nvcc warning : Support for offline compilation for architectures prior to '<compute/sm/lto>_75' will be removed in a future release (Use -Wno-deprecated-gpu-targets to suppress warning).
/mnt/d/kongtaoxing/qsb-subset/candidates/subset/research/split_sha_only/../../chain_replay_field.cuh(11): warning #550-D: variable "carry" was set but never used
      uint64_t r0,r1,r2,r3;uint32_t carry;
                                    ^

Remark: The warnings can be suppressed with "-diag-suppress <warning-number>"

/mnt/d/kongtaoxing/qsb-subset/candidates/subset/research/split_sha_only/../../chain_replay_field.cuh(42): warning #550-D: variable "carry" was set but never used
      uint64_t r0,r1,r2,r3; uint32_t carry;
                                     ^

/mnt/d/kongtaoxing/qsb-subset/candidates/subset/research/split_sha_only/../../chain_replay_field.cuh(58): warning #550-D: variable "carry" was set but never used
      uint64_t r0,r1,r2,r3; uint32_t carry;
                                     ^

/mnt/d/kongtaoxing/qsb-subset/candidates/subset/research/split_sha_only/../../chain_replay_field.cuh(1694): warning #550-D: variable "high" was set but never used
      uint64_t r0,r1,r2,r3,high;
                           ^

/mnt/d/kongtaoxing/qsb-subset/candidates/subset/research/split_sha_only/../../hit_filter_field_sc.cuh(39): warning #550-D: variable "carry" was set but never used
      uint64_t r0,r1,r2,r3;uint32_t carry;
                                    ^

/mnt/d/kongtaoxing/qsb-subset/candidates/subset/research/split_sha_only/../../hit_filter_field_sc.cuh(70): warning #550-D: variable "carry" was set but never used
      uint64_t r0,r1,r2,r3; uint32_t carry;
                                     ^

/mnt/d/kongtaoxing/qsb-subset/candidates/subset/research/split_sha_only/../../hit_filter_field_sc.cuh(95): warning #550-D: variable "carry" was set but never used
      uint64_t r0,r1,r2,r3; uint32_t carry;
                                     ^

/mnt/d/kongtaoxing/qsb-subset/candidates/subset/research/split_sha_only/../../hit_filter_field_sc.cuh(2959): warning #550-D: variable "high" was set but never used
      uint64_t r0,r1,r2,r3,high;
                           ^

/mnt/d/kongtaoxing/qsb-subset/candidates/subset/research/split_sha_only/frontier.cu(2963): warning #550-D: variable "debug_idx" was set but never used
          int debug_idx = -1;
              ^

/mnt/d/kongtaoxing/qsb-subset/candidates/subset/research/split_sha_only/frontier.cu(3032): warning #177-D: variable "f" was declared but never referenced
              int f = (int)tile_first[t];
                  ^

/mnt/d/kongtaoxing/qsb-subset/candidates/subset/research/split_sha_only/frontier.cu(2617): warning #177-D: variable "epoch_mid" was declared but never referenced
      uint32_t epoch_mid[8];
               ^

/mnt/d/kongtaoxing/qsb-subset/candidates/subset/research/split_sha_only/frontier.cu(2618): warning #177-D: variable "epoch_rem_len" was declared but never referenced
      int epoch_rem_len = 0;
          ^

/mnt/d/kongtaoxing/qsb-subset/candidates/subset/research/split_sha_only/frontier.cu(2917): warning #177-D: variable "BLKSZ" was declared but never referenced
      int BLKSZ = 256;
          ^

/mnt/d/kongtaoxing/qsb-subset/candidates/subset/research/split_sha_only/frontier.cu(2971): warning #550-D: variable "t_last_report" was set but never used
      struct timespec t0, t1, t_last_report;
                              ^

/mnt/d/kongtaoxing/qsb-subset/candidates/subset/research/split_sha_only/frontier.cu(3052): warning #177-D: variable "found" was declared but never referenced
      int found = 0;
          ^

/mnt/d/kongtaoxing/qsb-subset/candidates/subset/research/split_sha_only/frontier.cu(2345): warning #177-D: function "unrank_combo_host" was declared but never referenced
  static void unrank_combo_host(uint64_t rank, int n, int t, uint8_t *out) {
              ^

/mnt/d/kongtaoxing/qsb-subset/candidates/subset/research/split_sha_only/frontier.cu(2362): warning #177-D: function "build_epoch_prefix" was declared but never referenced
  static void build_epoch_prefix(const digest_params_t *dp, int window_start, int s_early,
              ^

/mnt/d/kongtaoxing/qsb-subset/candidates/subset/research/split_sha_only/frontier.cu: In function ‘void gt_point_to_limbs(EC_GROUP*, EC_POINT*, BIGNUM*, BIGNUM*, BN_CTX*, uint64_t*)’:
/mnt/d/kongtaoxing/qsb-subset/candidates/subset/research/split_sha_only/frontier.cu:2098:36: warning: ‘int EC_POINT_get_affine_coordinates_GFp(const EC_GROUP*, const EC_POINT*, BIGNUM*, BIGNUM*, BN_CTX*)’ is deprecated: Since OpenSSL 3.0 [-Wdeprecated-declarations]
 2098 |     EC_POINT_get_affine_coordinates_GFp(grp, pt, x, y, ctx);
      |     ~~~~~~~~~~~~~~~~~~~~~~~~~~~~~~~^~~~~~~~~~~~~~~~~~~~
/usr/include/openssl/ec.h:659:52: note: declared here
  659 | OSSL_DEPRECATEDIN_3_0 int EC_POINT_get_affine_coordinates_GFp
      |                                                    ^~~~~~~~~~                         
/mnt/d/kongtaoxing/qsb-subset/candidates/subset/research/split_sha_only/frontier.cu: In function ‘void compute_gtable(uint8_t*, const uint8_t*)’:
/mnt/d/kongtaoxing/qsb-subset/candidates/subset/research/split_sha_only/frontier.cu:2222:36: warning: ‘int EC_POINT_get_affine_coordinates_GFp(const EC_GROUP*, const EC_POINT*, BIGNUM*, BIGNUM*, BN_CTX*)’ is deprecated: Since OpenSSL 3.0 [-Wdeprecated-declarations]
 2222 |             EC_POINT_get_affine_coordinates_GFp(grp, pt, x, y, ctx);
      |             ~~~~~~~~~~~~~~~~~~~~~~~^~~~~~~~~~~~~~~~~~~~
/usr/include/openssl/ec.h:659:52: note: declared here
  659 | OSSL_DEPRECATEDIN_3_0 int EC_POINT_get_affine_coordinates_GFp
      |                                                    ^~~~~~~~~~                         
/mnt/d/kongtaoxing/qsb-subset/candidates/subset/research/split_sha_only/frontier.cu: In function ‘void build_epoch_prefix(const digest_params_t*, int, int, const uint8_t*, uint8_t*, uint32_t*, uint8_t*, int*)’:
/mnt/d/kongtaoxing/qsb-subset/candidates/subset/research/split_sha_only/frontier.cu:2374:12: warning: ‘int SHA256_Init(SHA256_CTX*)’ is deprecated: Since OpenSSL 3.0 [-Wdeprecated-declarations]
 2374 |     SHA256_Init(&ctx);
      |     ~~~~~~~^~~~~~
/usr/include/openssl/sha.h:73:52: note: declared here
   73 | OSSL_DEPRECATEDIN_3_0 int SHA256_Init(SHA256_CTX *c);
      |                                                    ^~         
/mnt/d/kongtaoxing/qsb-subset/candidates/subset/research/split_sha_only/frontier.cu:2377:57: warning: ‘void SHA256_Transform(SHA256_CTX*, const unsigned char*)’ is deprecated: Since OpenSSL 3.0 [-Wdeprecated-declarations]
 2377 |     for (size_t i = 0; i < blocks; ++i) SHA256_Transform(&ctx, scratch + i * 64);
      |                                         ~~~~~~~~~~~~~~~~^~~~~~~~~~~~~~~~~~~~~~~~~   
/usr/include/openssl/sha.h:77:53: note: declared here
   77 | OSSL_DEPRECATEDIN_3_0 void SHA256_Transform(SHA256_CTX *c,
      |                                                     ^~~~~~          
/mnt/d/kongtaoxing/qsb-subset/candidates/subset/research/split_sha_only/frontier.cu: In function ‘int main(int, char**)’:
/mnt/d/kongtaoxing/qsb-subset/candidates/subset/research/split_sha_only/frontier.cu:2884:36: warning: ‘int EC_POINT_set_affine_coordinates_GFp(const EC_GROUP*, EC_POINT*, const BIGNUM*, const BIGNUM*, BN_CTX*)’ is deprecated: Since OpenSSL 3.0 [-Wdeprecated-declarations]
 2884 |         EC_POINT_set_affine_coordinates_GFp(grp,pt,bx,by,ctx);
      |         ~~~~~~~~~~~~~~~~~~~~~~~~~~~^~~~~~~~~~~~~~~~~~~~~~
/usr/include/openssl/ec.h:646:52: note: declared here
  646 | OSSL_DEPRECATEDIN_3_0 int EC_POINT_set_affine_coordinates_GFp
      |                                                    ^~~~~~~~~~                         
/mnt/d/kongtaoxing/qsb-subset/candidates/subset/research/split_sha_only/frontier.cu:2889:36: warning: ‘int EC_POINT_get_affine_coordinates_GFp(const EC_GROUP*, const EC_POINT*, BIGNUM*, BIGNUM*, BN_CTX*)’ is deprecated: Since OpenSSL 3.0 [-Wdeprecated-declarations]
 2889 |         EC_POINT_get_affine_coordinates_GFp(grp,dbl,dx,dy,ctx);
      |         ~~~~~~~~~~~~~~~~~~~~~~~~~~~^~~~~~~~~~~~~~~~~~~~~~~
/usr/include/openssl/ec.h:659:52: note: declared here
  659 | OSSL_DEPRECATEDIN_3_0 int EC_POINT_get_affine_coordinates_GFp
      |                                                    ^~~~~~~~~~                         
