  pinning: /mnt/d/kongtaoxing/qsb-subset/candidates/subset/research/split_sha_only/output-frontier-d/problems/pinning.json  +  pinning.bin (219 bytes)  preimage=9995B
  subset: /mnt/d/kongtaoxing/qsb-subset/candidates/subset/research/split_sha_only/output-frontier-d/problems/subset.json  +  subset.bin (1956 bytes)  preimage=9906B
problems generated (synthetic, seed=2026092501 — no real coin material)
▶ grinder: python3 /mnt/d/kongtaoxing/qsb-subset/candidates/subset/research/stage_profile/capture.py --src /mnt/d/kongtaoxing/qsb-subset/candidates/subset/research/split_sha_only/frontier.cu --no-build --bench subset --zeros 24 --mode fixed_time --out /mnt/d/kongtaoxing/qsb-subset/candidates/subset/research/split_sha_only/output-frontier-d/run.json --seconds 60.0 --hits 200
  compile: reusing /mnt/d/kongtaoxing/qsb-subset/candidates/subset/research/split_sha_only/frontier (already built for N=24)
  run: stdbuf -oL timeout 60 /mnt/d/kongtaoxing/qsb-subset/candidates/subset/research/split_sha_only/frontier /mnt/d/kongtaoxing/qsb-subset/candidates/subset/research/split_sha_only/output-frontier-d/problems/subset.bin 0 279549145 2399405719 1 0 single_hash
  → /mnt/d/kongtaoxing/qsb-subset/candidates/subset/research/split_sha_only/output-frontier-d/run.json: 249.0M/s, 14,957,602,501 candidates, 1791 hits

========================================================
  BENCH   : subset   GPU: RTX_4090
  N (zeros): 24   mode: fixed_time
  candidates (self-reported): 14,957,602,501  in 60.1s (harness clock)
  candidates (from N verified hits): 15,023,996,928
  grinder self-reported: 60.1s, 249.0 M/s (not scored)
  verified hits: 1791 / 1791
  hit rel. variance: 0.023629
--------------------------------------------------------
  SCORE (throughput) : 249.7892 M/s        ← primary (from verified hits)
  SCORE (hit-rate)   : 29.777195 hits/s
  RESULT: PASS ✅ (scored)
========================================================

{
  "verified_hits": 1791,
  "elapsed_s": 60.1467,
  "throughput_Mps": 249.789205,
  "problem_seed": 2026092501,
  "score": {
    "primary_throughput_Mps": 249.789205,
    "secondary_hits_per_s": 29.777195,
    "valid": true
  }
}
  pinning: /mnt/d/kongtaoxing/qsb-subset/candidates/subset/research/split_sha_only/output-candidate-e/problems/pinning.json  +  pinning.bin (219 bytes)  preimage=9995B
  subset: /mnt/d/kongtaoxing/qsb-subset/candidates/subset/research/split_sha_only/output-candidate-e/problems/subset.json  +  subset.bin (1956 bytes)  preimage=9906B
problems generated (synthetic, seed=2026092501 — no real coin material)
▶ grinder: python3 /mnt/d/kongtaoxing/qsb-subset/candidates/subset/research/stage_profile/capture.py --src /mnt/d/kongtaoxing/qsb-subset/candidates/subset/research/split_sha_only/candidate.cu --no-build --bench subset --zeros 24 --mode fixed_time --out /mnt/d/kongtaoxing/qsb-subset/candidates/subset/research/split_sha_only/output-candidate-e/run.json --seconds 60.0 --hits 200
  compile: reusing /mnt/d/kongtaoxing/qsb-subset/candidates/subset/research/split_sha_only/candidate (already built for N=24)
  run: stdbuf -oL timeout 60 /mnt/d/kongtaoxing/qsb-subset/candidates/subset/research/split_sha_only/candidate /mnt/d/kongtaoxing/qsb-subset/candidates/subset/research/split_sha_only/output-candidate-e/problems/subset.bin 0 279549145 2399405719 1 0 single_hash
  → /mnt/d/kongtaoxing/qsb-subset/candidates/subset/research/split_sha_only/output-candidate-e/run.json: 258.2M/s, 15,506,742,803 candidates, 1834 hits

========================================================
  BENCH   : subset   GPU: RTX_4090
  N (zeros): 24   mode: fixed_time
  candidates (self-reported): 15,506,742,803  in 60.1s (harness clock)
  candidates (from N verified hits): 15,384,707,072
  grinder self-reported: 60.1s, 258.2 M/s (not scored)
  verified hits: 1834 / 1834
  hit rel. variance: 0.023351
--------------------------------------------------------
  SCORE (throughput) : 255.8483 M/s        ← primary (from verified hits)
  SCORE (hit-rate)   : 30.499466 hits/s
  RESULT: PASS ✅ (scored)
========================================================

{
  "verified_hits": 1834,
  "elapsed_s": 60.1322,
  "throughput_Mps": 255.848251,
  "problem_seed": 2026092501,
  "score": {
    "primary_throughput_Mps": 255.848251,
    "secondary_hits_per_s": 30.499466,
    "valid": true
  }
}
