  pinning: /mnt/d/kongtaoxing/qsb-subset/candidates/subset/research/split_sha_only/output-candidate128-f/problems/pinning.json  +  pinning.bin (219 bytes)  preimage=9995B
  subset: /mnt/d/kongtaoxing/qsb-subset/candidates/subset/research/split_sha_only/output-candidate128-f/problems/subset.json  +  subset.bin (1956 bytes)  preimage=9906B
problems generated (synthetic, seed=2026092501 — no real coin material)
▶ grinder: python3 /mnt/d/kongtaoxing/qsb-subset/candidates/subset/research/stage_profile/capture.py --src /mnt/d/kongtaoxing/qsb-subset/candidates/subset/research/split_sha_only/candidate128.cu --no-build --bench subset --zeros 24 --mode fixed_time --out /mnt/d/kongtaoxing/qsb-subset/candidates/subset/research/split_sha_only/output-candidate128-f/run.json --seconds 60.0 --hits 200
  compile: reusing /mnt/d/kongtaoxing/qsb-subset/candidates/subset/research/split_sha_only/candidate128 (already built for N=24)
  run: stdbuf -oL timeout 60 /mnt/d/kongtaoxing/qsb-subset/candidates/subset/research/split_sha_only/candidate128 /mnt/d/kongtaoxing/qsb-subset/candidates/subset/research/split_sha_only/output-candidate128-f/problems/subset.bin 0 279549145 2399405719 1 0 single_hash
  → /mnt/d/kongtaoxing/qsb-subset/candidates/subset/research/split_sha_only/output-candidate128-f/run.json: 254.0M/s, 15,254,906,975 candidates, 1729 hits

========================================================
  BENCH   : subset   GPU: RTX_4090
  N (zeros): 24   mode: fixed_time
  candidates (self-reported): 15,254,906,975  in 60.1s (harness clock)
  candidates (from N verified hits): 14,503,903,232
  grinder self-reported: 60.1s, 254.0 M/s (not scored)
  verified hits: 1729 / 1729
  hit rel. variance: 0.024049
--------------------------------------------------------
  SCORE (throughput) : 241.1526 M/s        ← primary (from verified hits)
  SCORE (hit-rate)   : 28.747624 hits/s
  RESULT: PASS ✅ (scored)
========================================================

{
  "verified_hits": 1729,
  "elapsed_s": 60.1441,
  "throughput_Mps": 241.152622,
  "problem_seed": 2026092501,
  "score": {
    "primary_throughput_Mps": 241.152622,
    "secondary_hits_per_s": 28.747624,
    "valid": true
  }
}
  pinning: /mnt/d/kongtaoxing/qsb-subset/candidates/subset/research/split_sha_only/output-candidate128-g/problems/pinning.json  +  pinning.bin (219 bytes)  preimage=9995B
  subset: /mnt/d/kongtaoxing/qsb-subset/candidates/subset/research/split_sha_only/output-candidate128-g/problems/subset.json  +  subset.bin (1956 bytes)  preimage=9906B
problems generated (synthetic, seed=2026092501 — no real coin material)
▶ grinder: python3 /mnt/d/kongtaoxing/qsb-subset/candidates/subset/research/stage_profile/capture.py --src /mnt/d/kongtaoxing/qsb-subset/candidates/subset/research/split_sha_only/candidate128.cu --no-build --bench subset --zeros 24 --mode fixed_time --out /mnt/d/kongtaoxing/qsb-subset/candidates/subset/research/split_sha_only/output-candidate128-g/run.json --seconds 60.0 --hits 200
  compile: reusing /mnt/d/kongtaoxing/qsb-subset/candidates/subset/research/split_sha_only/candidate128 (already built for N=24)
  run: stdbuf -oL timeout 60 /mnt/d/kongtaoxing/qsb-subset/candidates/subset/research/split_sha_only/candidate128 /mnt/d/kongtaoxing/qsb-subset/candidates/subset/research/split_sha_only/output-candidate128-g/problems/subset.bin 0 279549145 2399405719 1 0 single_hash
  → /mnt/d/kongtaoxing/qsb-subset/candidates/subset/research/split_sha_only/output-candidate128-g/run.json: 252.1M/s, 15,139,305,695 candidates, 1814 hits

========================================================
  BENCH   : subset   GPU: RTX_4090
  N (zeros): 24   mode: fixed_time
  candidates (self-reported): 15,139,305,695  in 60.1s (harness clock)
  candidates (from N verified hits): 15,216,934,912
  grinder self-reported: 60.1s, 252.1 M/s (not scored)
  verified hits: 1814 / 1814
  hit rel. variance: 0.023479
--------------------------------------------------------
  SCORE (throughput) : 253.0515 M/s        ← primary (from verified hits)
  SCORE (hit-rate)   : 30.166113 hits/s
  RESULT: PASS ✅ (scored)
========================================================

{
  "verified_hits": 1814,
  "elapsed_s": 60.1337,
  "throughput_Mps": 253.051544,
  "problem_seed": 2026092501,
  "score": {
    "primary_throughput_Mps": 253.051544,
    "secondary_hits_per_s": 30.166113,
    "valid": true
  }
}
  pinning: /mnt/d/kongtaoxing/qsb-subset/candidates/subset/research/split_sha_only/output-candidate-h/problems/pinning.json  +  pinning.bin (219 bytes)  preimage=9995B
  subset: /mnt/d/kongtaoxing/qsb-subset/candidates/subset/research/split_sha_only/output-candidate-h/problems/subset.json  +  subset.bin (1956 bytes)  preimage=9906B
problems generated (synthetic, seed=2026092501 — no real coin material)
▶ grinder: python3 /mnt/d/kongtaoxing/qsb-subset/candidates/subset/research/stage_profile/capture.py --src /mnt/d/kongtaoxing/qsb-subset/candidates/subset/research/split_sha_only/candidate.cu --no-build --bench subset --zeros 24 --mode fixed_time --out /mnt/d/kongtaoxing/qsb-subset/candidates/subset/research/split_sha_only/output-candidate-h/run.json --seconds 60.0 --hits 200
  compile: reusing /mnt/d/kongtaoxing/qsb-subset/candidates/subset/research/split_sha_only/candidate (already built for N=24)
  run: stdbuf -oL timeout 60 /mnt/d/kongtaoxing/qsb-subset/candidates/subset/research/split_sha_only/candidate /mnt/d/kongtaoxing/qsb-subset/candidates/subset/research/split_sha_only/output-candidate-h/problems/subset.bin 0 279549145 2399405719 1 0 single_hash
  → /mnt/d/kongtaoxing/qsb-subset/candidates/subset/research/split_sha_only/output-candidate-h/run.json: 253.0M/s, 15,195,018,509 candidates, 1826 hits

========================================================
  BENCH   : subset   GPU: RTX_4090
  N (zeros): 24   mode: fixed_time
  candidates (self-reported): 15,195,018,509  in 60.1s (harness clock)
  candidates (from N verified hits): 15,317,598,208
  grinder self-reported: 60.1s, 253.0 M/s (not scored)
  verified hits: 1826 / 1826
  hit rel. variance: 0.023402
--------------------------------------------------------
  SCORE (throughput) : 254.7020 M/s        ← primary (from verified hits)
  SCORE (hit-rate)   : 30.362841 hits/s
  RESULT: PASS ✅ (scored)
========================================================

{
  "verified_hits": 1826,
  "elapsed_s": 60.1393,
  "throughput_Mps": 254.70204,
  "problem_seed": 2026092501,
  "score": {
    "primary_throughput_Mps": 254.70204,
    "secondary_hits_per_s": 30.362841,
    "valid": true
  }
}
