PASS: 126976 256-bit scalars match paired SHA and independent CPU/OpenSSL oracle; 60 boundary/odd-tail cases and guard regions pass.
  pinning: /mnt/d/kongtaoxing/qsb-subset/candidates/subset/research/split_sha_only/output-candidate_bound3-l/problems/pinning.json  +  pinning.bin (219 bytes)  preimage=9995B
  subset: /mnt/d/kongtaoxing/qsb-subset/candidates/subset/research/split_sha_only/output-candidate_bound3-l/problems/subset.json  +  subset.bin (1956 bytes)  preimage=9906B
problems generated (synthetic, seed=2026092501 — no real coin material)
▶ grinder: python3 /mnt/d/kongtaoxing/qsb-subset/candidates/subset/research/stage_profile/capture.py --src /mnt/d/kongtaoxing/qsb-subset/candidates/subset/research/split_sha_only/candidate_bound3.cu --no-build --bench subset --zeros 24 --mode fixed_time --out /mnt/d/kongtaoxing/qsb-subset/candidates/subset/research/split_sha_only/output-candidate_bound3-l/run.json --seconds 60.0 --hits 200
  compile: reusing /mnt/d/kongtaoxing/qsb-subset/candidates/subset/research/split_sha_only/candidate_bound3 (already built for N=24)
  run: stdbuf -oL timeout 60 /mnt/d/kongtaoxing/qsb-subset/candidates/subset/research/split_sha_only/candidate_bound3 /mnt/d/kongtaoxing/qsb-subset/candidates/subset/research/split_sha_only/output-candidate_bound3-l/problems/subset.bin 0 279549145 2399405719 1 0 single_hash
  → /mnt/d/kongtaoxing/qsb-subset/candidates/subset/research/split_sha_only/output-candidate_bound3-l/run.json: 261.3M/s, 15,697,375,417 candidates, 1784 hits

========================================================
  BENCH   : subset   GPU: RTX_4090
  N (zeros): 24   mode: fixed_time
  candidates (self-reported): 15,697,375,417  in 60.1s (harness clock)
  candidates (from N verified hits): 14,965,276,672
  grinder self-reported: 60.1s, 261.3 M/s (not scored)
  verified hits: 1784 / 1784
  hit rel. variance: 0.023676
--------------------------------------------------------
  SCORE (throughput) : 248.8093 M/s        ← primary (from verified hits)
  SCORE (hit-rate)   : 29.660369 hits/s
  RESULT: PASS ✅ (scored)
========================================================

{
  "verified_hits": 1784,
  "elapsed_s": 60.1476,
  "throughput_Mps": 248.8093,
  "problem_seed": 2026092501,
  "score": {
    "primary_throughput_Mps": 248.8093,
    "secondary_hits_per_s": 29.660369,
    "valid": true
  }
}
  pinning: /mnt/d/kongtaoxing/qsb-subset/candidates/subset/research/split_sha_only/output-candidate_bound3-m/problems/pinning.json  +  pinning.bin (219 bytes)  preimage=9995B
  subset: /mnt/d/kongtaoxing/qsb-subset/candidates/subset/research/split_sha_only/output-candidate_bound3-m/problems/subset.json  +  subset.bin (1956 bytes)  preimage=9906B
problems generated (synthetic, seed=2026092501 — no real coin material)
▶ grinder: python3 /mnt/d/kongtaoxing/qsb-subset/candidates/subset/research/stage_profile/capture.py --src /mnt/d/kongtaoxing/qsb-subset/candidates/subset/research/split_sha_only/candidate_bound3.cu --no-build --bench subset --zeros 24 --mode fixed_time --out /mnt/d/kongtaoxing/qsb-subset/candidates/subset/research/split_sha_only/output-candidate_bound3-m/run.json --seconds 60.0 --hits 200
  compile: reusing /mnt/d/kongtaoxing/qsb-subset/candidates/subset/research/split_sha_only/candidate_bound3 (already built for N=24)
  run: stdbuf -oL timeout 60 /mnt/d/kongtaoxing/qsb-subset/candidates/subset/research/split_sha_only/candidate_bound3 /mnt/d/kongtaoxing/qsb-subset/candidates/subset/research/split_sha_only/output-candidate_bound3-m/problems/subset.bin 0 279549145 2399405719 1 0 single_hash
  → /mnt/d/kongtaoxing/qsb-subset/candidates/subset/research/split_sha_only/output-candidate_bound3-m/run.json: 254.8M/s, 15,306,156,616 candidates, 1826 hits

========================================================
  BENCH   : subset   GPU: RTX_4090
  N (zeros): 24   mode: fixed_time
  candidates (self-reported): 15,306,156,616  in 60.1s (harness clock)
  candidates (from N verified hits): 15,317,598,208
  grinder self-reported: 60.1s, 254.8 M/s (not scored)
  verified hits: 1826 / 1826
  hit rel. variance: 0.023402
--------------------------------------------------------
  SCORE (throughput) : 254.6687 M/s        ← primary (from verified hits)
  SCORE (hit-rate)   : 30.358853 hits/s
  RESULT: PASS ✅ (scored)
========================================================

{
  "verified_hits": 1826,
  "elapsed_s": 60.1472,
  "throughput_Mps": 254.668686,
  "problem_seed": 2026092501,
  "score": {
    "primary_throughput_Mps": 254.668686,
    "secondary_hits_per_s": 30.358853,
    "valid": true
  }
}
  pinning: /mnt/d/kongtaoxing/qsb-subset/candidates/subset/research/split_sha_only/output-candidate-n/problems/pinning.json  +  pinning.bin (219 bytes)  preimage=9995B
  subset: /mnt/d/kongtaoxing/qsb-subset/candidates/subset/research/split_sha_only/output-candidate-n/problems/subset.json  +  subset.bin (1956 bytes)  preimage=9906B
problems generated (synthetic, seed=2026092501 — no real coin material)
▶ grinder: python3 /mnt/d/kongtaoxing/qsb-subset/candidates/subset/research/stage_profile/capture.py --src /mnt/d/kongtaoxing/qsb-subset/candidates/subset/research/split_sha_only/candidate.cu --no-build --bench subset --zeros 24 --mode fixed_time --out /mnt/d/kongtaoxing/qsb-subset/candidates/subset/research/split_sha_only/output-candidate-n/run.json --seconds 60.0 --hits 200
  compile: reusing /mnt/d/kongtaoxing/qsb-subset/candidates/subset/research/split_sha_only/candidate (already built for N=24)
  run: stdbuf -oL timeout 60 /mnt/d/kongtaoxing/qsb-subset/candidates/subset/research/split_sha_only/candidate /mnt/d/kongtaoxing/qsb-subset/candidates/subset/research/split_sha_only/output-candidate-n/problems/subset.bin 0 279549145 2399405719 1 0 single_hash
  → /mnt/d/kongtaoxing/qsb-subset/candidates/subset/research/split_sha_only/output-candidate-n/run.json: 253.6M/s, 15,233,841,105 candidates, 1814 hits

========================================================
  BENCH   : subset   GPU: RTX_4090
  N (zeros): 24   mode: fixed_time
  candidates (self-reported): 15,233,841,105  in 60.2s (harness clock)
  candidates (from N verified hits): 15,216,934,912
  grinder self-reported: 60.1s, 253.6 M/s (not scored)
  verified hits: 1814 / 1814
  hit rel. variance: 0.023479
--------------------------------------------------------
  SCORE (throughput) : 252.9648 M/s        ← primary (from verified hits)
  SCORE (hit-rate)   : 30.155733 hits/s
  RESULT: PASS ✅ (scored)
========================================================

{
  "verified_hits": 1814,
  "elapsed_s": 60.1544,
  "throughput_Mps": 252.964814,
  "problem_seed": 2026092501,
  "score": {
    "primary_throughput_Mps": 252.964814,
    "secondary_hits_per_s": 30.155733,
    "valid": true
  }
}
