  pinning: /mnt/d/kongtaoxing/qsb-subset/candidates/subset/research/split_fused_tail/output-baseline-a/problems/pinning.json  +  pinning.bin (219 bytes)  preimage=9995B
  subset: /mnt/d/kongtaoxing/qsb-subset/candidates/subset/research/split_fused_tail/output-baseline-a/problems/subset.json  +  subset.bin (1956 bytes)  preimage=9906B
problems generated (synthetic, seed=2026092501 — no real coin material)
▶ grinder: python3 /mnt/d/kongtaoxing/qsb-subset/candidates/subset/research/stage_profile/capture.py --src /mnt/d/kongtaoxing/qsb-subset/candidates/subset/research/split_fused_tail/baseline.cu --no-build --bench subset --zeros 24 --mode fixed_time --out /mnt/d/kongtaoxing/qsb-subset/candidates/subset/research/split_fused_tail/output-baseline-a/run.json --seconds 60.0 --hits 200
  compile: reusing /mnt/d/kongtaoxing/qsb-subset/candidates/subset/research/split_fused_tail/baseline (already built for N=24)
  run: stdbuf -oL timeout 60 /mnt/d/kongtaoxing/qsb-subset/candidates/subset/research/split_fused_tail/baseline /mnt/d/kongtaoxing/qsb-subset/candidates/subset/research/split_fused_tail/output-baseline-a/problems/subset.bin 0 279549145 2399405719 1 0 single_hash
  → /mnt/d/kongtaoxing/qsb-subset/candidates/subset/research/split_fused_tail/output-baseline-a/run.json: 247.1M/s, 14,848,979,753 candidates, 1765 hits

========================================================
  BENCH   : subset   GPU: RTX_4090
  N (zeros): 24   mode: fixed_time
  candidates (self-reported): 14,848,979,753  in 60.2s (harness clock)
  candidates (from N verified hits): 14,805,893,120
  grinder self-reported: 60.1s, 247.1 M/s (not scored)
  verified hits: 1765 / 1765
  hit rel. variance: 0.023803
--------------------------------------------------------
  SCORE (throughput) : 246.0603 M/s        ← primary (from verified hits)
  SCORE (hit-rate)   : 29.332677 hits/s
  RESULT: PASS ✅ (scored)
========================================================
