benchmark.sh: benches=subset N=24 mode=fixed_time grinder=cmd:python3 harness/gpu_wrap.py --src candidates/subset/lab/n24L_iter12dc3.cu seed=1789110211
benchmark.sh: === subset ===
  pinning: /work/comps/yukon-glm-night/qsb-subset/benchmark-results/problem/pinning.json  +  pinning.bin (219 bytes)  preimage=9995B
  subset: /work/comps/yukon-glm-night/qsb-subset/benchmark-results/problem/subset.json  +  subset.bin (1956 bytes)  preimage=9906B
problems generated (synthetic, seed=1789110211 — no real coin material)
▶ grinder: python3 harness/gpu_wrap.py --src candidates/subset/lab/n24L_iter12dc3.cu --bench subset --zeros 24 --mode fixed_time --out /work/comps/yukon-glm-night/qsb-subset/benchmark-results/run-subset.json --seconds 120.0 --hits 200
  compile: reusing /work/comps/yukon-glm-night/qsb-subset/candidates/subset/lab/n24L_iter12dc3 (already built for N=24)
  run: stdbuf -oL timeout 120 /work/comps/yukon-glm-night/qsb-subset/candidates/subset/lab/n24L_iter12dc3 /work/comps/yukon-glm-night/qsb-subset/benchmark-results/problem/subset.bin 0 4081224 970060878 1 0 single_hash
  → /work/comps/yukon-glm-night/qsb-subset/benchmark-results/run-subset.json: 306.5M/s, 37,354,927,113 candidates, 5121 hits
score.py: subset score = 352340156.0 verified candidates per second  →  /work/comps/yukon-glm-night/qsb-subset/score-subset.json

========================================================
  BENCH   : subset   GPU: RTX_4090
  N (zeros): 24   mode: fixed_time
  candidates (self-reported): 37,354,927,113  in 121.9s (harness clock)
  candidates (from N verified hits): 42,958,061,568
  grinder self-reported: 121.9s, 306.5 M/s (not scored)
  verified hits: 5121 / 5121
  hit rel. variance: 0.013974
    ⚠ verified hits (5121) outside expected Poisson band [4048,4858] for 37,354,927,113 candidates at N=24 (expected≈4453.1) — candidate count may be misreported
--------------------------------------------------------
  SCORE (throughput) : 352.3402 M/s        ← primary (from verified hits)
  SCORE (hit-rate)   : 42.002229 hits/s
  RESULT: PASS ✅ (scored)
========================================================
