  pinning: /mnt/d/kongtaoxing/qsb-subset/candidates/subset/research/split_sha_point/output-candidate-b/problems/pinning.json  +  pinning.bin (219 bytes)  preimage=9995B
  subset: /mnt/d/kongtaoxing/qsb-subset/candidates/subset/research/split_sha_point/output-candidate-b/problems/subset.json  +  subset.bin (1956 bytes)  preimage=9906B
problems generated (synthetic, seed=2026092501 — no real coin material)
▶ grinder: python3 /mnt/d/kongtaoxing/qsb-subset/candidates/subset/research/stage_profile/capture.py --src /mnt/d/kongtaoxing/qsb-subset/candidates/subset/research/split_sha_point/candidate.cu --no-build --bench subset --zeros 24 --mode fixed_time --out /mnt/d/kongtaoxing/qsb-subset/candidates/subset/research/split_sha_point/output-candidate-b/run.json --seconds 60.0 --hits 200
  compile: reusing /mnt/d/kongtaoxing/qsb-subset/candidates/subset/research/split_sha_point/candidate (already built for N=24)
  run: stdbuf -oL timeout 60 /mnt/d/kongtaoxing/qsb-subset/candidates/subset/research/split_sha_point/candidate /mnt/d/kongtaoxing/qsb-subset/candidates/subset/research/split_sha_point/output-candidate-b/problems/subset.bin 0 279549145 2399405719 1 0 single_hash
  → /mnt/d/kongtaoxing/qsb-subset/candidates/subset/research/split_sha_point/output-candidate-b/run.json: 250.3M/s, 15,037,903,972 candidates, 1784 hits

========================================================
  BENCH   : subset   GPU: RTX_4090
  N (zeros): 24   mode: fixed_time
  candidates (self-reported): 15,037,903,972  in 60.2s (harness clock)
  candidates (from N verified hits): 14,965,276,672
  grinder self-reported: 60.1s, 250.3 M/s (not scored)
  verified hits: 1784 / 1784
  hit rel. variance: 0.023676
--------------------------------------------------------
  SCORE (throughput) : 248.7352 M/s        ← primary (from verified hits)
  SCORE (hit-rate)   : 29.651544 hits/s
  RESULT: PASS ✅ (scored)
========================================================
