benchmark.sh: benches=subset N=24 mode=fixed_time grinder=cmd:python3 harness/gpu_wrap.py --src candidates/subset/lab/n24L_iter10interleave.cu seed=1789110211
benchmark.sh: === subset ===
  pinning: /work/comps/yukon-glm-night/qsb-subset/benchmark-results/problem/pinning.json  +  pinning.bin (219 bytes)  preimage=9995B
  subset: /work/comps/yukon-glm-night/qsb-subset/benchmark-results/problem/subset.json  +  subset.bin (1956 bytes)  preimage=9906B
problems generated (synthetic, seed=1789110211 — no real coin material)
▶ grinder: python3 harness/gpu_wrap.py --src candidates/subset/lab/n24L_iter10interleave.cu --bench subset --zeros 24 --mode fixed_time --out /work/comps/yukon-glm-night/qsb-subset/benchmark-results/run-subset.json --seconds 120.0 --hits 200
  compile: reusing /work/comps/yukon-glm-night/qsb-subset/candidates/subset/lab/n24L_iter10interleave (already built for N=24)
  run: stdbuf -oL timeout 120 /work/comps/yukon-glm-night/qsb-subset/candidates/subset/lab/n24L_iter10interleave /work/comps/yukon-glm-night/qsb-subset/benchmark-results/problem/subset.bin 0 4081224 970060878 1 0 single_hash
  → /work/comps/yukon-glm-night/qsb-subset/benchmark-results/run-subset.json: 337.8M/s, 41,169,794,038 candidates, 4880 hits
score.py: subset score = 335630321.0 verified candidates per second  →  /work/comps/yukon-glm-night/qsb-subset/score-subset.json

========================================================
  BENCH   : subset   GPU: RTX_4090
  N (zeros): 24   mode: fixed_time
  candidates (self-reported): 41,169,794,038  in 122.0s (harness clock)
  candidates (from N verified hits): 40,936,407,040
  grinder self-reported: 121.9s, 337.8 M/s (not scored)
  verified hits: 4880 / 4880
  hit rel. variance: 0.014315
--------------------------------------------------------
  SCORE (throughput) : 335.6303 M/s        ← primary (from verified hits)
  SCORE (hit-rate)   : 40.010265 hits/s
  RESULT: PASS ✅ (scored)
========================================================
