benchmark.sh: benches=subset N=24 mode=fixed_time grinder=cmd:python3 harness/gpu_wrap.py --src /work/tmp/qsb-rootwarp3.lNS3gE/candidates/subset/n24L_rootwarp3.cu seed=1789110211
benchmark.sh: === subset ===
  pinning: /work/comps/yukon-glm-night/qsb-subset/benchmark-results/problem/pinning.json  +  pinning.bin (219 bytes)  preimage=9995B
  subset: /work/comps/yukon-glm-night/qsb-subset/benchmark-results/problem/subset.json  +  subset.bin (1956 bytes)  preimage=9906B
problems generated (synthetic, seed=1789110211 — no real coin material)
▶ grinder: python3 harness/gpu_wrap.py --src /work/tmp/qsb-rootwarp3.lNS3gE/candidates/subset/n24L_rootwarp3.cu --bench subset --zeros 24 --mode fixed_time --out /work/comps/yukon-glm-night/qsb-subset/benchmark-results/run-subset.json --seconds 120.0 --hits 200
  compile: reusing /work/tmp/qsb-rootwarp3.lNS3gE/candidates/subset/n24L_rootwarp3 (already built for N=24)
  run: stdbuf -oL timeout 120 /work/tmp/qsb-rootwarp3.lNS3gE/candidates/subset/n24L_rootwarp3 /work/comps/yukon-glm-night/qsb-subset/benchmark-results/problem/subset.bin 0 4081224 970060878 1 0 single_hash
  → /work/comps/yukon-glm-night/qsb-subset/benchmark-results/run-subset.json: 346.0M/s, 41,836,403,717 candidates, 5394 hits
score.py: subset score = 374052082.0 verified candidates per second  →  /work/comps/yukon-glm-night/qsb-subset/score-subset.json

========================================================
  BENCH   : subset   GPU: RTX_4090
  N (zeros): 24   mode: fixed_time
  candidates (self-reported): 41,836,403,717  in 121.0s (harness clock)
  candidates (from N verified hits): 45,248,151,552
  grinder self-reported: 120.9s, 346.0 M/s (not scored)
  verified hits: 5394 / 5394
  hit rel. variance: 0.013616
--------------------------------------------------------
  SCORE (throughput) : 374.0521 M/s        ← primary (from verified hits)
  SCORE (hit-rate)   : 44.590489 hits/s
  RESULT: PASS ✅ (scored)
========================================================
