benchmark.sh: benches=subset N=24 mode=fixed_time grinder=cmd:python3 harness/gpu_wrap.py --src candidates/subset/lab/n24L_iter11control.cu seed=1789110211
benchmark.sh: === subset ===
  pinning: /work/comps/yukon-glm-night/qsb-subset/benchmark-results/problem/pinning.json  +  pinning.bin (219 bytes)  preimage=9995B
  subset: /work/comps/yukon-glm-night/qsb-subset/benchmark-results/problem/subset.json  +  subset.bin (1956 bytes)  preimage=9906B
problems generated (synthetic, seed=1789110211 — no real coin material)
▶ grinder: python3 harness/gpu_wrap.py --src candidates/subset/lab/n24L_iter11control.cu --bench subset --zeros 24 --mode fixed_time --out /work/comps/yukon-glm-night/qsb-subset/benchmark-results/run-subset.json --seconds 120.0 --hits 200
  compile: reusing /work/comps/yukon-glm-night/qsb-subset/candidates/subset/lab/n24L_iter11control (already built for N=24)
  run: stdbuf -oL timeout 120 /work/comps/yukon-glm-night/qsb-subset/candidates/subset/lab/n24L_iter11control /work/comps/yukon-glm-night/qsb-subset/benchmark-results/problem/subset.bin 0 4081224 970060878 1 0 single_hash
  → /work/comps/yukon-glm-night/qsb-subset/benchmark-results/run-subset.json: 342.1M/s, 41,787,162,598 candidates, 5441 hits
score.py: subset score = 373512368.0 verified candidates per second  →  /work/comps/yukon-glm-night/qsb-subset/score-subset.json

========================================================
  BENCH   : subset   GPU: RTX_4090
  N (zeros): 24   mode: fixed_time
  candidates (self-reported): 41,787,162,598  in 122.2s (harness clock)
  candidates (from N verified hits): 45,642,416,128
  grinder self-reported: 122.1s, 342.1 M/s (not scored)
  verified hits: 5441 / 5441
  hit rel. variance: 0.013557
    ⚠ verified hits (5441) outside expected Poisson band [4553,5410] for 41,787,162,598 candidates at N=24 (expected≈4981.4) — candidate count may be misreported
--------------------------------------------------------
  SCORE (throughput) : 373.5124 M/s        ← primary (from verified hits)
  SCORE (hit-rate)   : 44.526133 hits/s
  RESULT: PASS ✅ (scored)
========================================================
