  pinning: /mnt/d/kongtaoxing/qsb-subset/candidates/subset/research/cache_policy/output-candidate-b/problems/pinning.json  +  pinning.bin (219 bytes)  preimage=9995B
  subset: /mnt/d/kongtaoxing/qsb-subset/candidates/subset/research/cache_policy/output-candidate-b/problems/subset.json  +  subset.bin (1956 bytes)  preimage=9906B
problems generated (synthetic, seed=2026092501 — no real coin material)
▶ grinder: python3 /mnt/d/kongtaoxing/qsb-subset/harness/gpu_wrap.py --src /mnt/d/kongtaoxing/qsb-subset/candidates/subset/research/cache_policy/candidate.cu --no-build --bench subset --zeros 24 --mode fixed_time --out /mnt/d/kongtaoxing/qsb-subset/candidates/subset/research/cache_policy/output-candidate-b/run.json --seconds 60.0 --hits 200
  compile: reusing /mnt/d/kongtaoxing/qsb-subset/candidates/subset/research/cache_policy/candidate (already built for N=24)
  run: stdbuf -oL timeout 60 /mnt/d/kongtaoxing/qsb-subset/candidates/subset/research/cache_policy/candidate /mnt/d/kongtaoxing/qsb-subset/candidates/subset/research/cache_policy/output-candidate-b/problems/subset.bin 0 279549145 2399405719 1 0 single_hash
  → /mnt/d/kongtaoxing/qsb-subset/candidates/subset/research/cache_policy/output-candidate-b/run.json: 231.8M/s, 13,918,610,298 candidates, 1658 hits

========================================================
  BENCH   : subset   GPU: RTX_4090
  N (zeros): 24   mode: fixed_time
  candidates (self-reported): 13,918,610,298  in 60.1s (harness clock)
  candidates (from N verified hits): 13,908,312,064
  grinder self-reported: 60.0s, 231.8 M/s (not scored)
  verified hits: 1658 / 1658
  hit rel. variance: 0.024559
--------------------------------------------------------
  SCORE (throughput) : 231.3636 M/s        ← primary (from verified hits)
  SCORE (hit-rate)   : 27.580700 hits/s
  RESULT: PASS ✅ (scored)
========================================================
