benchmark.sh: benches=subset N=24 mode=fixed_time grinder=cmd:python3 harness/gpu_wrap.py --src candidates/subset/lab/n24L_iter12leader.cu seed=1789110211
benchmark.sh: === subset ===
  pinning: /work/comps/yukon-glm-night/qsb-subset/benchmark-results/problem/pinning.json  +  pinning.bin (219 bytes)  preimage=9995B
  subset: /work/comps/yukon-glm-night/qsb-subset/benchmark-results/problem/subset.json  +  subset.bin (1956 bytes)  preimage=9906B
problems generated (synthetic, seed=1789110211 — no real coin material)
▶ grinder: python3 harness/gpu_wrap.py --src candidates/subset/lab/n24L_iter12leader.cu --bench subset --zeros 24 --mode fixed_time --out /work/comps/yukon-glm-night/qsb-subset/benchmark-results/run-subset.json --seconds 120.0 --hits 200
  compile: reusing /work/comps/yukon-glm-night/qsb-subset/candidates/subset/lab/n24L_iter12leader (already built for N=24)
  run: stdbuf -oL timeout 120 /work/comps/yukon-glm-night/qsb-subset/candidates/subset/lab/n24L_iter12leader /work/comps/yukon-glm-night/qsb-subset/benchmark-results/problem/subset.bin 0 4081224 970060878 1 0 single_hash
  → /work/comps/yukon-glm-night/qsb-subset/benchmark-results/run-subset.json: 308.3M/s, 37,187,413,373 candidates, 4975 hits
score.py: subset score = 345648608.0 verified candidates per second  →  /work/comps/yukon-glm-night/qsb-subset/score-subset.json

========================================================
  BENCH   : subset   GPU: RTX_4090
  N (zeros): 24   mode: fixed_time
  candidates (self-reported): 37,187,413,373  in 120.7s (harness clock)
  candidates (from N verified hits): 41,733,324,800
  grinder self-reported: 120.6s, 308.3 M/s (not scored)
  verified hits: 4975 / 4975
  hit rel. variance: 0.014178
    ⚠ verified hits (4975) outside expected Poisson band [4029,4838] for 37,187,413,373 candidates at N=24 (expected≈4433.1) — candidate count may be misreported
--------------------------------------------------------
  SCORE (throughput) : 345.6486 M/s        ← primary (from verified hits)
  SCORE (hit-rate)   : 41.204514 hits/s
  RESULT: PASS ✅ (scored)
========================================================
