benchmark.sh: benches=subset N=24 mode=fixed_time grinder=cmd:python3 harness/gpu_wrap.py --src candidates/subset/lab/n24L_iter12pack8.cu seed=1789110211
benchmark.sh: === subset ===
  pinning: /work/comps/yukon-glm-night/qsb-subset/benchmark-results/problem/pinning.json  +  pinning.bin (219 bytes)  preimage=9995B
  subset: /work/comps/yukon-glm-night/qsb-subset/benchmark-results/problem/subset.json  +  subset.bin (1956 bytes)  preimage=9906B
problems generated (synthetic, seed=1789110211 — no real coin material)
▶ grinder: python3 harness/gpu_wrap.py --src candidates/subset/lab/n24L_iter12pack8.cu --bench subset --zeros 24 --mode fixed_time --out /work/comps/yukon-glm-night/qsb-subset/benchmark-results/run-subset.json --seconds 120.0 --hits 200
  compile: reusing /work/comps/yukon-glm-night/qsb-subset/candidates/subset/lab/n24L_iter12pack8 (already built for N=24)
  run: stdbuf -oL timeout 120 /work/comps/yukon-glm-night/qsb-subset/candidates/subset/lab/n24L_iter12pack8 /work/comps/yukon-glm-night/qsb-subset/benchmark-results/problem/subset.bin 0 4081224 970060878 1 0 single_hash
  → /work/comps/yukon-glm-night/qsb-subset/benchmark-results/run-subset.json: 332.7M/s, 40,532,842,561 candidates, 5290 hits
score.py: subset score = 364097521.0 verified candidates per second  →  /work/comps/yukon-glm-night/qsb-subset/score-subset.json

========================================================
  BENCH   : subset   GPU: RTX_4090
  N (zeros): 24   mode: fixed_time
  candidates (self-reported): 40,532,842,561  in 121.9s (harness clock)
  candidates (from N verified hits): 44,375,736,320
  grinder self-reported: 121.8s, 332.7 M/s (not scored)
  verified hits: 5290 / 5290
  hit rel. variance: 0.013749
    ⚠ verified hits (5290) outside expected Poisson band [4410,5254] for 40,532,842,561 candidates at N=24 (expected≈4831.9) — candidate count may be misreported
--------------------------------------------------------
  SCORE (throughput) : 364.0975 M/s        ← primary (from verified hits)
  SCORE (hit-rate)   : 43.403811 hits/s
  RESULT: PASS ✅ (scored)
========================================================
