  pinning: /mnt/d/kongtaoxing/qsb-subset/candidates/subset/research/batch_trial/output-candidate/problems/pinning.json  +  pinning.bin (219 bytes)  preimage=9995B
  subset: /mnt/d/kongtaoxing/qsb-subset/candidates/subset/research/batch_trial/output-candidate/problems/subset.json  +  subset.bin (1956 bytes)  preimage=9906B
problems generated (synthetic, seed=2026092501 — no real coin material)
▶ grinder: python3 /mnt/d/kongtaoxing/qsb-subset/harness/gpu_wrap.py --src /mnt/d/kongtaoxing/qsb-subset/candidates/subset/research/batch_trial/candidate.cu --no-build --bench subset --zeros 24 --mode fixed_time --out /mnt/d/kongtaoxing/qsb-subset/candidates/subset/research/batch_trial/output-candidate/run.json --seconds 20.0 --hits 200
  compile: reusing /mnt/d/kongtaoxing/qsb-subset/candidates/subset/research/batch_trial/candidate (already built for N=24)
  run: stdbuf -oL timeout 20 /mnt/d/kongtaoxing/qsb-subset/candidates/subset/research/batch_trial/candidate /mnt/d/kongtaoxing/qsb-subset/candidates/subset/research/batch_trial/output-candidate/problems/subset.bin 0 279549145 2399405719 1 0 single_hash
  → /mnt/d/kongtaoxing/qsb-subset/candidates/subset/research/batch_trial/output-candidate/run.json: 235.1M/s, 4,712,555,751 candidates, 562 hits

========================================================
  BENCH   : subset   GPU: RTX_4090
  N (zeros): 24   mode: fixed_time
  candidates (self-reported): 4,712,555,751  in 20.1s (harness clock)
  candidates (from N verified hits): 4,714,397,696
  grinder self-reported: 20.0s, 235.1 M/s (not scored)
  verified hits: 562 / 562
  hit rel. variance: 0.042182
--------------------------------------------------------
  SCORE (throughput) : 234.4845 M/s        ← primary (from verified hits)
  SCORE (hit-rate)   : 27.952689 hits/s
  RESULT: PASS ✅ (scored)
========================================================
