benchmark.sh: benches=subset N=24 mode=fixed_time grinder=cmd:python3 harness/gpu_wrap.py --src candidates/subset/lab/n24L_iter9current.cu seed=1789110211
benchmark.sh: === subset ===
  pinning: /work/comps/yukon-glm-night/qsb-subset/benchmark-results/problem/pinning.json  +  pinning.bin (219 bytes)  preimage=9995B
  subset: /work/comps/yukon-glm-night/qsb-subset/benchmark-results/problem/subset.json  +  subset.bin (1956 bytes)  preimage=9906B
problems generated (synthetic, seed=1789110211 — no real coin material)
▶ grinder: python3 harness/gpu_wrap.py --src candidates/subset/lab/n24L_iter9current.cu --bench subset --zeros 24 --mode fixed_time --out /work/comps/yukon-glm-night/qsb-subset/benchmark-results/run-subset.json --seconds 120.0 --hits 200
  compile: reusing /work/comps/yukon-glm-night/qsb-subset/candidates/subset/lab/n24L_iter9current (already built for N=24)
  run: stdbuf -oL timeout 120 /work/comps/yukon-glm-night/qsb-subset/candidates/subset/lab/n24L_iter9current /work/comps/yukon-glm-night/qsb-subset/benchmark-results/problem/subset.bin 0 4081224 970060878 1 0 single_hash
  → /work/comps/yukon-glm-night/qsb-subset/benchmark-results/run-subset.json: 351.0M/s, 42,687,878,762 candidates, 5698 hits
score.py: subset score = 392855587.0 verified candidates per second  →  /work/comps/yukon-glm-night/qsb-subset/score-subset.json

========================================================
  BENCH   : subset   GPU: RTX_4090
  N (zeros): 24   mode: fixed_time
  candidates (self-reported): 42,687,878,762  in 121.7s (harness clock)
  candidates (from N verified hits): 47,798,288,384
  grinder self-reported: 121.6s, 351.0 M/s (not scored)
  verified hits: 5698 / 5698
  hit rel. variance: 0.013248
    ⚠ verified hits (5698) outside expected Poisson band [4656,5522] for 42,687,878,762 candidates at N=24 (expected≈5088.8) — candidate count may be misreported
--------------------------------------------------------
  SCORE (throughput) : 392.8556 M/s        ← primary (from verified hits)
  SCORE (hit-rate)   : 46.832017 hits/s
  RESULT: PASS ✅ (scored)
========================================================
