benchmark.sh: benches=subset N=24 mode=fixed_time grinder=cmd:python3 harness/gpu_wrap.py --src candidates/subset/lab/n24L_rotateadd.cu seed=1789110211
benchmark.sh: === subset ===
  pinning: /work/comps/yukon-glm-night/qsb-subset/benchmark-results/problem/pinning.json  +  pinning.bin (219 bytes)  preimage=9995B
  subset: /work/comps/yukon-glm-night/qsb-subset/benchmark-results/problem/subset.json  +  subset.bin (1956 bytes)  preimage=9906B
problems generated (synthetic, seed=1789110211 — no real coin material)
▶ grinder: python3 harness/gpu_wrap.py --src candidates/subset/lab/n24L_rotateadd.cu --bench subset --zeros 24 --mode fixed_time --out /work/comps/yukon-glm-night/qsb-subset/benchmark-results/run-subset.json --seconds 120.0 --hits 200
  compile: reusing /work/comps/yukon-glm-night/qsb-subset/candidates/subset/lab/n24L_rotateadd (already built for N=24)
  run: stdbuf -oL timeout 120 /work/comps/yukon-glm-night/qsb-subset/candidates/subset/lab/n24L_rotateadd /work/comps/yukon-glm-night/qsb-subset/benchmark-results/problem/subset.bin 0 4081224 970060878 1 0 single_hash
  → /work/comps/yukon-glm-night/qsb-subset/benchmark-results/run-subset.json: 357.1M/s, 43,554,323,922 candidates, 5790 hits
score.py: subset score = 398051871.0 verified candidates per second  →  /work/comps/yukon-glm-night/qsb-subset/score-subset.json

========================================================
  BENCH   : subset   GPU: RTX_4090
  N (zeros): 24   mode: fixed_time
  candidates (self-reported): 43,554,323,922  in 122.0s (harness clock)
  candidates (from N verified hits): 48,570,040,320
  grinder self-reported: 122.0s, 357.1 M/s (not scored)
  verified hits: 5790 / 5790
  hit rel. variance: 0.013142
    ⚠ verified hits (5790) outside expected Poisson band [4755,5629] for 43,554,323,922 candidates at N=24 (expected≈5192.1) — candidate count may be misreported
--------------------------------------------------------
  SCORE (throughput) : 398.0519 M/s        ← primary (from verified hits)
  SCORE (hit-rate)   : 47.451471 hits/s
  RESULT: PASS ✅ (scored)
========================================================
