/home/ubuntu/beat/pinning-complement-research/quantum-safe-bitcoin-challenge/candidates/pinning/research_affine/../sha_pinsha.cuh(366): warning #177-D: variable "one" was declared but never referenced
          const uint32_t one = pin_one_mul;
                         ^

Remark: The warnings can be suppressed with "-diag-suppress <warning-number>"

/home/ubuntu/beat/pinning-complement-research/quantum-safe-bitcoin-challenge/candidates/pinning/research_affine/../pinning.cu(3244): warning #550-D: variable "debug_idx" was set but never used
          int debug_idx = -1;
              ^

/home/ubuntu/beat/pinning-complement-research/quantum-safe-bitcoin-challenge/candidates/pinning/research_affine/../pinning.cu(3308): warning #550-D: variable "hc" was set but never used
                      int hc = (raw >> 31) & 1;
                          ^

/home/ubuntu/beat/pinning-complement-research/quantum-safe-bitcoin-challenge/candidates/pinning/research_affine/../pinning.cu(2771): warning #550-D: variable "tail_w0" was set but never used
      uint32_t tail_w0 = 0;
               ^

/home/ubuntu/beat/pinning-complement-research/quantum-safe-bitcoin-challenge/candidates/pinning/research_affine/../pinning.cu(3132): warning #550-D: variable "BLKSZ" was set but never used
      int BLKSZ = 256;
          ^

/home/ubuntu/beat/pinning-complement-research/quantum-safe-bitcoin-challenge/candidates/pinning/research_affine/../pinning.cu(2155): warning #128-D: loop is not reachable
          for(int i=0;i<8;i++){h[i*4]=(hs[i]>>24)&0xFF;h[i*4+1]=(hs[i]>>16)&0xFF;
          ^
          detected during:
            instantiation of "void kernel_pinning_pipeline<FAST_TAIL,STAGE>(const uint32_t *, const uint8_t *, int, int, int, int, uint32_t, uint32_t, const uint64_t *, const uint64_t *, const uint64_t *, const uint64_t *, const uint64_t *, uint8_t *, uint32_t *, uint32_t *, int, int, int, ulonglong2 *, uint64_t *, uint64_t *, qsb_tail_pre) [with FAST_TAIL=true, STAGE=0]" at line 2248
            instantiation of "void launch_pinning_pipeline<FAST_TAIL>(const uint32_t *, const uint8_t *, int, int, int, int, uint32_t, uint32_t, const uint64_t *, const uint64_t *, const uint64_t *, const uint64_t *, const uint64_t *, uint8_t *, uint32_t *, uint32_t *, int, int, int, ulonglong2 *, uint64_t *, uint64_t *, uint64_t *, uint64_t *, const qsb_tail_pre &, cudaStream_t) [with FAST_TAIL=true]" at line 3371

/home/ubuntu/beat/pinning-complement-research/quantum-safe-bitcoin-challenge/candidates/pinning/research_affine/../pinning.cu(2155): warning #128-D: loop is not reachable
          for(int i=0;i<8;i++){h[i*4]=(hs[i]>>24)&0xFF;h[i*4+1]=(hs[i]>>16)&0xFF;
          ^
          detected during:
            instantiation of "void kernel_pinning_pipeline<FAST_TAIL,STAGE>(const uint32_t *, const uint8_t *, int, int, int, int, uint32_t, uint32_t, const uint64_t *, const uint64_t *, const uint64_t *, const uint64_t *, const uint64_t *, uint8_t *, uint32_t *, uint32_t *, int, int, int, ulonglong2 *, uint64_t *, uint64_t *, qsb_tail_pre) [with FAST_TAIL=true, STAGE=2]" at line 2296
            instantiation of "void launch_pinning_pipeline<FAST_TAIL>(const uint32_t *, const uint8_t *, int, int, int, int, uint32_t, uint32_t, const uint64_t *, const uint64_t *, const uint64_t *, const uint64_t *, const uint64_t *, uint8_t *, uint32_t *, uint32_t *, int, int, int, ulonglong2 *, uint64_t *, uint64_t *, uint64_t *, uint64_t *, const qsb_tail_pre &, cudaStream_t) [with FAST_TAIL=true]" at line 3371

ptxas info    : 4099 bytes gmem, 1160 bytes cmem[3], 32 bytes cmem[4]
ptxas info    : Compiling entry function '_Z23kernel_pinning_pipelineILb1ELi2EEvPKjPKhiiiijjPKmS5_S5_S5_S5_PhPjS7_iiiP10ulonglong2PmSA_12qsb_tail_pre' for 'sm_89'
ptxas info    : Function properties for _Z23kernel_pinning_pipelineILb1ELi2EEvPKjPKhiiiijjPKmS5_S5_S5_S5_PhPjS7_iiiP10ulonglong2PmSA_12qsb_tail_pre
    0 bytes stack frame, 0 bytes spill stores, 0 bytes spill loads
ptxas info    : Used 64 registers, used 0 barriers, 572 bytes cmem[0]
ptxas info    : Compile time = 126.780 ms
ptxas info    : Compiling entry function '_Z23kernel_pinning_pipelineILb1ELi0EEvPKjPKhiiiijjPKmS5_S5_S5_S5_PhPjS7_iiiP10ulonglong2PmSA_12qsb_tail_pre' for 'sm_89'
ptxas info    : Function properties for _Z23kernel_pinning_pipelineILb1ELi0EEvPKjPKhiiiijjPKmS5_S5_S5_S5_PhPjS7_iiiP10ulonglong2PmSA_12qsb_tail_pre
    0 bytes stack frame, 0 bytes spill stores, 0 bytes spill loads
ptxas info    : Used 122 registers, used 1 barriers, 12288 bytes smem, 572 bytes cmem[0]
ptxas info    : Compile time = 289.853 ms
ptxas info    : Compiling entry function '_Z27qsb_persistent_affine_probePK19QsbShiftedTailPointPK20QsbShiftedTailRecordPN19qsb_inverse_service4SlotEP12AffineResultjjj' for 'sm_89'
ptxas info    : Function properties for _Z27qsb_persistent_affine_probePK19QsbShiftedTailPointPK20QsbShiftedTailRecordPN19qsb_inverse_service4SlotEP12AffineResultjjj
    120 bytes stack frame, 0 bytes spill stores, 0 bytes spill loads
ptxas info    : Used 148 registers, used 1 barriers, 120 bytes cumulative stack size, 12288 bytes smem, 396 bytes cmem[0]
ptxas info    : Compile time = 248.319 ms
ptxas info    : Function properties for _Z21affine_service_branchPN19qsb_inverse_service4SlotEjj
    0 bytes stack frame, 0 bytes spill stores, 0 bytes spill loads
ptxas info    : Function properties for _Z7_ModInvPm
    0 bytes stack frame, 0 bytes spill stores, 0 bytes spill loads
ptxas info    : Compiling entry function '_Z19kernel_build_gtablePKmS0_Ph' for 'sm_89'
ptxas info    : Function properties for _Z19kernel_build_gtablePKmS0_Ph
    120 bytes stack frame, 0 bytes spill stores, 0 bytes spill loads
ptxas info    : Used 128 registers, used 0 barriers, 120 bytes cumulative stack size, 376 bytes cmem[0]
ptxas info    : Compile time = 143.816 ms
ptxas info    : Function properties for _Z7_ModInvPm
    0 bytes stack frame, 0 bytes spill stores, 0 bytes spill loads
ptxas info    : Compiling entry function '_Z21qsb_root_group_finishPmiPKmS1_' for 'sm_89'
ptxas info    : Function properties for _Z21qsb_root_group_finishPmiPKmS1_
    0 bytes stack frame, 0 bytes spill stores, 0 bytes spill loads
ptxas info    : Used 44 registers, used 1 barriers, 24576 bytes smem, 384 bytes cmem[0]
ptxas info    : Compile time = 18.109 ms
ptxas info    : Compiling entry function '_Z22qsb_invert_super_rootsPmi' for 'sm_89'
ptxas info    : Function properties for _Z22qsb_invert_super_rootsPmi
    120 bytes stack frame, 0 bytes spill stores, 0 bytes spill loads
ptxas info    : Used 114 registers, used 1 barriers, 120 bytes cumulative stack size, 24576 bytes smem, 364 bytes cmem[0]
ptxas info    : Compile time = 62.113 ms
ptxas info    : Function properties for _Z7_ModInvPm
    0 bytes stack frame, 0 bytes spill stores, 0 bytes spill loads
ptxas info    : Compiling entry function '_Z22qsb_root_group_preparePKmiPmS1_' for 'sm_89'
ptxas info    : Function properties for _Z22qsb_root_group_preparePKmiPmS1_
    0 bytes stack frame, 0 bytes spill stores, 0 bytes spill loads
ptxas info    : Used 42 registers, used 1 barriers, 16384 bytes smem, 384 bytes cmem[0]
ptxas info    : Compile time = 10.248 ms
