/home/ubuntu/beat/pinning-complement-research/quantum-safe-bitcoin-challenge/candidates/pinning/research_affine/../sha_pinsha.cuh(366): warning #177-D: variable "one" was declared but never referenced
          const uint32_t one = pin_one_mul;
                         ^

Remark: The warnings can be suppressed with "-diag-suppress <warning-number>"

/home/ubuntu/beat/pinning-complement-research/quantum-safe-bitcoin-challenge/candidates/pinning/research_affine/../pinning.cu(3244): warning #550-D: variable "debug_idx" was set but never used
          int debug_idx = -1;
              ^

/home/ubuntu/beat/pinning-complement-research/quantum-safe-bitcoin-challenge/candidates/pinning/research_affine/../pinning.cu(3308): warning #550-D: variable "hc" was set but never used
                      int hc = (raw >> 31) & 1;
                          ^

/home/ubuntu/beat/pinning-complement-research/quantum-safe-bitcoin-challenge/candidates/pinning/research_affine/../pinning.cu(2771): warning #550-D: variable "tail_w0" was set but never used
      uint32_t tail_w0 = 0;
               ^

/home/ubuntu/beat/pinning-complement-research/quantum-safe-bitcoin-challenge/candidates/pinning/research_affine/../pinning.cu(3132): warning #550-D: variable "BLKSZ" was set but never used
      int BLKSZ = 256;
          ^

/home/ubuntu/beat/pinning-complement-research/quantum-safe-bitcoin-challenge/candidates/pinning/research_affine/../pinning.cu(2155): warning #128-D: loop is not reachable
          for(int i=0;i<8;i++){h[i*4]=(hs[i]>>24)&0xFF;h[i*4+1]=(hs[i]>>16)&0xFF;
          ^
          detected during:
            instantiation of "void kernel_pinning_pipeline<FAST_TAIL,STAGE>(const uint32_t *, const uint8_t *, int, int, int, int, uint32_t, uint32_t, const uint64_t *, const uint64_t *, const uint64_t *, const uint64_t *, const uint64_t *, uint8_t *, uint32_t *, uint32_t *, int, int, int, ulonglong2 *, uint64_t *, uint64_t *, qsb_tail_pre) [with FAST_TAIL=true, STAGE=0]" at line 2248
            instantiation of "void launch_pinning_pipeline<FAST_TAIL>(const uint32_t *, const uint8_t *, int, int, int, int, uint32_t, uint32_t, const uint64_t *, const uint64_t *, const uint64_t *, const uint64_t *, const uint64_t *, uint8_t *, uint32_t *, uint32_t *, int, int, int, ulonglong2 *, uint64_t *, uint64_t *, uint64_t *, uint64_t *, const qsb_tail_pre &, cudaStream_t) [with FAST_TAIL=true]" at line 3371

/home/ubuntu/beat/pinning-complement-research/quantum-safe-bitcoin-challenge/candidates/pinning/research_affine/../pinning.cu(2155): warning #128-D: loop is not reachable
          for(int i=0;i<8;i++){h[i*4]=(hs[i]>>24)&0xFF;h[i*4+1]=(hs[i]>>16)&0xFF;
          ^
          detected during:
            instantiation of "void kernel_pinning_pipeline<FAST_TAIL,STAGE>(const uint32_t *, const uint8_t *, int, int, int, int, uint32_t, uint32_t, const uint64_t *, const uint64_t *, const uint64_t *, const uint64_t *, const uint64_t *, uint8_t *, uint32_t *, uint32_t *, int, int, int, ulonglong2 *, uint64_t *, uint64_t *, qsb_tail_pre) [with FAST_TAIL=true, STAGE=2]" at line 2296
            instantiation of "void launch_pinning_pipeline<FAST_TAIL>(const uint32_t *, const uint8_t *, int, int, int, int, uint32_t, uint32_t, const uint64_t *, const uint64_t *, const uint64_t *, const uint64_t *, const uint64_t *, uint8_t *, uint32_t *, uint32_t *, int, int, int, ulonglong2 *, uint64_t *, uint64_t *, uint64_t *, uint64_t *, const qsb_tail_pre &, cudaStream_t) [with FAST_TAIL=true]" at line 3371

ptxas info    : 4099 bytes gmem, 1160 bytes cmem[3], 32 bytes cmem[4]
ptxas info    : Compiling entry function '_Z23kernel_pinning_pipelineILb1ELi2EEvPKjPKhiiiijjPKmS5_S5_S5_S5_PhPjS7_iiiP10ulonglong2PmSA_12qsb_tail_pre' for 'sm_89'
ptxas info    : Function properties for _Z23kernel_pinning_pipelineILb1ELi2EEvPKjPKhiiiijjPKmS5_S5_S5_S5_PhPjS7_iiiP10ulonglong2PmSA_12qsb_tail_pre
    0 bytes stack frame, 0 bytes spill stores, 0 bytes spill loads
ptxas info    : Used 64 registers, used 0 barriers, 572 bytes cmem[0]
ptxas info    : Compile time = 124.447 ms
ptxas info    : Compiling entry function '_Z23kernel_pinning_pipelineILb1ELi0EEvPKjPKhiiiijjPKmS5_S5_S5_S5_PhPjS7_iiiP10ulonglong2PmSA_12qsb_tail_pre' for 'sm_89'
ptxas info    : Function properties for _Z23kernel_pinning_pipelineILb1ELi0EEvPKjPKhiiiijjPKmS5_S5_S5_S5_PhPjS7_iiiP10ulonglong2PmSA_12qsb_tail_pre
    0 bytes stack frame, 0 bytes spill stores, 0 bytes spill loads
ptxas info    : Used 122 registers, used 1 barriers, 12288 bytes smem, 572 bytes cmem[0]
ptxas info    : Compile time = 291.491 ms
ptxas info    : Compiling entry function '_Z27qsb_persistent_affine_probePK19QsbShiftedTailPointPK20QsbShiftedTailRecordPN19qsb_inverse_service4SlotEP12AffineResultjjj' for 'sm_89'
ptxas info    : Function properties for _Z27qsb_persistent_affine_probePK19QsbShiftedTailPointPK20QsbShiftedTailRecordPN19qsb_inverse_service4SlotEP12AffineResultjjj
    120 bytes stack frame, 0 bytes spill stores, 0 bytes spill loads
ptxas info    : Used 128 registers, used 1 barriers, 120 bytes cumulative stack size, 12288 bytes smem, 396 bytes cmem[0]
ptxas info    : Compile time = 294.148 ms
ptxas info    : Function properties for _Z21affine_service_branchPN19qsb_inverse_service4SlotEjj
    0 bytes stack frame, 0 bytes spill stores, 0 bytes spill loads
ptxas info    : Function properties for _Z7_ModInvPm
    0 bytes stack frame, 0 bytes spill stores, 0 bytes spill loads
ptxas info    : Compiling entry function '_Z19kernel_build_gtablePKmS0_Ph' for 'sm_89'
ptxas info    : Function properties for _Z19kernel_build_gtablePKmS0_Ph
    120 bytes stack frame, 0 bytes spill stores, 0 bytes spill loads
ptxas info    : Used 128 registers, used 0 barriers, 120 bytes cumulative stack size, 376 bytes cmem[0]
ptxas info    : Compile time = 139.219 ms
ptxas info    : Function properties for _Z7_ModInvPm
    0 bytes stack frame, 0 bytes spill stores, 0 bytes spill loads
ptxas info    : Compiling entry function '_Z21qsb_root_group_finishPmiPKmS1_' for 'sm_89'
ptxas info    : Function properties for _Z21qsb_root_group_finishPmiPKmS1_
    0 bytes stack frame, 0 bytes spill stores, 0 bytes spill loads
ptxas info    : Used 44 registers, used 1 barriers, 24576 bytes smem, 384 bytes cmem[0]
ptxas info    : Compile time = 18.429 ms
ptxas info    : Compiling entry function '_Z22qsb_invert_super_rootsPmi' for 'sm_89'
ptxas info    : Function properties for _Z22qsb_invert_super_rootsPmi
    120 bytes stack frame, 0 bytes spill stores, 0 bytes spill loads
ptxas info    : Used 114 registers, used 1 barriers, 120 bytes cumulative stack size, 24576 bytes smem, 364 bytes cmem[0]
ptxas info    : Compile time = 65.035 ms
ptxas info    : Function properties for _Z7_ModInvPm
    0 bytes stack frame, 0 bytes spill stores, 0 bytes spill loads
ptxas info    : Compiling entry function '_Z22qsb_root_group_preparePKmiPmS1_' for 'sm_89'
ptxas info    : Function properties for _Z22qsb_root_group_preparePKmiPmS1_
    0 bytes stack frame, 0 bytes spill stores, 0 bytes spill loads
ptxas info    : Used 42 registers, used 1 barriers, 16384 bytes smem, 384 bytes cmem[0]
ptxas info    : Compile time = 8.547 ms
/home/ubuntu/beat/pinning-complement-research/quantum-safe-bitcoin-challenge/candidates/pinning/research_affine/../pinning.cu: In function ‘void gt_point_to_limbs(EC_GROUP*, EC_POINT*, BIGNUM*, BIGNUM*, const BIGNUM*, const BIGNUM*, const BIGNUM*, BN_CTX*, uint64_t*)’:
/home/ubuntu/beat/pinning-complement-research/quantum-safe-bitcoin-challenge/candidates/pinning/research_affine/../pinning.cu:2386:36: warning: ‘int EC_POINT_get_affine_coordinates_GFp(const EC_GROUP*, const EC_POINT*, BIGNUM*, BIGNUM*, BN_CTX*)’ is deprecated: Since OpenSSL 3.0 [-Wdeprecated-declarations]
 2386 |     EC_POINT_get_affine_coordinates_GFp(grp, pt, x, y, ctx);
      |     ~~~~~~~~~~~~~~~~~~~~~~~~~~~~~~~^~~~~~~~~~~~~~~~~~~~
/usr/include/openssl/ec.h:678:52: note: declared here
  678 | OSSL_DEPRECATEDIN_3_0 int EC_POINT_get_affine_coordinates_GFp
      |                                                    ^~~~~~~~~~                         
/home/ubuntu/beat/pinning-complement-research/quantum-safe-bitcoin-challenge/candidates/pinning/research_affine/../pinning.cu: In function ‘void gt_batch_ladder(EC_GROUP*, const EC_POINT*, int, uint64_t*, BIGNUM*, BIGNUM*, const BIGNUM*, const BIGNUM*, const BIGNUM*, BN_CTX*)’:
/home/ubuntu/beat/pinning-complement-research/quantum-safe-bitcoin-challenge/candidates/pinning/research_affine/../pinning.cu:2413:28: warning: ‘int EC_POINTs_make_affine(const EC_GROUP*, size_t, EC_POINT**, BN_CTX*)’ is deprecated: Since OpenSSL 3.0 [-Wdeprecated-declarations]
 2413 |     if(!EC_POINTs_make_affine(grp,(size_t)count,points,ctx)) {
      |       ~~~~~~~~~~~~~~~~~~~~~^~~~~~~~~~~~~~~~~~~~~~~~~~~~~~~~~
/usr/include/openssl/ec.h:865:52: note: declared here
  865 | OSSL_DEPRECATEDIN_3_0 int EC_POINTs_make_affine(const EC_GROUP *group, size_t num,
      |                                                    ^~~~~~~~~~~~~~~~~~~~~
/home/ubuntu/beat/pinning-complement-research/quantum-safe-bitcoin-challenge/candidates/pinning/research_affine/../pinning.cu: In function ‘void gt_build_ladders(uint64_t*, uint64_t*, const uint8_t*, const uint64_t*, const uint64_t*)’:
/home/ubuntu/beat/pinning-complement-research/quantum-safe-bitcoin-challenge/candidates/pinning/research_affine/../pinning.cu:2442:23: warning: ‘int EC_GROUP_get_curve_GFp(const EC_GROUP*, BIGNUM*, BIGNUM*, BIGNUM*, BN_CTX*)’ is deprecated: Since OpenSSL 3.0 [-Wdeprecated-declarations]
 2442 |     EC_GROUP_get_curve_GFp(grp,field_p,NULL,NULL,ctx);
      |     ~~~~~~~~~~~~~~~~~~^~~~~~~~~~~~~~~~~~~~~~~~~~~~~~~~   
/usr/include/openssl/ec.h:357:52: note: declared here
  357 | OSSL_DEPRECATEDIN_3_0 int EC_GROUP_get_curve_GFp(const EC_GROUP *group,
      |                                                    ^~~~~~~~~~~~~~~~~~~~  
/home/ubuntu/beat/pinning-complement-research/quantum-safe-bitcoin-challenge/candidates/pinning/research_affine/../pinning.cu: In function ‘int gt_spot_check(const uint8_t*, int, const uint8_t*, const uint64_t*, const uint64_t*)’:
/home/ubuntu/beat/pinning-complement-research/quantum-safe-bitcoin-challenge/candidates/pinning/research_affine/../pinning.cu:2483:23: warning: ‘int EC_GROUP_get_curve_GFp(const EC_GROUP*, BIGNUM*, BIGNUM*, BIGNUM*, BN_CTX*)’ is deprecated: Since OpenSSL 3.0 [-Wdeprecated-declarations]
 2483 |     EC_GROUP_get_curve_GFp(grp,field_p,NULL,NULL,ctx);
      |     ~~~~~~~~~~~~~~~~~~^~~~~~~~~~~~~~~~~~~~~~~~~~~~~~~~   
/usr/include/openssl/ec.h:357:52: note: declared here
  357 | OSSL_DEPRECATEDIN_3_0 int EC_GROUP_get_curve_GFp(const EC_GROUP *group,
      |                                                    ^~~~~~~~~~~~~~~~~~~~  
/home/ubuntu/beat/pinning-complement-research/quantum-safe-bitcoin-challenge/candidates/pinning/research_affine/../pinning.cu: In function ‘void compute_gtable(uint8_t*, const uint8_t*, const uint64_t*, const uint64_t*)’:
/home/ubuntu/beat/pinning-complement-research/quantum-safe-bitcoin-challenge/candidates/pinning/research_affine/../pinning.cu:2536:23: warning: ‘int EC_GROUP_get_curve_GFp(const EC_GROUP*, BIGNUM*, BIGNUM*, BIGNUM*, BN_CTX*)’ is deprecated: Since OpenSSL 3.0 [-Wdeprecated-declarations]
 2536 |     EC_GROUP_get_curve_GFp(grp,field_p,NULL,NULL,ctx);
      |     ~~~~~~~~~~~~~~~~~~^~~~~~~~~~~~~~~~~~~~~~~~~~~~~~~~   
/usr/include/openssl/ec.h:357:52: note: declared here
  357 | OSSL_DEPRECATEDIN_3_0 int EC_GROUP_get_curve_GFp(const EC_GROUP *group,
      |                                                    ^~~~~~~~~~~~~~~~~~~~  
/home/ubuntu/beat/pinning-complement-research/quantum-safe-bitcoin-challenge/candidates/pinning/research_affine/../pinning.cu:2548:36: warning: ‘int EC_POINT_get_affine_coordinates_GFp(const EC_GROUP*, const EC_POINT*, BIGNUM*, BIGNUM*, BN_CTX*)’ is deprecated: Since OpenSSL 3.0 [-Wdeprecated-declarations]
 2548 |             EC_POINT_get_affine_coordinates_GFp(grp, pt, x, y, ctx);
      |             ~~~~~~~~~~~~~~~~~~~~~~~^~~~~~~~~~~~~~~~~~~~
/usr/include/openssl/ec.h:678:52: note: declared here
  678 | OSSL_DEPRECATEDIN_3_0 int EC_POINT_get_affine_coordinates_GFp
      |                                                    ^~~~~~~~~~                         
/home/ubuntu/beat/pinning-complement-research/quantum-safe-bitcoin-challenge/candidates/pinning/research_affine/../pinning.cu: In function ‘int qsb_host_exact_hit(const pinning2_params_t*, uint32_t, uint32_t, int, EC_GROUP*, BN_CTX*, const BIGNUM*, const BIGNUM*, const EC_POINT*)’:
/home/ubuntu/beat/pinning-complement-research/quantum-safe-bitcoin-challenge/candidates/pinning/research_affine/../pinning.cu:2706:12: warning: ‘int SHA256_Init(SHA256_CTX*)’ is deprecated: Since OpenSSL 3.0 [-Wdeprecated-declarations]
 2706 |     SHA256_Init(&sc);
      |     ~~~~~~~^~~~~
/usr/include/openssl/sha.h:73:52: note: declared here
   73 | OSSL_DEPRECATEDIN_3_0 int SHA256_Init(SHA256_CTX *c);
      |                                                    ^~         
/home/ubuntu/beat/pinning-complement-research/quantum-safe-bitcoin-challenge/candidates/pinning/research_affine/../pinning.cu:2708:17: warning: ‘void SHA256_Transform(SHA256_CTX*, const unsigned char*)’ is deprecated: Since OpenSSL 3.0 [-Wdeprecated-declarations]
 2708 |     SHA256_Transform(&sc, buf);
      |     ~~~~~~~~~~~~^~~~~~~~~~
/usr/include/openssl/sha.h:77:53: note: declared here
   77 | OSSL_DEPRECATEDIN_3_0 void SHA256_Transform(SHA256_CTX *c,
      |                                                     ^~~~~~          
/home/ubuntu/beat/pinning-complement-research/quantum-safe-bitcoin-challenge/candidates/pinning/research_affine/../pinning.cu:2709:34: warning: ‘void SHA256_Transform(SHA256_CTX*, const unsigned char*)’ is deprecated: Since OpenSSL 3.0 [-Wdeprecated-declarations]
 2709 |     if (nblk == 2) SHA256_Transform(&sc, buf + 64);
      |                  ~~~~~~~~~~~~~~~~^~~~~~~~~~~~~~~
/usr/include/openssl/sha.h:77:53: note: declared here
   77 | OSSL_DEPRECATEDIN_3_0 void SHA256_Transform(SHA256_CTX *c,
      |                                                     ^~~~~~          
/home/ubuntu/beat/pinning-complement-research/quantum-safe-bitcoin-challenge/candidates/pinning/research_affine/../pinning.cu:2733:53: warning: ‘int EC_POINT_get_affine_coordinates_GFp(const EC_GROUP*, const EC_POINT*, BIGNUM*, BIGNUM*, BN_CTX*)’ is deprecated: Since OpenSSL 3.0 [-Wdeprecated-declarations]
 2733 |             if (qx && qy && EC_POINT_get_affine_coordinates_GFp(grp, Q, qx, qy, ctx)) {
      |                  ~~~~~~~~~~~~~~~~~~~~~~~~~~~~~~~~~~~^~~~~~~~~~~~~~~~~~~~~
/usr/include/openssl/ec.h:678:52: note: declared here
  678 | OSSL_DEPRECATEDIN_3_0 int EC_POINT_get_affine_coordinates_GFp
      |                                                    ^~~~~~~~~~                         
/home/ubuntu/beat/pinning-complement-research/quantum-safe-bitcoin-challenge/candidates/pinning/research_affine/../pinning.cu: In function ‘int qsb_original_solver_main(int, char**)’:
/home/ubuntu/beat/pinning-complement-research/quantum-safe-bitcoin-challenge/candidates/pinning/research_affine/../pinning.cu:2929:56: warning: ‘int EC_GROUP_get_curve_GFp(const EC_GROUP*, BIGNUM*, BIGNUM*, BIGNUM*, BN_CTX*)’ is deprecated: Since OpenSSL 3.0 [-Wdeprecated-declarations]
 2929 |             if(!field || !bk || !EC_GROUP_get_curve_GFp(grp,field,NULL,NULL,ctx) ||
      |                                  ~~~~~~~~~~~~~~~~~~~~~~^~~~~~~~~~~~~~~~~~~~~~~~~~~~     
/usr/include/openssl/ec.h:357:52: note: declared here
  357 | OSSL_DEPRECATEDIN_3_0 int EC_GROUP_get_curve_GFp(const EC_GROUP *group,
      |                                                    ^~~~~~~~~~~~~~~~~~~~  
/home/ubuntu/beat/pinning-complement-research/quantum-safe-bitcoin-challenge/candidates/pinning/research_affine/../pinning.cu:2948:36: warning: ‘int EC_POINT_set_affine_coordinates_GFp(const EC_GROUP*, EC_POINT*, const BIGNUM*, const BIGNUM*, BN_CTX*)’ is deprecated: Since OpenSSL 3.0 [-Wdeprecated-declarations]
 2948 |         EC_POINT_set_affine_coordinates_GFp(grp,pt,bx,by,ctx);
      |         ~~~~~~~~~~~~~~~~~~~~~~~~~~~^~~~~~~~~~~~~~~~~~~~~~
/usr/include/openssl/ec.h:665:52: note: declared here
  665 | OSSL_DEPRECATEDIN_3_0 int EC_POINT_set_affine_coordinates_GFp
      |                                                    ^~~~~~~~~~                         
/home/ubuntu/beat/pinning-complement-research/quantum-safe-bitcoin-challenge/candidates/pinning/research_affine/../pinning.cu:2953:36: warning: ‘int EC_POINT_get_affine_coordinates_GFp(const EC_GROUP*, const EC_POINT*, BIGNUM*, BIGNUM*, BN_CTX*)’ is deprecated: Since OpenSSL 3.0 [-Wdeprecated-declarations]
 2953 |         EC_POINT_get_affine_coordinates_GFp(grp,dbl,dx,dy,ctx);
      |         ~~~~~~~~~~~~~~~~~~~~~~~~~~~^~~~~~~~~~~~~~~~~~~~~~~
/usr/include/openssl/ec.h:678:52: note: declared here
  678 | OSSL_DEPRECATEDIN_3_0 int EC_POINT_get_affine_coordinates_GFp
      |                                                    ^~~~~~~~~~                         
/home/ubuntu/beat/pinning-complement-research/quantum-safe-bitcoin-challenge/candidates/pinning/research_affine/../pinning.cu:3259:359: warning: ‘int EC_POINT_set_affine_coordinates_GFp(const EC_GROUP*, EC_POINT*, const BIGNUM*, const BIGNUM*, BN_CTX*)’ is deprecated: Since OpenSSL 3.0 [-Wdeprecated-declarations]
 3259 |     if (!gate_grp || !gate_ctx || !gate_order || !gate_nri || !gate_rx || !gate_ry || !gate_R ||
      |                                                                                                                                                                                                                                                                                                                                                                       ^                                             
/usr/include/openssl/ec.h:665:52: note: declared here
  665 | OSSL_DEPRECATEDIN_3_0 int EC_POINT_set_affine_coordinates_GFp
      |                                                    ^~~~~~~~~~                         
/home/ubuntu/beat/pinning-complement-research/quantum-safe-bitcoin-challenge/candidates/pinning/research_affine/../pinning.cu:3336:12: warning: ‘int SHA256_Init(SHA256_CTX*)’ is deprecated: Since OpenSSL 3.0 [-Wdeprecated-declarations]
 3336 |             SHA256_Init(&ctx);
      |            ^~~~~~
/usr/include/openssl/sha.h:73:52: note: declared here
   73 | OSSL_DEPRECATEDIN_3_0 int SHA256_Init(SHA256_CTX *c);
      |                                                    ^~         
/home/ubuntu/beat/pinning-complement-research/quantum-safe-bitcoin-challenge/candidates/pinning/research_affine/../pinning.cu:3338:17: warning: ‘void SHA256_Transform(SHA256_CTX*, const unsigned char*)’ is deprecated: Since OpenSSL 3.0 [-Wdeprecated-declarations]
 3338 |             SHA256_Transform(&ctx,block);
      |             ~~~~^~~~~~~~~~~~~
/usr/include/openssl/sha.h:77:53: note: declared here
   77 | OSSL_DEPRECATEDIN_3_0 void SHA256_Transform(SHA256_CTX *c,
      |                                                     ^~~~~~          
/home/ubuntu/beat/pinning-complement-research/quantum-safe-bitcoin-challenge/candidates/pinning/research_affine/shifted_tail.cuh: In function ‘bool qsb_build_shifted_tail(QsbShiftedTailRecord*, const uint8_t*, const uint8_t*, const uint8_t*, uint32_t, uint32_t)’:
/home/ubuntu/beat/pinning-complement-research/quantum-safe-bitcoin-challenge/candidates/pinning/research_affine/shifted_tail.cuh:131:38: warning: ‘int EC_POINTs_make_affine(const EC_GROUP*, size_t, EC_POINT**, BN_CTX*)’ is deprecated: Since OpenSSL 3.0 [-Wdeprecated-declarations]
  131 |         if(ok)ok=EC_POINTs_make_affine(g,points.size(),points.data(),ctx)==1;
      |                 ~~~~~~~~~~~~~~~~~~~~~^~~~~~~~~~~~~~~~~~~~~~~~~~~~~~~~~~~~~~
/usr/include/openssl/ec.h:865:52: note: declared here
  865 | OSSL_DEPRECATEDIN_3_0 int EC_POINTs_make_affine(const EC_GROUP *group, size_t num,
      |                                                    ^~~~~~~~~~~~~~~~~~~~~
