benchmark.sh: benches=subset N=24 mode=fixed_time grinder=cmd:python3 harness/gpu_wrap.py --src candidates/subset/lab/n24L_centerunsigned.cu seed=1789110211
benchmark.sh: === subset ===
  pinning: /work/comps/yukon-glm-night/qsb-subset/benchmark-results/problem/pinning.json  +  pinning.bin (219 bytes)  preimage=9995B
  subset: /work/comps/yukon-glm-night/qsb-subset/benchmark-results/problem/subset.json  +  subset.bin (1956 bytes)  preimage=9906B
problems generated (synthetic, seed=1789110211 — no real coin material)
▶ grinder: python3 harness/gpu_wrap.py --src candidates/subset/lab/n24L_centerunsigned.cu --bench subset --zeros 24 --mode fixed_time --out /work/comps/yukon-glm-night/qsb-subset/benchmark-results/run-subset.json --seconds 120.0 --hits 200
  compile: reusing /work/comps/yukon-glm-night/qsb-subset/candidates/subset/lab/n24L_centerunsigned (already built for N=24)
  run: stdbuf -oL timeout 120 /work/comps/yukon-glm-night/qsb-subset/candidates/subset/lab/n24L_centerunsigned /work/comps/yukon-glm-night/qsb-subset/benchmark-results/problem/subset.bin 0 4081224 970060878 1 0 single_hash
  → /work/comps/yukon-glm-night/qsb-subset/benchmark-results/run-subset.json: 345.8M/s, 42,127,839,472 candidates, 5803 hits
score.py: subset score = 399423982.0 verified candidates per second  →  /work/comps/yukon-glm-night/qsb-subset/score-subset.json

========================================================
  BENCH   : subset   GPU: RTX_4090
  N (zeros): 24   mode: fixed_time
  candidates (self-reported): 42,127,839,472  in 121.9s (harness clock)
  candidates (from N verified hits): 48,679,092,224
  grinder self-reported: 121.8s, 345.8 M/s (not scored)
  verified hits: 5803 / 5803
  hit rel. variance: 0.013127
    ⚠ verified hits (5803) outside expected Poisson band [4592,5452] for 42,127,839,472 candidates at N=24 (expected≈5022.0) — candidate count may be misreported
--------------------------------------------------------
  SCORE (throughput) : 399.4240 M/s        ← primary (from verified hits)
  SCORE (hit-rate)   : 47.615062 hits/s
  RESULT: PASS ✅ (scored)
========================================================
