  pinning: /mnt/d/kongtaoxing/qsb-subset/candidates/subset/research/batch_trial/output-baseline/problems/pinning.json  +  pinning.bin (219 bytes)  preimage=9995B
  subset: /mnt/d/kongtaoxing/qsb-subset/candidates/subset/research/batch_trial/output-baseline/problems/subset.json  +  subset.bin (1956 bytes)  preimage=9906B
problems generated (synthetic, seed=2026092501 — no real coin material)
▶ grinder: python3 /mnt/d/kongtaoxing/qsb-subset/harness/gpu_wrap.py --src /mnt/d/kongtaoxing/qsb-subset/candidates/subset/research/batch_trial/baseline.cu --no-build --bench subset --zeros 24 --mode fixed_time --out /mnt/d/kongtaoxing/qsb-subset/candidates/subset/research/batch_trial/output-baseline/run.json --seconds 20.0 --hits 200
  compile: reusing /mnt/d/kongtaoxing/qsb-subset/candidates/subset/research/batch_trial/baseline (already built for N=24)
  run: stdbuf -oL timeout 20 /mnt/d/kongtaoxing/qsb-subset/candidates/subset/research/batch_trial/baseline /mnt/d/kongtaoxing/qsb-subset/candidates/subset/research/batch_trial/output-baseline/problems/subset.bin 0 279549145 2399405719 1 0 single_hash
  → /mnt/d/kongtaoxing/qsb-subset/candidates/subset/research/batch_trial/output-baseline/run.json: 248.8M/s, 4,987,857,835 candidates, 579 hits

========================================================
  BENCH   : subset   GPU: RTX_4090
  N (zeros): 24   mode: fixed_time
  candidates (self-reported): 4,987,857,835  in 20.1s (harness clock)
  candidates (from N verified hits): 4,857,004,032
  grinder self-reported: 20.0s, 248.8 M/s (not scored)
  verified hits: 579 / 579
  hit rel. variance: 0.041559
--------------------------------------------------------
  SCORE (throughput) : 241.5361 M/s        ← primary (from verified hits)
  SCORE (hit-rate)   : 28.793364 hits/s
  RESULT: PASS ✅ (scored)
========================================================
