  pinning: /mnt/d/kongtaoxing/qsb-subset/candidates/subset/research/block512/output-candidate-a/problems/pinning.json  +  pinning.bin (219 bytes)  preimage=9995B
  subset: /mnt/d/kongtaoxing/qsb-subset/candidates/subset/research/block512/output-candidate-a/problems/subset.json  +  subset.bin (1956 bytes)  preimage=9906B
problems generated (synthetic, seed=2026092501 — no real coin material)
▶ grinder: python3 /mnt/d/kongtaoxing/qsb-subset/candidates/subset/research/stage_profile/capture.py --src /mnt/d/kongtaoxing/qsb-subset/candidates/subset/research/block512/candidate.cu --no-build --bench subset --zeros 24 --mode fixed_time --out /mnt/d/kongtaoxing/qsb-subset/candidates/subset/research/block512/output-candidate-a/run.json --seconds 60.0 --hits 200
  compile: reusing /mnt/d/kongtaoxing/qsb-subset/candidates/subset/research/block512/candidate (already built for N=24)
  run: stdbuf -oL timeout 60 /mnt/d/kongtaoxing/qsb-subset/candidates/subset/research/block512/candidate /mnt/d/kongtaoxing/qsb-subset/candidates/subset/research/block512/output-candidate-a/problems/subset.bin 0 279549145 2399405719 1 0 single_hash
  → /mnt/d/kongtaoxing/qsb-subset/candidates/subset/research/block512/output-candidate-a/run.json: 233.1M/s, 14,003,552,035 candidates, 1569 hits

========================================================
  BENCH   : subset   GPU: RTX_4090
  N (zeros): 24   mode: fixed_time
  candidates (self-reported): 14,003,552,035  in 60.2s (harness clock)
  candidates (from N verified hits): 13,161,725,952
  grinder self-reported: 60.1s, 233.1 M/s (not scored)
  verified hits: 1569 / 1569
  hit rel. variance: 0.025246
--------------------------------------------------------
  SCORE (throughput) : 218.7915 M/s        ← primary (from verified hits)
  SCORE (hit-rate)   : 26.081970 hits/s
  RESULT: PASS ✅ (scored)
========================================================
