  pinning: /mnt/d/kongtaoxing/qsb-subset/candidates/subset/research/split_sha_only/output-candidate_bound3-m/problems/pinning.json  +  pinning.bin (219 bytes)  preimage=9995B
  subset: /mnt/d/kongtaoxing/qsb-subset/candidates/subset/research/split_sha_only/output-candidate_bound3-m/problems/subset.json  +  subset.bin (1956 bytes)  preimage=9906B
problems generated (synthetic, seed=2026092501 — no real coin material)
▶ grinder: python3 /mnt/d/kongtaoxing/qsb-subset/candidates/subset/research/stage_profile/capture.py --src /mnt/d/kongtaoxing/qsb-subset/candidates/subset/research/split_sha_only/candidate_bound3.cu --no-build --bench subset --zeros 24 --mode fixed_time --out /mnt/d/kongtaoxing/qsb-subset/candidates/subset/research/split_sha_only/output-candidate_bound3-m/run.json --seconds 60.0 --hits 200
  compile: reusing /mnt/d/kongtaoxing/qsb-subset/candidates/subset/research/split_sha_only/candidate_bound3 (already built for N=24)
  run: stdbuf -oL timeout 60 /mnt/d/kongtaoxing/qsb-subset/candidates/subset/research/split_sha_only/candidate_bound3 /mnt/d/kongtaoxing/qsb-subset/candidates/subset/research/split_sha_only/output-candidate_bound3-m/problems/subset.bin 0 279549145 2399405719 1 0 single_hash
  → /mnt/d/kongtaoxing/qsb-subset/candidates/subset/research/split_sha_only/output-candidate_bound3-m/run.json: 254.8M/s, 15,306,156,616 candidates, 1826 hits

========================================================
  BENCH   : subset   GPU: RTX_4090
  N (zeros): 24   mode: fixed_time
  candidates (self-reported): 15,306,156,616  in 60.1s (harness clock)
  candidates (from N verified hits): 15,317,598,208
  grinder self-reported: 60.1s, 254.8 M/s (not scored)
  verified hits: 1826 / 1826
  hit rel. variance: 0.023402
--------------------------------------------------------
  SCORE (throughput) : 254.6687 M/s        ← primary (from verified hits)
  SCORE (hit-rate)   : 30.358853 hits/s
  RESULT: PASS ✅ (scored)
========================================================
