  pinning: /mnt/d/kongtaoxing/qsb-subset/candidates/subset/research/block128/output-candidate-a/problems/pinning.json  +  pinning.bin (219 bytes)  preimage=9995B
  subset: /mnt/d/kongtaoxing/qsb-subset/candidates/subset/research/block128/output-candidate-a/problems/subset.json  +  subset.bin (1956 bytes)  preimage=9906B
problems generated (synthetic, seed=2026092501 — no real coin material)
▶ grinder: python3 /mnt/d/kongtaoxing/qsb-subset/harness/gpu_wrap.py --src /mnt/d/kongtaoxing/qsb-subset/candidates/subset/research/block128/candidate.cu --no-build --bench subset --zeros 24 --mode fixed_time --out /mnt/d/kongtaoxing/qsb-subset/candidates/subset/research/block128/output-candidate-a/run.json --seconds 60.0 --hits 200
  compile: reusing /mnt/d/kongtaoxing/qsb-subset/candidates/subset/research/block128/candidate (already built for N=24)
  run: stdbuf -oL timeout 60 /mnt/d/kongtaoxing/qsb-subset/candidates/subset/research/block128/candidate /mnt/d/kongtaoxing/qsb-subset/candidates/subset/research/block128/output-candidate-a/problems/subset.bin 0 279549145 2399405719 1 0 single_hash
  → /mnt/d/kongtaoxing/qsb-subset/candidates/subset/research/block128/output-candidate-a/run.json: 250.0M/s, 15,017,995,238 candidates, 1673 hits

========================================================
  BENCH   : subset   GPU: RTX_4090
  N (zeros): 24   mode: fixed_time
  candidates (self-reported): 15,017,995,238  in 60.1s (harness clock)
  candidates (from N verified hits): 14,034,141,184
  grinder self-reported: 60.1s, 250.0 M/s (not scored)
  verified hits: 1673 / 1673
  hit rel. variance: 0.024448
--------------------------------------------------------
  SCORE (throughput) : 233.3224 M/s        ← primary (from verified hits)
  SCORE (hit-rate)   : 27.814215 hits/s
  RESULT: PASS ✅ (scored)
========================================================
