  pinning: /mnt/d/kongtaoxing/qsb-subset/candidates/subset/research/split_fused_tail/output-candidate-c/problems/pinning.json  +  pinning.bin (219 bytes)  preimage=9995B
  subset: /mnt/d/kongtaoxing/qsb-subset/candidates/subset/research/split_fused_tail/output-candidate-c/problems/subset.json  +  subset.bin (1956 bytes)  preimage=9906B
problems generated (synthetic, seed=2026092501 — no real coin material)
▶ grinder: python3 /mnt/d/kongtaoxing/qsb-subset/candidates/subset/research/stage_profile/capture.py --src /mnt/d/kongtaoxing/qsb-subset/candidates/subset/research/split_fused_tail/candidate.cu --no-build --bench subset --zeros 24 --mode fixed_time --out /mnt/d/kongtaoxing/qsb-subset/candidates/subset/research/split_fused_tail/output-candidate-c/run.json --seconds 60.0 --hits 200
  compile: reusing /mnt/d/kongtaoxing/qsb-subset/candidates/subset/research/split_fused_tail/candidate (already built for N=24)
  run: stdbuf -oL timeout 60 /mnt/d/kongtaoxing/qsb-subset/candidates/subset/research/split_fused_tail/candidate /mnt/d/kongtaoxing/qsb-subset/candidates/subset/research/split_fused_tail/output-candidate-c/problems/subset.bin 0 279549145 2399405719 1 0 single_hash
  → /mnt/d/kongtaoxing/qsb-subset/candidates/subset/research/split_fused_tail/output-candidate-c/run.json: 246.2M/s, 14,790,331,413 candidates, 1765 hits

========================================================
  BENCH   : subset   GPU: RTX_4090
  N (zeros): 24   mode: fixed_time
  candidates (self-reported): 14,790,331,413  in 60.2s (harness clock)
  candidates (from N verified hits): 14,805,893,120
  grinder self-reported: 60.1s, 246.2 M/s (not scored)
  verified hits: 1765 / 1765
  hit rel. variance: 0.023803
--------------------------------------------------------
  SCORE (throughput) : 246.1320 M/s        ← primary (from verified hits)
  SCORE (hit-rate)   : 29.341211 hits/s
  RESULT: PASS ✅ (scored)
========================================================

{
  "verified_hits": 1765,
  "elapsed_s": 60.1543,
  "throughput_Mps": 246.131967,
  "problem_seed": 2026092501,
  "score": {
    "primary_throughput_Mps": 246.131967,
    "secondary_hits_per_s": 29.341211,
    "valid": true
  }
}
