  pinning: /mnt/d/kongtaoxing/qsb-subset/candidates/subset/research/compact_first/output-baseline-d/problems/pinning.json  +  pinning.bin (219 bytes)  preimage=9995B
  subset: /mnt/d/kongtaoxing/qsb-subset/candidates/subset/research/compact_first/output-baseline-d/problems/subset.json  +  subset.bin (1956 bytes)  preimage=9906B
problems generated (synthetic, seed=2026092501 — no real coin material)
▶ grinder: python3 /mnt/d/kongtaoxing/qsb-subset/harness/gpu_wrap.py --src /mnt/d/kongtaoxing/qsb-subset/candidates/subset/research/compact_first/baseline.cu --no-build --bench subset --zeros 24 --mode fixed_time --out /mnt/d/kongtaoxing/qsb-subset/candidates/subset/research/compact_first/output-baseline-d/run.json --seconds 40.0 --hits 200
  compile: reusing /mnt/d/kongtaoxing/qsb-subset/candidates/subset/research/compact_first/baseline (already built for N=24)
  run: stdbuf -oL timeout 40 /mnt/d/kongtaoxing/qsb-subset/candidates/subset/research/compact_first/baseline /mnt/d/kongtaoxing/qsb-subset/candidates/subset/research/compact_first/output-baseline-d/problems/subset.bin 0 279549145 2399405719 1 0 single_hash
  → /mnt/d/kongtaoxing/qsb-subset/candidates/subset/research/compact_first/output-baseline-d/run.json: 247.5M/s, 9,916,435,310 candidates, 1160 hits

========================================================
  BENCH   : subset   GPU: RTX_4090
  N (zeros): 24   mode: fixed_time
  candidates (self-reported): 9,916,435,310  in 40.1s (harness clock)
  candidates (from N verified hits): 9,730,785,280
  grinder self-reported: 40.1s, 247.5 M/s (not scored)
  verified hits: 1160 / 1160
  hit rel. variance: 0.029361
--------------------------------------------------------
  SCORE (throughput) : 242.4572 M/s        ← primary (from verified hits)
  SCORE (hit-rate)   : 28.903174 hits/s
  RESULT: PASS ✅ (scored)
========================================================
