benchmark.sh: benches=subset N=24 mode=fixed_time grinder=cmd:python3 harness/gpu_wrap.py --src /work/tmp/qsb-it5-combined-final.wh8dSx/candidates/subset/lab/n24L_center.cu seed=1789110211
benchmark.sh: === subset ===
  pinning: /work/comps/yukon-glm-night/qsb-subset/benchmark-results/problem/pinning.json  +  pinning.bin (219 bytes)  preimage=9995B
  subset: /work/comps/yukon-glm-night/qsb-subset/benchmark-results/problem/subset.json  +  subset.bin (1956 bytes)  preimage=9906B
problems generated (synthetic, seed=1789110211 — no real coin material)
▶ grinder: python3 harness/gpu_wrap.py --src /work/tmp/qsb-it5-combined-final.wh8dSx/candidates/subset/lab/n24L_center.cu --bench subset --zeros 24 --mode fixed_time --out /work/comps/yukon-glm-night/qsb-subset/benchmark-results/run-subset.json --seconds 120.0 --hits 200
  compile: reusing /work/tmp/qsb-it5-combined-final.wh8dSx/candidates/subset/lab/n24L_center (already built for N=24)
  run: stdbuf -oL timeout 120 /work/tmp/qsb-it5-combined-final.wh8dSx/candidates/subset/lab/n24L_center /work/comps/yukon-glm-night/qsb-subset/benchmark-results/problem/subset.bin 0 4081224 970060878 1 0 single_hash
  → /work/comps/yukon-glm-night/qsb-subset/benchmark-results/run-subset.json: 342.6M/s, 41,652,180,841 candidates, 5795 hits
score.py: subset score = 399694616.0 verified candidates per second  →  /work/comps/yukon-glm-night/qsb-subset/score-subset.json

========================================================
  BENCH   : subset   GPU: RTX_4090
  N (zeros): 24   mode: fixed_time
  candidates (self-reported): 41,652,180,841  in 121.6s (harness clock)
  candidates (from N verified hits): 48,611,983,360
  grinder self-reported: 121.6s, 342.6 M/s (not scored)
  verified hits: 5795 / 5795
  hit rel. variance: 0.013136
    ⚠ verified hits (5795) outside expected Poisson band [4538,5393] for 41,652,180,841 candidates at N=24 (expected≈4965.3) — candidate count may be misreported
--------------------------------------------------------
  SCORE (throughput) : 399.6946 M/s        ← primary (from verified hits)
  SCORE (hit-rate)   : 47.647316 hits/s
  RESULT: PASS ✅ (scored)
========================================================
