benchmark.sh: benches=subset N=24 mode=fixed_time grinder=cmd:python3 harness/gpu_wrap.py --src /work/tmp/qsb-it6-probes.SLn6WU/candidates/subset/lab/n24L_pack8launch8.cu seed=1789110211
benchmark.sh: === subset ===
  pinning: /work/comps/yukon-glm-night/qsb-subset/benchmark-results/problem/pinning.json  +  pinning.bin (219 bytes)  preimage=9995B
  subset: /work/comps/yukon-glm-night/qsb-subset/benchmark-results/problem/subset.json  +  subset.bin (1956 bytes)  preimage=9906B
problems generated (synthetic, seed=1789110211 — no real coin material)
▶ grinder: python3 harness/gpu_wrap.py --src /work/tmp/qsb-it6-probes.SLn6WU/candidates/subset/lab/n24L_pack8launch8.cu --bench subset --zeros 24 --mode fixed_time --out /work/comps/yukon-glm-night/qsb-subset/benchmark-results/run-subset.json --seconds 120.0 --hits 200
  compile: reusing /work/tmp/qsb-it6-probes.SLn6WU/candidates/subset/lab/n24L_pack8launch8 (already built for N=24)
  run: stdbuf -oL timeout 120 /work/tmp/qsb-it6-probes.SLn6WU/candidates/subset/lab/n24L_pack8launch8 /work/comps/yukon-glm-night/qsb-subset/benchmark-results/problem/subset.bin 0 4081224 970060878 1 0 single_hash
  → /work/comps/yukon-glm-night/qsb-subset/benchmark-results/run-subset.json: 343.4M/s, 42,304,451,992 candidates, 5780 hits
score.py: subset score = 393430942.0 verified candidates per second  →  /work/comps/yukon-glm-night/qsb-subset/score-subset.json

========================================================
  BENCH   : subset   GPU: RTX_4090
  N (zeros): 24   mode: fixed_time
  candidates (self-reported): 42,304,451,992  in 123.2s (harness clock)
  candidates (from N verified hits): 48,486,154,240
  grinder self-reported: 123.2s, 343.4 M/s (not scored)
  verified hits: 5780 / 5780
  hit rel. variance: 0.013153
    ⚠ verified hits (5780) outside expected Poisson band [4612,5474] for 42,304,451,992 candidates at N=24 (expected≈5043.1) — candidate count may be misreported
--------------------------------------------------------
  SCORE (throughput) : 393.4309 M/s        ← primary (from verified hits)
  SCORE (hit-rate)   : 46.900623 hits/s
  RESULT: PASS ✅ (scored)
========================================================
