benchmark.sh: benches=subset N=24 mode=fixed_time grinder=cmd:python3 harness/gpu_wrap.py --src candidates/subset/lab/n24L_iter11control.cu seed=1789110211
benchmark.sh: === subset ===
  pinning: /work/comps/yukon-glm-night/qsb-subset/benchmark-results/problem/pinning.json  +  pinning.bin (219 bytes)  preimage=9995B
  subset: /work/comps/yukon-glm-night/qsb-subset/benchmark-results/problem/subset.json  +  subset.bin (1956 bytes)  preimage=9906B
problems generated (synthetic, seed=1789110211 — no real coin material)
▶ grinder: python3 harness/gpu_wrap.py --src candidates/subset/lab/n24L_iter11control.cu --bench subset --zeros 24 --mode fixed_time --out /work/comps/yukon-glm-night/qsb-subset/benchmark-results/run-subset.json --seconds 120.0 --hits 200
  compile: reusing /work/comps/yukon-glm-night/qsb-subset/candidates/subset/lab/n24L_iter11control (already built for N=24)
  run: stdbuf -oL timeout 120 /work/comps/yukon-glm-night/qsb-subset/candidates/subset/lab/n24L_iter11control /work/comps/yukon-glm-night/qsb-subset/benchmark-results/problem/subset.bin 0 4081224 970060878 1 0 single_hash
  → /work/comps/yukon-glm-night/qsb-subset/benchmark-results/run-subset.json: 314.1M/s, 38,290,620,574 candidates, 5216 hits
score.py: subset score = 358775324.0 verified candidates per second  →  /work/comps/yukon-glm-night/qsb-subset/score-subset.json

========================================================
  BENCH   : subset   GPU: RTX_4090
  N (zeros): 24   mode: fixed_time
  candidates (self-reported): 38,290,620,574  in 122.0s (harness clock)
  candidates (from N verified hits): 43,754,979,328
  grinder self-reported: 121.9s, 314.1 M/s (not scored)
  verified hits: 5216 / 5216
  hit rel. variance: 0.013846
    ⚠ verified hits (5216) outside expected Poisson band [4154,4975] for 38,290,620,574 candidates at N=24 (expected≈4564.6) — candidate count may be misreported
--------------------------------------------------------
  SCORE (throughput) : 358.7753 M/s        ← primary (from verified hits)
  SCORE (hit-rate)   : 42.769348 hits/s
  RESULT: PASS ✅ (scored)
========================================================
