benchmark.sh: benches=subset N=24 mode=fixed_time grinder=cmd:python3 harness/gpu_wrap.py --src candidates/subset/lab/n24L_iter11budget.cu seed=1789110211
benchmark.sh: === subset ===
  pinning: /work/comps/yukon-glm-night/qsb-subset/benchmark-results/problem/pinning.json  +  pinning.bin (219 bytes)  preimage=9995B
  subset: /work/comps/yukon-glm-night/qsb-subset/benchmark-results/problem/subset.json  +  subset.bin (1956 bytes)  preimage=9906B
problems generated (synthetic, seed=1789110211 — no real coin material)
▶ grinder: python3 harness/gpu_wrap.py --src candidates/subset/lab/n24L_iter11budget.cu --bench subset --zeros 24 --mode fixed_time --out /work/comps/yukon-glm-night/qsb-subset/benchmark-results/run-subset.json --seconds 120.0 --hits 200
  compile: reusing /work/comps/yukon-glm-night/qsb-subset/candidates/subset/lab/n24L_iter11budget (already built for N=24)
  run: stdbuf -oL timeout 120 /work/comps/yukon-glm-night/qsb-subset/candidates/subset/lab/n24L_iter11budget /work/comps/yukon-glm-night/qsb-subset/benchmark-results/problem/subset.bin 0 4081224 970060878 1 0 single_hash
  → /work/comps/yukon-glm-night/qsb-subset/benchmark-results/run-subset.json: 323.4M/s, 39,050,488,470 candidates, 5400 hits
score.py: subset score = 374997364.0 verified candidates per second  →  /work/comps/yukon-glm-night/qsb-subset/score-subset.json

========================================================
  BENCH   : subset   GPU: RTX_4090
  N (zeros): 24   mode: fixed_time
  candidates (self-reported): 39,050,488,470  in 120.8s (harness clock)
  candidates (from N verified hits): 45,298,483,200
  grinder self-reported: 120.8s, 323.4 M/s (not scored)
  verified hits: 5400 / 5400
  hit rel. variance: 0.013608
    ⚠ verified hits (5400) outside expected Poisson band [4241,5070] for 39,050,488,470 candidates at N=24 (expected≈4655.2) — candidate count may be misreported
--------------------------------------------------------
  SCORE (throughput) : 374.9974 M/s        ← primary (from verified hits)
  SCORE (hit-rate)   : 44.703171 hits/s
  RESULT: PASS ✅ (scored)
========================================================
