  compile: nvcc -O3 -DQSB_ZEROS_N=24 -o /mnt/d/kongtaoxing/qsb-subset/candidates/subset/subset /mnt/d/kongtaoxing/qsb-subset/candidates/subset/subset.cu -lcrypto -lm
nvcc warning : Support for offline compilation for architectures prior to '<compute/sm/lto>_75' will be removed in a future release (Use -Wno-deprecated-gpu-targets to suppress warning).
/mnt/d/kongtaoxing/qsb-subset/candidates/subset/tests/gpu_epochs/../../chain_replay_field.cuh(11): warning #550-D: variable "carry" was set but never used
      uint64_t r0,r1,r2,r3;uint32_t carry;
                                    ^

Remark: The warnings can be suppressed with "-diag-suppress <warning-number>"

/mnt/d/kongtaoxing/qsb-subset/candidates/subset/tests/gpu_epochs/../../chain_replay_field.cuh(42): warning #550-D: variable "carry" was set but never used
      uint64_t r0,r1,r2,r3; uint32_t carry;
                                     ^

/mnt/d/kongtaoxing/qsb-subset/candidates/subset/tests/gpu_epochs/../../chain_replay_field.cuh(58): warning #550-D: variable "carry" was set but never used
      uint64_t r0,r1,r2,r3; uint32_t carry;
                                     ^

/mnt/d/kongtaoxing/qsb-subset/candidates/subset/tests/gpu_epochs/../../chain_replay_field.cuh(1694): warning #550-D: variable "high" was set but never used
      uint64_t r0,r1,r2,r3,high;
                           ^

/mnt/d/kongtaoxing/qsb-subset/candidates/subset/tests/gpu_epochs/../../hit_filter_field_sc.cuh(39): warning #550-D: variable "carry" was set but never used
      uint64_t r0,r1,r2,r3;uint32_t carry;
                                    ^

/mnt/d/kongtaoxing/qsb-subset/candidates/subset/tests/gpu_epochs/../../hit_filter_field_sc.cuh(70): warning #550-D: variable "carry" was set but never used
      uint64_t r0,r1,r2,r3; uint32_t carry;
                                     ^

/mnt/d/kongtaoxing/qsb-subset/candidates/subset/tests/gpu_epochs/../../hit_filter_field_sc.cuh(95): warning #550-D: variable "carry" was set but never used
      uint64_t r0,r1,r2,r3; uint32_t carry;
                                     ^

/mnt/d/kongtaoxing/qsb-subset/candidates/subset/tests/gpu_epochs/../../hit_filter_field_sc.cuh(2959): warning #550-D: variable "high" was set but never used
      uint64_t r0,r1,r2,r3,high;
                           ^

/mnt/d/kongtaoxing/qsb-subset/candidates/subset/tests/gpu_epochs/tree.cu(2984): warning #550-D: variable "debug_idx" was set but never used
          int debug_idx = -1;
              ^

/mnt/d/kongtaoxing/qsb-subset/candidates/subset/tests/gpu_epochs/tree.cu(3053): warning #177-D: variable "f" was declared but never referenced
              int f = (int)tile_first[t];
                  ^

/mnt/d/kongtaoxing/qsb-subset/candidates/subset/tests/gpu_epochs/tree.cu(3117): warning #177-D: variable "batch_pos" was declared but never referenced
              int batch_pos = nblk * 256;
                  ^

/mnt/d/kongtaoxing/qsb-subset/candidates/subset/tests/gpu_epochs/tree.cu(3102): warning #177-D: variable "zh_idx" was declared but never referenced
          uint32_t *zh_idx = (uint32_t *)(d_hitbuf + 4);
                    ^

/mnt/d/kongtaoxing/qsb-subset/candidates/subset/tests/gpu_epochs/tree.cu(3103): warning #177-D: variable "zh_combos" was declared but never referenced
          uint8_t *zh_combos = d_hitbuf + 8;
                   ^

/mnt/d/kongtaoxing/qsb-subset/candidates/subset/tests/gpu_epochs/tree.cu(2628): warning #177-D: variable "epoch_mid" was declared but never referenced
      uint32_t epoch_mid[8];
               ^

/mnt/d/kongtaoxing/qsb-subset/candidates/subset/tests/gpu_epochs/tree.cu(2629): warning #177-D: variable "epoch_rem_len" was declared but never referenced
      int epoch_rem_len = 0;
          ^

/mnt/d/kongtaoxing/qsb-subset/candidates/subset/tests/gpu_epochs/tree.cu(2938): warning #177-D: variable "BLKSZ" was declared but never referenced
      int BLKSZ = 256;
          ^

/mnt/d/kongtaoxing/qsb-subset/candidates/subset/tests/gpu_epochs/tree.cu(2992): warning #550-D: variable "t_last_report" was set but never used
      struct timespec t0, t1, t_last_report;
                              ^

/mnt/d/kongtaoxing/qsb-subset/candidates/subset/tests/gpu_epochs/tree.cu(3073): warning #177-D: variable "found" was declared but never referenced
      int found = 0;
          ^

/mnt/d/kongtaoxing/qsb-subset/candidates/subset/tests/gpu_epochs/tree.cu: In function ‘void gt_point_to_limbs(EC_GROUP*, EC_POINT*, BIGNUM*, BIGNUM*, BN_CTX*, uint64_t*)’:
/mnt/d/kongtaoxing/qsb-subset/candidates/subset/tests/gpu_epochs/tree.cu:2109:36: warning: ‘int EC_POINT_get_affine_coordinates_GFp(const EC_GROUP*, const EC_POINT*, BIGNUM*, BIGNUM*, BN_CTX*)’ is deprecated: Since OpenSSL 3.0 [-Wdeprecated-declarations]
 2109 |     EC_POINT_get_affine_coordinates_GFp(grp, pt, x, y, ctx);
      |     ~~~~~~~~~~~~~~~~~~~~~~~~~~~~~~~^~~~~~~~~~~~~~~~~~~~
/usr/include/openssl/ec.h:659:52: note: declared here
  659 | OSSL_DEPRECATEDIN_3_0 int EC_POINT_get_affine_coordinates_GFp
      |                                                    ^~~~~~~~~~                         
/mnt/d/kongtaoxing/qsb-subset/candidates/subset/tests/gpu_epochs/tree.cu: In function ‘void compute_gtable(uint8_t*, const uint8_t*)’:
/mnt/d/kongtaoxing/qsb-subset/candidates/subset/tests/gpu_epochs/tree.cu:2233:36: warning: ‘int EC_POINT_get_affine_coordinates_GFp(const EC_GROUP*, const EC_POINT*, BIGNUM*, BIGNUM*, BN_CTX*)’ is deprecated: Since OpenSSL 3.0 [-Wdeprecated-declarations]
 2233 |             EC_POINT_get_affine_coordinates_GFp(grp, pt, x, y, ctx);
      |             ~~~~~~~~~~~~~~~~~~~~~~~^~~~~~~~~~~~~~~~~~~~
/usr/include/openssl/ec.h:659:52: note: declared here
  659 | OSSL_DEPRECATEDIN_3_0 int EC_POINT_get_affine_coordinates_GFp
      |                                                    ^~~~~~~~~~                         
/mnt/d/kongtaoxing/qsb-subset/candidates/subset/tests/gpu_epochs/tree.cu: In function ‘void build_epoch_prefix(const digest_params_t*, int, int, const uint8_t*, uint8_t*, uint32_t*, uint8_t*, int*)’:
/mnt/d/kongtaoxing/qsb-subset/candidates/subset/tests/gpu_epochs/tree.cu:2385:12: warning: ‘int SHA256_Init(SHA256_CTX*)’ is deprecated: Since OpenSSL 3.0 [-Wdeprecated-declarations]
 2385 |     SHA256_Init(&ctx);
      |     ~~~~~~~^~~~~~
/usr/include/openssl/sha.h:73:52: note: declared here
   73 | OSSL_DEPRECATEDIN_3_0 int SHA256_Init(SHA256_CTX *c);
      |                                                    ^~         
/mnt/d/kongtaoxing/qsb-subset/candidates/subset/tests/gpu_epochs/tree.cu:2388:57: warning: ‘void SHA256_Transform(SHA256_CTX*, const unsigned char*)’ is deprecated: Since OpenSSL 3.0 [-Wdeprecated-declarations]
 2388 |     for (size_t i = 0; i < blocks; ++i) SHA256_Transform(&ctx, scratch + i * 64);
      |                                         ~~~~~~~~~~~~~~~~^~~~~~~~~~~~~~~~~~~~~~~~~   
/usr/include/openssl/sha.h:77:53: note: declared here
   77 | OSSL_DEPRECATEDIN_3_0 void SHA256_Transform(SHA256_CTX *c,
      |                                                     ^~~~~~          
/mnt/d/kongtaoxing/qsb-subset/candidates/subset/tests/gpu_epochs/tree.cu: In function ‘int main(int, char**)’:
/mnt/d/kongtaoxing/qsb-subset/candidates/subset/tests/gpu_epochs/tree.cu:2905:36: warning: ‘int EC_POINT_set_affine_coordinates_GFp(const EC_GROUP*, EC_POINT*, const BIGNUM*, const BIGNUM*, BN_CTX*)’ is deprecated: Since OpenSSL 3.0 [-Wdeprecated-declarations]
 2905 |         EC_POINT_set_affine_coordinates_GFp(grp,pt,bx,by,ctx);
      |         ~~~~~~~~~~~~~~~~~~~~~~~~~~~^~~~~~~~~~~~~~~~~~~~~~
/usr/include/openssl/ec.h:646:52: note: declared here
  646 | OSSL_DEPRECATEDIN_3_0 int EC_POINT_set_affine_coordinates_GFp
      |                                                    ^~~~~~~~~~                         
/mnt/d/kongtaoxing/qsb-subset/candidates/subset/tests/gpu_epochs/tree.cu:2910:36: warning: ‘int EC_POINT_get_affine_coordinates_GFp(const EC_GROUP*, const EC_POINT*, BIGNUM*, BIGNUM*, BN_CTX*)’ is deprecated: Since OpenSSL 3.0 [-Wdeprecated-declarations]
 2910 |         EC_POINT_get_affine_coordinates_GFp(grp,dbl,dx,dy,ctx);
      |         ~~~~~~~~~~~~~~~~~~~~~~~~~~~^~~~~~~~~~~~~~~~~~~~~~~
/usr/include/openssl/ec.h:659:52: note: declared here
  659 | OSSL_DEPRECATEDIN_3_0 int EC_POINT_get_affine_coordinates_GFp
      |                                                    ^~~~~~~~~~                         
