benchmark.sh: benches=subset N=24 mode=fixed_time grinder=cmd:python3 harness/gpu_wrap.py --src /work/tmp/qsb-firstslots8.LCmRUf/candidates/subset/n24L_firstslots8.cu seed=1789110211
benchmark.sh: === subset ===
  pinning: /work/comps/yukon-glm-night/qsb-subset/benchmark-results/problem/pinning.json  +  pinning.bin (219 bytes)  preimage=9995B
  subset: /work/comps/yukon-glm-night/qsb-subset/benchmark-results/problem/subset.json  +  subset.bin (1956 bytes)  preimage=9906B
problems generated (synthetic, seed=1789110211 — no real coin material)
▶ grinder: python3 harness/gpu_wrap.py --src /work/tmp/qsb-firstslots8.LCmRUf/candidates/subset/n24L_firstslots8.cu --bench subset --zeros 24 --mode fixed_time --out /work/comps/yukon-glm-night/qsb-subset/benchmark-results/run-subset.json --seconds 120.0 --hits 200
  compile: reusing /work/tmp/qsb-firstslots8.LCmRUf/candidates/subset/n24L_firstslots8 (already built for N=24)
  run: stdbuf -oL timeout 120 /work/tmp/qsb-firstslots8.LCmRUf/candidates/subset/n24L_firstslots8 /work/comps/yukon-glm-night/qsb-subset/benchmark-results/problem/subset.bin 0 4081224 970060878 1 0 single_hash
  → /work/comps/yukon-glm-night/qsb-subset/benchmark-results/run-subset.json: 327.0M/s, 39,528,293,459 candidates, 5379 hits
score.py: subset score = 373106826.0 verified candidates per second  →  /work/comps/yukon-glm-night/qsb-subset/score-subset.json

========================================================
  BENCH   : subset   GPU: RTX_4090
  N (zeros): 24   mode: fixed_time
  candidates (self-reported): 39,528,293,459  in 120.9s (harness clock)
  candidates (from N verified hits): 45,122,322,432
  grinder self-reported: 120.9s, 327.0 M/s (not scored)
  verified hits: 5379 / 5379
  hit rel. variance: 0.013635
    ⚠ verified hits (5379) outside expected Poisson band [4295,5129] for 39,528,293,459 candidates at N=24 (expected≈4712.1) — candidate count may be misreported
--------------------------------------------------------
  SCORE (throughput) : 373.1068 M/s        ← primary (from verified hits)
  SCORE (hit-rate)   : 44.477814 hits/s
  RESULT: PASS ✅ (scored)
========================================================
