benchmark.sh: benches=subset N=24 mode=fixed_time grinder=cmd:python3 harness/gpu_wrap.py --src /work/tmp/qsb-firstslots8.LCmRUf/candidates/subset/n24L_firstslots8.cu seed=1789110211
benchmark.sh: === subset ===
  pinning: /work/comps/yukon-glm-night/qsb-subset/benchmark-results/problem/pinning.json  +  pinning.bin (219 bytes)  preimage=9995B
  subset: /work/comps/yukon-glm-night/qsb-subset/benchmark-results/problem/subset.json  +  subset.bin (1956 bytes)  preimage=9906B
problems generated (synthetic, seed=1789110211 — no real coin material)
▶ grinder: python3 harness/gpu_wrap.py --src /work/tmp/qsb-firstslots8.LCmRUf/candidates/subset/n24L_firstslots8.cu --bench subset --zeros 24 --mode fixed_time --out /work/comps/yukon-glm-night/qsb-subset/benchmark-results/run-subset.json --seconds 120.0 --hits 200
  compile: reusing /work/tmp/qsb-firstslots8.LCmRUf/candidates/subset/n24L_firstslots8 (already built for N=24)
  run: stdbuf -oL timeout 120 /work/tmp/qsb-firstslots8.LCmRUf/candidates/subset/n24L_firstslots8 /work/comps/yukon-glm-night/qsb-subset/benchmark-results/problem/subset.bin 0 4081224 970060878 1 0 single_hash
  → /work/comps/yukon-glm-night/qsb-subset/benchmark-results/run-subset.json: 335.7M/s, 40,602,898,608 candidates, 5338 hits
score.py: subset score = 370071546.0 verified candidates per second  →  /work/comps/yukon-glm-night/qsb-subset/score-subset.json

========================================================
  BENCH   : subset   GPU: RTX_4090
  N (zeros): 24   mode: fixed_time
  candidates (self-reported): 40,602,898,608  in 121.0s (harness clock)
  candidates (from N verified hits): 44,778,389,504
  grinder self-reported: 121.0s, 335.7 M/s (not scored)
  verified hits: 5338 / 5338
  hit rel. variance: 0.013687
    ⚠ verified hits (5338) outside expected Poisson band [4418,5263] for 40,602,898,608 candidates at N=24 (expected≈4840.2) — candidate count may be misreported
--------------------------------------------------------
  SCORE (throughput) : 370.0715 M/s        ← primary (from verified hits)
  SCORE (hit-rate)   : 44.115958 hits/s
  RESULT: PASS ✅ (scored)
========================================================
