benchmark.sh: benches=subset N=24 mode=fixed_time grinder=cmd:python3 harness/gpu_wrap.py --src candidates/subset/lab/n24L_producerscratch.cu seed=1789110211
benchmark.sh: === subset ===
  pinning: /work/comps/yukon-glm-night/qsb-subset/benchmark-results/problem/pinning.json  +  pinning.bin (219 bytes)  preimage=9995B
  subset: /work/comps/yukon-glm-night/qsb-subset/benchmark-results/problem/subset.json  +  subset.bin (1956 bytes)  preimage=9906B
problems generated (synthetic, seed=1789110211 — no real coin material)
▶ grinder: python3 harness/gpu_wrap.py --src candidates/subset/lab/n24L_producerscratch.cu --bench subset --zeros 24 --mode fixed_time --out /work/comps/yukon-glm-night/qsb-subset/benchmark-results/run-subset.json --seconds 120.0 --hits 200
  compile: reusing /work/comps/yukon-glm-night/qsb-subset/candidates/subset/lab/n24L_producerscratch (already built for N=24)
  run: stdbuf -oL timeout 120 /work/comps/yukon-glm-night/qsb-subset/candidates/subset/lab/n24L_producerscratch /work/comps/yukon-glm-night/qsb-subset/benchmark-results/problem/subset.bin 0 4081224 970060878 1 0 single_hash
  → /work/comps/yukon-glm-night/qsb-subset/benchmark-results/run-subset.json: 345.5M/s, 42,073,224,064 candidates, 5725 hits
score.py: subset score = 394201799.0 verified candidates per second  →  /work/comps/yukon-glm-night/qsb-subset/score-subset.json

========================================================
  BENCH   : subset   GPU: RTX_4090
  N (zeros): 24   mode: fixed_time
  candidates (self-reported): 42,073,224,064  in 121.8s (harness clock)
  candidates (from N verified hits): 48,024,780,800
  grinder self-reported: 121.8s, 345.5 M/s (not scored)
  verified hits: 5725 / 5725
  hit rel. variance: 0.013216
    ⚠ verified hits (5725) outside expected Poisson band [4586,5445] for 42,073,224,064 candidates at N=24 (expected≈5015.5) — candidate count may be misreported
--------------------------------------------------------
  SCORE (throughput) : 394.2018 M/s        ← primary (from verified hits)
  SCORE (hit-rate)   : 46.992520 hits/s
  RESULT: PASS ✅ (scored)
========================================================
