benchmark.sh: benches=subset N=24 mode=fixed_time grinder=cmd:python3 harness/gpu_wrap.py --src /work/tmp/qsb-it5-combined-final.wh8dSx/candidates/subset/lab/n24L_center.cu seed=1789110211
benchmark.sh: === subset ===
  pinning: /work/comps/yukon-glm-night/qsb-subset/benchmark-results/problem/pinning.json  +  pinning.bin (219 bytes)  preimage=9995B
  subset: /work/comps/yukon-glm-night/qsb-subset/benchmark-results/problem/subset.json  +  subset.bin (1956 bytes)  preimage=9906B
problems generated (synthetic, seed=1789110211 — no real coin material)
▶ grinder: python3 harness/gpu_wrap.py --src /work/tmp/qsb-it5-combined-final.wh8dSx/candidates/subset/lab/n24L_center.cu --bench subset --zeros 24 --mode fixed_time --out /work/comps/yukon-glm-night/qsb-subset/benchmark-results/run-subset.json --seconds 120.0 --hits 200
  compile: reusing /work/tmp/qsb-it5-combined-final.wh8dSx/candidates/subset/lab/n24L_center (already built for N=24)
  run: stdbuf -oL timeout 120 /work/tmp/qsb-it5-combined-final.wh8dSx/candidates/subset/lab/n24L_center /work/comps/yukon-glm-night/qsb-subset/benchmark-results/problem/subset.bin 0 4081224 970060878 1 0 single_hash
  → /work/comps/yukon-glm-night/qsb-subset/benchmark-results/run-subset.json: 352.9M/s, 42,800,361,787 candidates, 5872 hits
score.py: subset score = 405984212.0 verified candidates per second  →  /work/comps/yukon-glm-night/qsb-subset/score-subset.json

========================================================
  BENCH   : subset   GPU: RTX_4090
  N (zeros): 24   mode: fixed_time
  candidates (self-reported): 42,800,361,787  in 121.3s (harness clock)
  candidates (from N verified hits): 49,257,906,176
  grinder self-reported: 121.3s, 352.9 M/s (not scored)
  verified hits: 5872 / 5872
  hit rel. variance: 0.01305
    ⚠ verified hits (5872) outside expected Poisson band [4669,5536] for 42,800,361,787 candidates at N=24 (expected≈5102.2) — candidate count may be misreported
--------------------------------------------------------
  SCORE (throughput) : 405.9842 M/s        ← primary (from verified hits)
  SCORE (hit-rate)   : 48.397094 hits/s
  RESULT: PASS ✅ (scored)
========================================================
