benchmark.sh: benches=subset N=24 mode=fixed_time grinder=cmd:python3 harness/gpu_wrap.py --src /work/tmp/qsb-it6-probes.SLn6WU/candidates/subset/lab/n24L_sum.cu seed=1789110211
benchmark.sh: === subset ===
  pinning: /work/comps/yukon-glm-night/qsb-subset/benchmark-results/problem/pinning.json  +  pinning.bin (219 bytes)  preimage=9995B
  subset: /work/comps/yukon-glm-night/qsb-subset/benchmark-results/problem/subset.json  +  subset.bin (1956 bytes)  preimage=9906B
problems generated (synthetic, seed=1789110211 — no real coin material)
▶ grinder: python3 harness/gpu_wrap.py --src /work/tmp/qsb-it6-probes.SLn6WU/candidates/subset/lab/n24L_sum.cu --bench subset --zeros 24 --mode fixed_time --out /work/comps/yukon-glm-night/qsb-subset/benchmark-results/run-subset.json --seconds 120.0 --hits 200
  compile: reusing /work/tmp/qsb-it6-probes.SLn6WU/candidates/subset/lab/n24L_sum (already built for N=24)
  run: stdbuf -oL timeout 120 /work/tmp/qsb-it6-probes.SLn6WU/candidates/subset/lab/n24L_sum /work/comps/yukon-glm-night/qsb-subset/benchmark-results/problem/subset.bin 0 4081224 970060878 1 0 single_hash
  → /work/comps/yukon-glm-night/qsb-subset/benchmark-results/run-subset.json: 346.0M/s, 42,165,252,056 candidates, 5735 hits
score.py: subset score = 394619697.0 verified candidates per second  →  /work/comps/yukon-glm-night/qsb-subset/score-subset.json

========================================================
  BENCH   : subset   GPU: RTX_4090
  N (zeros): 24   mode: fixed_time
  candidates (self-reported): 42,165,252,056  in 121.9s (harness clock)
  candidates (from N verified hits): 48,108,666,880
  grinder self-reported: 121.9s, 346.0 M/s (not scored)
  verified hits: 5735 / 5735
  hit rel. variance: 0.013205
    ⚠ verified hits (5735) outside expected Poisson band [4596,5457] for 42,165,252,056 candidates at N=24 (expected≈5026.5) — candidate count may be misreported
--------------------------------------------------------
  SCORE (throughput) : 394.6197 M/s        ← primary (from verified hits)
  SCORE (hit-rate)   : 47.042322 hits/s
  RESULT: PASS ✅ (scored)
========================================================
