benchmark.sh: benches=subset N=24 mode=fixed_time grinder=cmd:python3 harness/gpu_wrap.py --src /work/tmp/qsb-inplace-lb5.YCm1Sk/candidates/subset/n24L_block128_inplace5.cu seed=1789110211
benchmark.sh: === subset ===
  pinning: /work/comps/yukon-glm-night/qsb-subset/benchmark-results/problem/pinning.json  +  pinning.bin (219 bytes)  preimage=9995B
  subset: /work/comps/yukon-glm-night/qsb-subset/benchmark-results/problem/subset.json  +  subset.bin (1956 bytes)  preimage=9906B
problems generated (synthetic, seed=1789110211 — no real coin material)
▶ grinder: python3 harness/gpu_wrap.py --src /work/tmp/qsb-inplace-lb5.YCm1Sk/candidates/subset/n24L_block128_inplace5.cu --bench subset --zeros 24 --mode fixed_time --out /work/comps/yukon-glm-night/qsb-subset/benchmark-results/run-subset.json --seconds 120.0 --hits 200
  compile: reusing /work/tmp/qsb-inplace-lb5.YCm1Sk/candidates/subset/n24L_block128_inplace5 (already built for N=24)
  run: stdbuf -oL timeout 120 /work/tmp/qsb-inplace-lb5.YCm1Sk/candidates/subset/n24L_block128_inplace5 /work/comps/yukon-glm-night/qsb-subset/benchmark-results/problem/subset.bin 0 4081224 970060878 1 0 single_hash
  → /work/comps/yukon-glm-night/qsb-subset/benchmark-results/run-subset.json: 222.1M/s, 26,970,607,581 candidates, 3784 hits
score.py: subset score = 261247036.0 verified candidates per second  →  /work/comps/yukon-glm-night/qsb-subset/score-subset.json

========================================================
  BENCH   : subset   GPU: RTX_4090
  N (zeros): 24   mode: fixed_time
  candidates (self-reported): 26,970,607,581  in 121.5s (harness clock)
  candidates (from N verified hits): 31,742,492,672
  grinder self-reported: 121.4s, 222.1 M/s (not scored)
  verified hits: 3784 / 3784
  hit rel. variance: 0.016256
    ⚠ verified hits (3784) outside expected Poisson band [2870,3560] for 26,970,607,581 candidates at N=24 (expected≈3215.1) — candidate count may be misreported
--------------------------------------------------------
  SCORE (throughput) : 261.2470 M/s        ← primary (from verified hits)
  SCORE (hit-rate)   : 31.143085 hits/s
  RESULT: PASS ✅ (scored)
========================================================
