  pinning: /mnt/d/kongtaoxing/qsb-subset/candidates/subset/research/split_pipeline/output-baseline-b/problems/pinning.json  +  pinning.bin (219 bytes)  preimage=9995B
  subset: /mnt/d/kongtaoxing/qsb-subset/candidates/subset/research/split_pipeline/output-baseline-b/problems/subset.json  +  subset.bin (1956 bytes)  preimage=9906B
problems generated (synthetic, seed=2026092501 — no real coin material)
▶ grinder: python3 /mnt/d/kongtaoxing/qsb-subset/candidates/subset/research/stage_profile/capture.py --src /mnt/d/kongtaoxing/qsb-subset/candidates/subset/research/split_pipeline/baseline.cu --no-build --bench subset --zeros 24 --mode fixed_time --out /mnt/d/kongtaoxing/qsb-subset/candidates/subset/research/split_pipeline/output-baseline-b/run.json --seconds 60.0 --hits 200
  compile: reusing /mnt/d/kongtaoxing/qsb-subset/candidates/subset/research/split_pipeline/baseline (already built for N=24)
  run: stdbuf -oL timeout 60 /mnt/d/kongtaoxing/qsb-subset/candidates/subset/research/split_pipeline/baseline /mnt/d/kongtaoxing/qsb-subset/candidates/subset/research/split_pipeline/output-baseline-b/problems/subset.bin 0 279549145 2399405719 1 0 single_hash
  → /mnt/d/kongtaoxing/qsb-subset/candidates/subset/research/split_pipeline/output-baseline-b/run.json: 243.6M/s, 14,632,811,537 candidates, 1738 hits

========================================================
  BENCH   : subset   GPU: RTX_4090
  N (zeros): 24   mode: fixed_time
  candidates (self-reported): 14,632,811,537  in 60.2s (harness clock)
  candidates (from N verified hits): 14,579,400,704
  grinder self-reported: 60.1s, 243.6 M/s (not scored)
  verified hits: 1738 / 1738
  hit rel. variance: 0.023987
--------------------------------------------------------
  SCORE (throughput) : 242.3680 M/s        ← primary (from verified hits)
  SCORE (hit-rate)   : 28.892509 hits/s
  RESULT: PASS ✅ (scored)
========================================================
