benchmark.sh: benches=subset N=24 mode=fixed_time grinder=cmd:python3 harness/gpu_wrap.py --src /work/tmp/qsb-launch4.e9ifzj/candidates/subset/n24L_launch4.cu seed=1789110211
benchmark.sh: === subset ===
  pinning: /work/comps/yukon-glm-night/qsb-subset/benchmark-results/problem/pinning.json  +  pinning.bin (219 bytes)  preimage=9995B
  subset: /work/comps/yukon-glm-night/qsb-subset/benchmark-results/problem/subset.json  +  subset.bin (1956 bytes)  preimage=9906B
problems generated (synthetic, seed=1789110211 — no real coin material)
▶ grinder: python3 harness/gpu_wrap.py --src /work/tmp/qsb-launch4.e9ifzj/candidates/subset/n24L_launch4.cu --bench subset --zeros 24 --mode fixed_time --out /work/comps/yukon-glm-night/qsb-subset/benchmark-results/run-subset.json --seconds 120.0 --hits 200
  compile: reusing /work/tmp/qsb-launch4.e9ifzj/candidates/subset/n24L_launch4 (already built for N=24)
  run: stdbuf -oL timeout 120 /work/tmp/qsb-launch4.e9ifzj/candidates/subset/n24L_launch4 /work/comps/yukon-glm-night/qsb-subset/benchmark-results/problem/subset.bin 0 4081224 970060878 1 0 single_hash
  → /work/comps/yukon-glm-night/qsb-subset/benchmark-results/run-subset.json: 344.3M/s, 41,850,986,017 candidates, 5571 hits
score.py: subset score = 384291331.0 verified candidates per second  →  /work/comps/yukon-glm-night/qsb-subset/score-subset.json

========================================================
  BENCH   : subset   GPU: RTX_4090
  N (zeros): 24   mode: fixed_time
  candidates (self-reported): 41,850,986,017  in 121.6s (harness clock)
  candidates (from N verified hits): 46,732,935,168
  grinder self-reported: 121.6s, 344.3 M/s (not scored)
  verified hits: 5571 / 5571
  hit rel. variance: 0.013398
    ⚠ verified hits (5571) outside expected Poisson band [4560,5418] for 41,850,986,017 candidates at N=24 (expected≈4989.0) — candidate count may be misreported
--------------------------------------------------------
  SCORE (throughput) : 384.2913 M/s        ← primary (from verified hits)
  SCORE (hit-rate)   : 45.811093 hits/s
  RESULT: PASS ✅ (scored)
========================================================
